avocado (version 1).csv
0,Date,AveragePrice,Total Volume,4046,4225,4770,type,year,region
21,8/7/2016,1.48,99683.11,14670.87,69054.28,10.90,conventional,2016,Albany
6,11/20/2016,1.56,70089.51,3675.63,56898.54,11.00,conventional,2016,Albany
46,2/14/2016,1.13,98008.16,1640.86,77133.01,12.00,conventional,2016,Albany
23,7/24/2016,1.46,98321.14,11580.64,65195.63,13.73,conventional,2016,Albany
5,11/27/2016,1.52,58171.89,2793.99,47106.18,18.14,conventional,2016,Albany
2,12/24/2017,1.45,77039.09,2811.71,58592.23,19.06,conventional,2017,Albany
1,12/31/2017,1.47,113514.42,2622.70,101135.53,20.25,conventional,2017,Albany
38,4/12/2015,1.13,48364.29,864.27,30374.15,21.50,conventional,2015,Albany
45,2/21/2016,1.28,99817.47,869.16,84484.99,24.98,conventional,2016,Albany
37,4/17/2016,1.22,86433.63,898.63,70042.60,25.00,conventional,2016,Albany
22,7/31/2016,1.61,125586.57,9293.65,96915.41,25.46,conventional,2016,Albany
20,8/14/2016,1.20,110528.09,24000.62,72970.23,26.76,conventional,2016,Albany
19,8/21/2016,1.43,94882.79,14520.36,63416.88,28.03,conventional,2016,Albany
28,6/19/2016,1.42,112817.51,6766.63,85374.27,30.07,conventional,2016,Albany
39,4/3/2016,0.85,81694.23,676.27,70459.66,31.20,conventional,2016,Albany
16,9/17/2017,1.41,80109.29,3986.20,66934.64,33.59,conventional,2017,Albany
9,11/5/2017,1.62,71076.94,2483.36,55509.31,33.88,conventional,2017,Albany
7,11/13/2016,1.62,63608.01,3523.63,49837.68,34.00,conventional,2016,Albany
11,10/22/2017,1.56,69704.09,3758.80,57340.30,35.48,conventional,2017,Albany
8,11/6/2016,1.63,57178.20,3212.04,43024.32,36.40,conventional,2016,Albany
40,3/27/2016,1.49,92529.27,808.50,78146.18,36.73,conventional,2016,Albany
27,6/26/2016,1.50,133086.66,7923.01,106656.84,37.42,conventional,2016,Albany
15,9/18/2016,1.39,79513.63,6624.37,63384.56,37.48,conventional,2016,Albany
35,5/1/2016,1.03,173781.78,884.01,163570.47,37.84,conventional,2016,Albany
38,4/10/2016,1.46,70253.30,972.15,56128.98,38.00,conventional,2016,Albany
16,9/11/2016,1.37,81473.15,6258.88,63511.85,42.26,conventional,2016,Albany
13,10/8/2017,1.78,55368.61,3679.82,45843.75,42.63,conventional,2017,Albany
0,1/7/2018,1.13,98540.22,2940.63,76192.61,42.63,conventional,2018,Albany
7,11/19/2017,1.65,97273.00,2695.00,80596.00,43.00,conventional,2017,Albany
36,4/24/2016,1.18,102490.20,954.60,87571.23,43.15,conventional,2016,Albany
14,9/25/2016,1.62,96853.15,7658.55,79425.81,43.25,conventional,2016,Albany
6,11/22/2015,1.26,55979.78,1184.27,48067.99,43.61,conventional,2015,Albany
11,1/14/2018,1.42,95246.38,2897.41,76570.67,44.00,conventional,2018,Albany
39,4/9/2017,1.54,105436.11,3708.13,87775.86,44.28,conventional,2017,Albany
10,10/23/2016,1.19,92080.35,4222.93,77537.36,46.00,conventional,2016,Albany
25,7/10/2016,1.11,131630.13,20970.24,96581.82,46.49,conventional,2016,Albany
37,4/19/2015,1.19,49064.73,774.15,33941.51,47.15,conventional,2015,Albany
5,2/25/2018,1.28,104278.89,10368.77,59723.32,48.00,conventional,2018,Albany
1,12/27/2015,1.33,64236.62,1036.74,54454.85,48.16,conventional,2015,Albany
0,1/4/2015,1.22,40873.28,2819.50,28287.42,49.90,conventional,2015,Albany
31,5/31/2015,1.23,95123.62,922.37,70469.69,50.55,conventional,2015,Albany
4,12/4/2016,1.48,113031.96,6530.78,99746.05,50.84,conventional,2016,Albany
50,1/17/2016,1.26,119972.41,1202.52,100613.46,51.22,conventional,2016,Albany
11,10/16/2016,1.40,69060.90,4027.42,54186.55,53.77,conventional,2016,Albany
18,8/28/2016,1.18,145323.22,34912.97,94928.79,53.85,conventional,2016,Albany
30,6/5/2016,1.47,115857.12,4288.46,92055.75,53.98,conventional,2016,Albany
9,10/30/2016,1.46,58375.10,3187.14,45898.52,54.31,conventional,2016,Albany
2,3/18/2018,1.35,105304.65,13234.86,61037.58,55.00,conventional,2018,Albany
9,1/28/2018,1.57,93625.03,3101.17,74627.23,55.59,conventional,2018,Albany
43,3/6/2016,1.27,90633.66,972.34,74693.31,56.26,conventional,2016,Albany
52,1/8/2017,1.55,91728.18,3355.47,75641.23,56.91,conventional,2017,Albany
44,3/5/2017,1.18,107354.25,3123.26,90784.49,57.86,conventional,2017,Albany
10,10/29/2017,1.67,69432.23,2959.76,57585.49,57.94,conventional,2017,Albany
2,12/20/2015,1.35,54876.98,674.28,44638.81,58.33,conventional,2015,Albany
32,5/24/2015,1.19,101470.91,680.27,71376.81,58.70,conventional,2015,Albany
32,5/22/2016,1.34,98863.64,929.07,74678.36,59.07,conventional,2016,Albany
42,3/13/2016,1.18,108264.90,847.64,96117.13,60.99,conventional,2016,Albany
7,2/11/2018,1.45,121804.36,8183.48,95548.47,61.00,conventional,2018,Albany
6,11/26/2017,1.50,62977.00,2413.00,49076.00,62.00,conventional,2017,Albany
12,10/15/2017,1.65,73574.89,3383.35,63355.37,62.45,conventional,2017,Albany
44,2/28/2016,1.26,87822.43,805.41,72159.95,63.13,conventional,2016,Albany
1,3/25/2018,1.57,149396.50,16361.69,109045.03,65.45,conventional,2018,Albany
49,1/24/2016,1.22,96089.13,545.37,70802.56,68.41,conventional,2016,Albany
48,1/31/2016,1.16,102038.32,1386.24,79881.67,69.46,conventional,2016,Albany
3,3/11/2018,1.12,144648.75,15823.35,110950.68,70.00,conventional,2018,Albany
41,3/20/2016,1.32,110401.88,764.97,97082.40,70.15,conventional,2016,Albany
41,3/26/2017,1.16,122951.65,3184.29,100854.22,70.17,conventional,2017,Albany
45,2/26/2017,1.40,88371.09,3190.28,73959.76,71.20,conventional,2017,Albany
19,8/27/2017,1.61,75471.56,2156.20,59831.83,71.46,conventional,2017,Albany
4,12/6/2015,1.08,78992.15,1132.00,71976.41,72.58,conventional,2015,Albany
15,9/24/2017,1.64,68539.64,2508.62,56023.16,74.82,conventional,2017,Albany
6,2/18/2018,1.43,85630.24,5499.73,61661.76,75.00,conventional,2018,Albany
5,11/29/2015,1.28,51039.60,941.48,43838.39,75.78,conventional,2015,Albany
14,10/1/2017,1.69,71205.11,4411.02,57416.25,77.85,conventional,2017,Albany
3,12/17/2017,1.43,70677.56,2578.95,50811.52,79.18,conventional,2017,Albany
8,11/8/2015,0.98,109428.33,703.75,101815.36,80.00,conventional,2015,Albany
24,7/17/2016,1.31,89228.02,9273.69,64260.69,80.07,conventional,2016,Albany
29,6/12/2016,1.38,111394.50,7531.24,83771.34,81.25,conventional,2016,Albany
36,4/30/2017,1.13,124926.39,2573.11,99451.52,81.89,conventional,2017,Albany
33,5/15/2016,1.36,96924.19,901.65,75847.91,82.97,conventional,2016,Albany
13,10/2/2016,1.51,75480.26,4109.22,57515.76,84.08,conventional,2016,Albany
37,4/23/2017,1.34,89327.10,4437.50,61512.84,84.45,conventional,2017,Albany
34,5/8/2016,1.27,120194.49,1041.95,96137.78,84.80,conventional,2016,Albany
9,11/1/2015,1.02,99811.42,1022.15,87315.57,85.34,conventional,2015,Albany
3,12/11/2016,1.49,71777.85,2323.39,56545.79,86.65,conventional,2016,Albany
17,9/4/2016,1.44,95456.26,14741.13,64966.75,88.11,conventional,2016,Albany
10,1/21/2018,1.69,135196.35,3133.37,116520.88,88.78,conventional,2018,Albany
43,3/12/2017,1.54,95713.29,2046.80,67162.63,89.32,conventional,2017,Albany
40,3/29/2015,1.02,67799.08,1402.28,58623.22,89.50,conventional,2015,Albany
36,4/26/2015,1.22,49585.46,875.65,35841.75,89.62,conventional,2015,Albany
30,6/7/2015,1.07,122743.06,656.71,99220.82,90.32,conventional,2015,Albany
7,11/15/2015,0.99,83453.76,1368.92,73672.72,93.26,conventional,2015,Albany
39,4/5/2015,1.16,47362.13,961.77,35577.66,93.76,conventional,2015,Albany
33,5/17/2015,1.43,109857.47,1150.55,81955.16,94.32,conventional,2015,Albany
4,3/4/2018,1.08,139520.60,12002.12,105069.57,95.62,conventional,2018,Albany
40,4/2/2017,1.62,92621.11,4530.80,68015.37,97.26,conventional,2017,Albany
42,3/15/2015,1.11,43045.79,2128.26,30447.17,99.67,conventional,2015,Albany
31,6/4/2017,1.70,84842.97,1923.04,72573.09,100.07,conventional,2017,Albany
13,10/4/2015,1.31,61007.10,2268.32,49880.67,101.36,conventional,2015,Albany
12,10/9/2016,1.13,101087.84,3641.46,87174.41,102.15,conventional,2016,Albany
31,5/29/2016,1.49,127812.25,2580.77,104876.94,103.64,conventional,2016,Albany
4,12/10/2017,1.29,92325.53,3220.05,75147.56,104.36,conventional,2017,Albany
12,10/11/2015,1.28,64489.17,1582.03,52677.92,105.32,conventional,2015,Albany
32,5/28/2017,1.80,121869.11,2345.65,106690.16,105.74,conventional,2017,Albany
51,1/10/2016,1.28,79121.77,848.19,66696.97,109.08,conventional,2016,Albany
47,2/7/2016,1.07,169614.01,2031.67,157271.87,109.88,conventional,2016,Albany
10,10/25/2015,1.07,74338.76,842.40,64757.44,113.00,conventional,2015,Albany
11,10/18/2015,1.12,84843.44,924.86,75595.85,117.07,conventional,2015,Albany
35,5/7/2017,1.47,127193.26,2473.53,87791.87,121.07,conventional,2017,Albany
18,9/3/2017,1.76,74297.64,4738.38,59299.03,121.57,conventional,2017,Albany
46,2/19/2017,1.67,95475.07,2702.57,81691.54,125.48,conventional,2017,Albany
51,1/11/2015,1.24,41195.08,1002.85,31640.34,127.12,conventional,2015,Albany
28,6/25/2017,1.53,89303.04,2224.67,74282.58,129.85,conventional,2017,Albany
20,8/20/2017,1.61,74620.33,1553.71,59028.13,130.14,conventional,2017,Albany
3,12/13/2015,0.93,118220.22,794.70,109149.67,130.50,conventional,2015,Albany
0,1/3/2016,1.03,149038.15,939.71,139735.90,132.35,conventional,2016,Albany
50,1/18/2015,1.17,44511.28,914.14,31540.32,135.77,conventional,2015,Albany
5,12/3/2017,1.39,139970.00,3772.00,126551.00,136.00,conventional,2017,Albany
17,9/10/2017,1.78,99645.88,3368.35,87155.11,136.96,conventional,2017,Albany
2,12/18/2016,1.53,68938.53,3345.36,55949.79,138.72,conventional,2016,Albany
42,3/19/2017,1.60,92774.61,2332.96,72033.15,140.57,conventional,2017,Albany
41,3/22/2015,1.12,46346.85,2141.83,34313.56,141.80,conventional,2015,Albany
16,9/13/2015,1.28,76111.27,985.73,65696.86,142.00,conventional,2015,Albany
8,2/4/2018,1.03,216738.47,7625.65,195725.06,143.53,conventional,2018,Albany
26,7/3/2016,1.42,115907.61,8373.77,82122.04,146.83,conventional,2016,Albany
15,9/20/2015,1.33,69759.01,1028.03,59313.12,150.50,conventional,2015,Albany
45,2/22/2015,1.07,45675.05,1088.38,35056.13,151.00,conventional,2015,Albany
14,9/27/2015,0.99,106803.39,1204.88,99409.21,154.84,conventional,2015,Albany
43,3/8/2015,1.07,40507.36,795.68,30370.64,159.05,conventional,2015,Albany
38,4/16/2017,1.62,90487.05,4362.98,71957.73,161.28,conventional,2017,Albany
47,2/8/2015,0.99,51253.97,1357.37,39111.81,163.25,conventional,2015,Albany
49,1/25/2015,1.06,45147.50,941.38,33196.16,164.14,conventional,2015,Albany
47,2/12/2017,1.42,97215.94,3808.43,81070.44,175.60,conventional,2017,Albany
48,2/1/2015,0.99,70873.60,1353.90,60017.20,179.32,conventional,2015,Albany
44,3/1/2015,0.99,55595.74,629.46,45633.34,181.49,conventional,2015,Albany
34,5/10/2015,1.26,120427.91,1420.43,102000.52,185.66,conventional,2015,Albany
21,8/13/2017,1.52,133070.41,1947.26,118605.14,186.67,conventional,2017,Albany
34,5/14/2017,1.77,96750.67,2804.86,80469.48,196.39,conventional,2017,Albany
0,1/1/2017,1.47,129948.23,4845.77,117027.41,200.36,conventional,2017,Albany
8,11/12/2017,1.26,113586.00,4509.00,96748.00,213.00,conventional,2017,Albany
35,5/3/2015,1.20,59197.67,919.87,45490.05,217.24,conventional,2015,Albany
46,2/15/2015,1.06,41567.62,986.66,30045.51,222.42,conventional,2015,Albany
17,9/6/2015,1.11,99172.96,879.45,90062.62,240.79,conventional,2015,Albany
23,7/30/2017,1.61,83599.96,1915.81,73287.66,321.62,conventional,2017,Albany
33,5/21/2017,1.38,100256.85,2307.02,86817.51,334.01,conventional,2017,Albany
18,8/30/2015,1.07,105693.84,689.01,94362.67,335.43,conventional,2015,Albany
22,8/6/2017,1.53,92938.17,2456.91,76509.07,336.06,conventional,2017,Albany
30,6/11/2017,1.65,91949.26,1989.84,76736.87,364.68,conventional,2017,Albany
21,8/9/2015,1.12,111140.93,584.63,100961.46,368.95,conventional,2015,Albany
20,8/16/2015,1.33,80043.78,539.65,68666.01,394.90,conventional,2015,Albany
1,12/25/2016,1.52,73341.73,3202.39,58280.33,426.92,conventional,2016,Albany
19,8/23/2015,1.34,79992.09,733.16,67933.79,444.78,conventional,2015,Albany
49,1/29/2017,1.31,95424.59,3844.62,78315.15,484.56,conventional,2017,Albany
26,7/9/2017,1.52,101331.41,2899.46,81929.02,494.51,conventional,2017,Albany
51,1/15/2017,1.55,88526.26,3327.65,71956.77,607.03,conventional,2017,Albany
29,6/18/2017,1.58,97079.34,2454.01,82154.43,723.07,conventional,2017,Albany
22,8/2/2015,1.45,75133.10,509.94,62035.06,741.08,conventional,2015,Albany
27,7/2/2017,1.56,98282.07,2808.47,79968.24,741.19,conventional,2017,Albany
24,7/23/2017,1.49,84416.61,1905.52,72533.28,940.58,conventional,2017,Albany
23,7/26/2015,1.11,106757.10,648.75,91949.05,966.61,conventional,2015,Albany
48,2/5/2017,1.49,183549.08,5666.60,165530.03,2119.02,conventional,2017,Albany
50,1/22/2017,1.59,128679.24,4119.94,111173.08,2191.71,conventional,2017,Albany
24,7/19/2015,1.26,96617.00,1042.10,82049.40,2238.02,conventional,2015,Albany
25,7/16/2017,1.39,102461.61,2468.78,86707.66,2546.08,conventional,2017,Albany
25,7/12/2015,1.05,124055.31,672.25,94693.52,4257.64,conventional,2015,Albany
29,6/14/2015,1.32,89631.30,850.58,55400.94,4377.19,conventional,2015,Albany
27,6/28/2015,1.37,89534.81,664.23,57545.79,4662.71,conventional,2015,Albany
28,6/21/2015,1.27,104849.39,804.01,76688.55,5481.18,conventional,2015,Albany
26,7/5/2015,1.35,109252.12,869.45,72600.55,5883.16,conventional,2015,Albany
