avocado (version 1).csv
0,Date,AveragePrice,Total Volume,4046,4225,4770,type,year,region
20,8/20/2017,1.43,475921.53,230252.90,49199.54,27.54,conventional,2017,Atlanta
15,9/24/2017,1.50,403780.43,222498.30,45024.88,34.48,conventional,2017,Atlanta
13,10/8/2017,1.60,411520.44,213442.97,32020.48,51.10,conventional,2017,Atlanta
35,5/1/2016,0.77,735635.49,241665.17,211776.98,54.42,conventional,2016,Atlanta
21,8/7/2016,1.04,508354.34,252171.77,63197.28,58.44,conventional,2016,Atlanta
44,3/5/2017,1.08,511362.62,237307.08,52012.07,62.73,conventional,2017,Atlanta
22,7/31/2016,0.98,537633.39,232640.52,76301.71,64.96,conventional,2016,Atlanta
21,8/13/2017,1.37,534058.70,251178.40,62180.62,64.99,conventional,2017,Atlanta
36,4/24/2016,0.79,654018.81,233878.10,189043.44,67.42,conventional,2016,Atlanta
22,8/6/2017,1.36,518140.33,252436.49,60584.70,69.99,conventional,2017,Atlanta
33,5/15/2016,0.68,755306.53,292232.77,166131.16,80.12,conventional,2016,Atlanta
0,1/4/2015,1.00,435021.49,364302.39,23821.16,82.15,conventional,2015,Atlanta
19,8/21/2016,0.94,549139.07,293240.47,48349.86,82.91,conventional,2016,Atlanta
20,8/14/2016,0.87,666493.32,362923.69,60912.98,86.59,conventional,2016,Atlanta
23,7/30/2017,1.34,472013.29,247038.63,60149.97,87.14,conventional,2017,Atlanta
16,9/17/2017,1.59,392935.20,204374.88,47135.66,92.68,conventional,2017,Atlanta
37,4/23/2017,1.21,530030.64,249318.38,55045.80,96.03,conventional,2017,Atlanta
45,2/26/2017,0.85,631507.77,302620.37,53782.78,96.57,conventional,2017,Atlanta
43,3/12/2017,1.21,469277.94,217624.69,48169.84,97.76,conventional,2017,Atlanta
19,8/27/2017,1.49,458036.12,230031.71,48132.94,99.72,conventional,2017,Atlanta
25,7/16/2017,1.20,582068.66,301471.59,63898.41,100.90,conventional,2017,Atlanta
30,6/11/2017,1.13,572838.59,318335.08,51385.66,101.41,conventional,2017,Atlanta
2,12/20/2015,1.08,331377.53,251774.15,20702.45,103.06,conventional,2015,Atlanta
11,10/16/2016,1.16,459564.78,188793.29,82089.21,103.96,conventional,2016,Atlanta
37,4/17/2016,0.89,512348.02,190569.75,124409.16,106.39,conventional,2016,Atlanta
27,7/2/2017,1.16,528297.88,248095.78,56275.22,109.99,conventional,2017,Atlanta
23,7/24/2016,1.00,495686.56,215522.82,92726.36,110.76,conventional,2016,Atlanta
17,9/10/2017,1.54,466988.83,241057.35,47619.22,111.21,conventional,2017,Atlanta
18,9/3/2017,1.53,433455.08,235645.56,47493.42,121.59,conventional,2017,Atlanta
18,8/28/2016,0.95,539642.66,294240.79,42109.47,123.63,conventional,2016,Atlanta
39,4/9/2017,1.23,465350.20,223170.21,48912.66,124.10,conventional,2017,Atlanta
17,9/4/2016,0.89,614657.03,356593.20,55475.65,130.69,conventional,2016,Atlanta
31,6/4/2017,1.08,710038.58,361265.98,55627.72,130.81,conventional,2017,Atlanta
14,9/25/2016,1.26,435756.80,174532.18,77098.81,131.95,conventional,2016,Atlanta
15,9/18/2016,1.01,527700.95,233800.98,70931.17,132.15,conventional,2016,Atlanta
41,3/26/2017,1.32,443514.95,222457.31,50731.36,132.95,conventional,2017,Atlanta
46,2/19/2017,0.86,563018.60,279494.45,52644.02,133.35,conventional,2017,Atlanta
40,4/2/2017,1.26,481933.74,226289.90,48770.22,139.77,conventional,2017,Atlanta
13,10/2/2016,1.26,440044.40,182418.33,69411.24,140.88,conventional,2016,Atlanta
38,4/16/2017,1.15,543227.58,237537.66,48907.53,143.78,conventional,2017,Atlanta
29,6/18/2017,1.20,492836.43,269328.71,49177.93,145.33,conventional,2017,Atlanta
42,3/19/2017,1.25,460990.81,215046.31,50085.35,147.93,conventional,2017,Atlanta
12,10/15/2017,1.64,406111.30,197442.90,34760.61,148.61,conventional,2017,Atlanta
28,6/25/2017,1.12,501274.14,249204.48,46343.42,149.89,conventional,2017,Atlanta
24,7/23/2017,1.24,518682.51,285745.92,65016.24,150.97,conventional,2017,Atlanta
12,10/9/2016,1.23,452109.18,187260.61,69425.23,156.52,conventional,2016,Atlanta
9,10/30/2016,1.26,408314.87,162367.80,69366.17,160.28,conventional,2016,Atlanta
24,7/17/2016,1.01,474063.61,202638.65,82942.03,164.21,conventional,2016,Atlanta
26,7/3/2016,0.77,789398.22,310551.19,150339.87,165.28,conventional,2016,Atlanta
10,10/23/2016,1.23,422281.05,171215.14,67824.33,166.14,conventional,2016,Atlanta
5,11/27/2016,1.22,372144.31,161631.62,55595.26,167.47,conventional,2016,Atlanta
6,11/20/2016,1.14,448936.04,189206.59,58005.57,167.63,conventional,2016,Atlanta
8,11/6/2016,1.29,393826.35,167083.47,65207.61,168.26,conventional,2016,Atlanta
51,1/15/2017,0.99,557377.82,249159.52,86964.23,169.63,conventional,2017,Atlanta
3,12/11/2016,1.06,422026.71,186343.72,56200.04,171.64,conventional,2016,Atlanta
27,6/26/2016,0.85,606856.80,272203.41,82764.12,173.96,conventional,2016,Atlanta
32,5/22/2016,0.79,585351.77,206761.15,110884.32,174.90,conventional,2016,Atlanta
50,1/22/2017,0.84,755472.09,320378.00,135920.57,179.13,conventional,2017,Atlanta
7,11/13/2016,1.25,408260.87,185966.29,63348.63,180.57,conventional,2016,Atlanta
4,12/6/2015,1.07,357636.82,283024.01,23740.85,181.92,conventional,2015,Atlanta
1,12/25/2016,0.91,502787.29,205855.78,86015.43,184.62,conventional,2016,Atlanta
16,9/11/2016,0.90,597759.18,286405.76,54347.66,206.41,conventional,2016,Atlanta
4,12/4/2016,1.03,475815.02,210602.15,93414.72,207.15,conventional,2016,Atlanta
38,4/12/2015,0.99,451101.89,377578.48,22419.95,219.14,conventional,2015,Atlanta
49,1/29/2017,0.95,627695.79,285147.95,86150.35,219.79,conventional,2017,Atlanta
43,3/8/2015,1.10,420826.32,361559.22,15788.71,236.97,conventional,2015,Atlanta
45,2/22/2015,1.10,431308.56,369316.29,18324.76,237.47,conventional,2015,Atlanta
36,4/30/2017,1.17,595539.82,304668.94,74961.15,240.51,conventional,2017,Atlanta
31,5/29/2016,0.78,691344.07,267460.99,154238.90,246.79,conventional,2016,Atlanta
35,5/7/2017,1.10,726726.65,377225.07,72058.11,248.63,conventional,2017,Atlanta
9,11/1/2015,0.99,419088.74,290457.50,62980.07,252.79,conventional,2015,Atlanta
34,5/8/2016,0.81,643699.77,199995.47,159036.97,253.52,conventional,2016,Atlanta
25,7/10/2016,0.92,560865.26,240109.35,95457.09,256.20,conventional,2016,Atlanta
40,3/29/2015,1.11,365722.14,305028.89,16651.99,261.01,conventional,2015,Atlanta
28,6/19/2016,0.78,692767.07,361697.69,96388.12,264.12,conventional,2016,Atlanta
3,12/13/2015,0.96,417772.47,324932.28,31019.08,275.80,conventional,2015,Atlanta
2,12/18/2016,0.94,463483.07,191753.03,80565.05,283.15,conventional,2016,Atlanta
11,10/18/2015,1.09,349072.48,228710.28,59731.79,291.22,conventional,2015,Atlanta
48,2/1/2015,0.96,636771.37,553198.56,31583.38,294.94,conventional,2015,Atlanta
1,12/27/2015,0.99,386100.49,292097.36,27350.92,297.90,conventional,2015,Atlanta
10,10/25/2015,1.09,358478.08,236814.29,64607.97,304.36,conventional,2015,Atlanta
41,3/22/2015,1.00,479590.62,393591.03,23419.60,304.89,conventional,2015,Atlanta
5,11/29/2015,0.99,333280.79,250288.65,28889.63,307.83,conventional,2015,Atlanta
42,3/15/2015,1.12,399566.22,336172.08,16508.21,310.70,conventional,2015,Atlanta
52,1/8/2017,0.98,601546.19,279265.77,77758.24,319.36,conventional,2017,Atlanta
47,2/12/2017,0.79,666871.06,355571.08,77241.13,325.51,conventional,2017,Atlanta
0,1/1/2017,0.93,547565.88,224073.54,118926.37,337.48,conventional,2017,Atlanta
44,3/1/2015,0.99,512532.44,441544.00,21183.70,347.78,conventional,2015,Atlanta
32,5/28/2017,1.23,523993.71,273538.26,50236.52,354.25,conventional,2017,Atlanta
14,10/1/2017,1.55,421235.13,222683.91,45065.96,366.89,conventional,2017,Atlanta
39,4/5/2015,1.04,383139.49,318473.47,19254.39,374.51,conventional,2015,Atlanta
0,1/3/2016,1.05,449263.47,350316.16,32958.06,396.68,conventional,2016,Atlanta
49,1/24/2016,0.92,528776.51,318372.94,86816.97,401.33,conventional,2016,Atlanta
48,1/31/2016,1.04,437490.64,290451.27,58974.21,412.16,conventional,2016,Atlanta
48,2/5/2017,0.83,888094.87,442152.50,167181.75,412.85,conventional,2017,Atlanta
47,2/7/2016,0.76,722211.00,415641.47,134517.41,418.98,conventional,2016,Atlanta
38,4/10/2016,0.83,590001.82,258662.26,141605.69,432.50,conventional,2016,Atlanta
26,7/9/2017,1.19,507337.70,233475.62,57935.64,442.12,conventional,2017,Atlanta
7,11/15/2015,1.13,339860.68,263915.78,28442.45,455.97,conventional,2015,Atlanta
51,1/10/2016,0.93,558348.80,377244.81,67316.04,464.46,conventional,2016,Atlanta
29,6/14/2015,1.10,465804.78,386370.50,17701.12,471.72,conventional,2015,Atlanta
8,11/8/2015,1.12,334041.60,250441.38,34483.33,488.24,conventional,2015,Atlanta
6,11/22/2015,1.00,356414.57,269799.03,29732.30,501.16,conventional,2015,Atlanta
50,1/18/2015,1.11,431490.99,372236.92,18701.90,511.69,conventional,2015,Atlanta
31,5/31/2015,1.10,454702.00,382900.99,19543.18,522.81,conventional,2015,Atlanta
47,2/8/2015,1.03,433883.91,377256.38,17162.50,524.85,conventional,2015,Atlanta
30,6/5/2016,0.75,691201.38,341027.59,123405.98,561.72,conventional,2016,Atlanta
49,1/25/2015,1.10,449332.85,393408.17,18718.27,594.25,conventional,2015,Atlanta
12,10/11/2015,0.95,433874.46,255933.32,91047.32,599.71,conventional,2015,Atlanta
46,2/15/2015,1.06,427391.28,364446.77,17420.41,638.18,conventional,2015,Atlanta
13,10/4/2015,0.96,418682.26,265797.09,92780.33,644.43,conventional,2015,Atlanta
50,1/17/2016,1.04,445089.93,308722.88,45915.91,654.09,conventional,2016,Atlanta
28,6/21/2015,0.99,554763.76,449311.47,30231.78,678.40,conventional,2015,Atlanta
14,9/27/2015,1.07,370321.17,262107.44,61870.63,680.80,conventional,2015,Atlanta
23,7/26/2015,1.08,437377.75,335372.02,44087.07,708.00,conventional,2015,Atlanta
16,9/13/2015,1.07,417232.18,278048.26,62485.97,714.93,conventional,2015,Atlanta
30,6/7/2015,0.99,551009.05,455565.92,22414.17,738.68,conventional,2015,Atlanta
27,6/28/2015,1.13,435210.71,331353.43,37698.53,816.56,conventional,2015,Atlanta
33,5/17/2015,1.11,451250.70,386400.89,18618.84,838.68,conventional,2015,Atlanta
26,7/5/2015,1.01,562462.33,436377.91,54675.38,848.55,conventional,2015,Atlanta
25,7/12/2015,1.14,407204.88,310080.33,37953.24,867.46,conventional,2015,Atlanta
37,4/19/2015,1.12,430966.34,368709.65,18040.85,873.24,conventional,2015,Atlanta
11,10/22/2017,1.49,406008.95,219172.21,35958.88,894.35,conventional,2017,Atlanta
6,11/26/2017,1.12,412213.00,211077.00,27773.00,903.00,conventional,2017,Atlanta
17,9/6/2015,0.97,472136.53,303113.24,73675.85,911.25,conventional,2015,Atlanta
3,12/17/2017,1.00,484326.63,231133.40,33481.83,915.94,conventional,2017,Atlanta
19,8/23/2015,1.12,379054.29,274462.42,46223.69,950.09,conventional,2015,Atlanta
1,12/31/2017,0.95,649352.59,341061.46,41818.27,961.18,conventional,2017,Atlanta
46,2/14/2016,0.97,481484.29,313342.08,57925.31,1008.13,conventional,2016,Atlanta
18,8/30/2015,1.15,382972.72,275818.27,44839.12,1034.09,conventional,2015,Atlanta
36,4/26/2015,1.12,448596.76,387676.81,18366.33,1041.78,conventional,2015,Atlanta
35,5/3/2015,1.00,634213.10,538403.48,28568.26,1059.73,conventional,2015,Atlanta
10,10/29/2017,1.28,493921.10,256988.66,36334.71,1083.81,conventional,2017,Atlanta
34,5/10/2015,1.10,480071.18,413452.96,18860.63,1089.33,conventional,2015,Atlanta
7,11/19/2017,1.13,453755.00,239860.00,31169.00,1109.00,conventional,2017,Atlanta
2,12/24/2017,1.11,444781.87,212413.82,30834.68,1112.56,conventional,2017,Atlanta
9,11/5/2017,1.08,567572.70,275749.63,32494.72,1124.72,conventional,2017,Atlanta
51,1/11/2015,1.11,397542.72,330411.24,18958.22,1135.18,conventional,2015,Atlanta
44,2/28/2016,0.90,555470.58,325884.06,106311.73,1136.70,conventional,2016,Atlanta
29,6/12/2016,0.78,608386.28,313216.34,61563.67,1174.78,conventional,2016,Atlanta
32,5/24/2015,0.96,623212.04,538126.94,27284.43,1260.80,conventional,2015,Atlanta
4,12/10/2017,0.99,543619.28,274345.62,38433.88,1302.16,conventional,2017,Atlanta
40,3/27/2016,0.98,458635.34,286918.40,59289.93,1320.02,conventional,2016,Atlanta
6,2/18/2018,1.04,538448.01,229255.93,30082.73,1325.82,conventional,2018,Atlanta
39,4/3/2016,1.03,423485.95,253540.83,69327.44,1349.18,conventional,2016,Atlanta
15,9/20/2015,0.93,516432.60,346118.51,82762.72,1349.41,conventional,2015,Atlanta
5,12/3/2017,1.07,504933.00,263807.00,32457.00,1390.00,conventional,2017,Atlanta
8,11/12/2017,1.11,518209.00,251896.00,31719.00,1398.00,conventional,2017,Atlanta
20,8/16/2015,1.09,465213.81,362579.51,41992.44,1424.96,conventional,2015,Atlanta
0,1/7/2018,0.98,713915.80,364463.12,47869.41,1459.65,conventional,2018,Atlanta
43,3/6/2016,1.03,458837.18,299983.46,61770.01,1499.40,conventional,2016,Atlanta
5,2/25/2018,1.06,586240.44,257877.67,35083.86,1579.38,conventional,2018,Atlanta
11,1/14/2018,1.10,670766.04,298975.97,60229.21,1604.90,conventional,2018,Atlanta
7,2/11/2018,0.87,723928.38,349354.58,39349.47,1608.23,conventional,2018,Atlanta
10,1/21/2018,1.10,639421.29,288131.95,56731.74,1612.56,conventional,2018,Atlanta
3,3/11/2018,0.96,695821.13,320199.40,36356.76,1628.73,conventional,2018,Atlanta
33,5/21/2017,1.20,526840.14,253792.75,49347.30,1650.70,conventional,2017,Atlanta
9,1/28/2018,1.08,559460.44,267126.26,37573.74,1661.80,conventional,2018,Atlanta
41,3/20/2016,0.98,496190.99,323216.82,61127.51,1727.11,conventional,2016,Atlanta
8,2/4/2018,0.86,957792.07,474887.68,55158.13,1755.05,conventional,2018,Atlanta
4,3/4/2018,1.08,594551.60,272245.24,37136.05,1763.52,conventional,2018,Atlanta
2,3/18/2018,0.95,730449.69,323507.79,36770.00,1828.28,conventional,2018,Atlanta
1,3/25/2018,1.04,624645.42,281209.40,33187.58,1831.33,conventional,2018,Atlanta
42,3/13/2016,0.90,588656.86,336350.73,110105.53,1906.90,conventional,2016,Atlanta
24,7/19/2015,0.97,557212.99,446100.17,47838.42,1982.03,conventional,2015,Atlanta
45,2/21/2016,1.04,417205.77,270173.33,61591.16,1996.32,conventional,2016,Atlanta
34,5/14/2017,1.18,568923.79,265556.05,49122.87,3491.08,conventional,2017,Atlanta
22,8/2/2015,1.15,405898.44,306587.86,41906.78,3515.48,conventional,2015,Atlanta
21,8/9/2015,1.01,503791.72,385027.71,47040.07,4251.74,conventional,2015,Atlanta
