avocado (version 1).csv
0,Date,AveragePrice,Total Volume,4046,4225,4770,type,year,region
5,2/25/2018,1.47,47421.15,1626.30,7913.27,49.45,organic,2018,Baltimore Washington
3,12/17/2017,1.58,34581.64,1256.76,7053.30,50.28,organic,2017,Baltimore Washington
14,10/1/2017,1.62,48973.13,2863.92,5844.08,56.27,organic,2017,Baltimore Washington
6,11/26/2017,1.69,31688.93,882.64,6845.96,64.40,organic,2017,Baltimore Washington
10,1/21/2018,1.66,38098.21,1450.87,9262.48,65.08,organic,2018,Baltimore Washington
19,8/27/2017,1.82,41523.58,4097.95,8674.09,66.86,organic,2017,Baltimore Washington
7,2/11/2018,1.53,46355.69,1457.17,9060.57,68.22,organic,2018,Baltimore Washington
12,10/15/2017,1.60,56559.22,939.94,8821.80,68.85,organic,2017,Baltimore Washington
11,10/22/2017,1.64,47486.93,815.38,10255.40,71.21,organic,2017,Baltimore Washington
16,9/17/2017,1.54,59452.63,2003.40,8036.61,72.28,organic,2017,Baltimore Washington
4,12/10/2017,1.51,41451.11,1979.76,6934.12,73.99,organic,2017,Baltimore Washington
7,11/19/2017,1.80,28942.29,839.81,7176.02,74.84,organic,2017,Baltimore Washington
9,11/5/2017,1.84,35881.70,1134.54,8053.87,75.70,organic,2017,Baltimore Washington
5,12/3/2017,1.58,38753.69,1415.83,7869.09,76.35,organic,2017,Baltimore Washington
2,3/18/2018,1.41,45505.00,2132.20,6130.50,76.41,organic,2018,Baltimore Washington
6,2/18/2018,1.52,51564.70,2125.96,12402.09,79.77,organic,2018,Baltimore Washington
13,10/8/2017,1.50,67233.45,2811.23,6844.10,80.66,organic,2017,Baltimore Washington
1,3/25/2018,1.33,57606.42,2002.40,5548.18,82.68,organic,2018,Baltimore Washington
8,2/4/2018,1.59,41615.66,1201.51,7408.22,85.69,organic,2018,Baltimore Washington
2,12/24/2017,1.56,35540.32,919.11,5886.28,89.47,organic,2017,Baltimore Washington
4,3/4/2018,1.43,43300.77,2360.20,6371.68,93.52,organic,2018,Baltimore Washington
15,9/24/2017,1.53,62464.93,2666.66,6252.03,94.49,organic,2017,Baltimore Washington
3,3/11/2018,1.44,48044.77,1885.84,6874.81,96.69,organic,2018,Baltimore Washington
10,10/29/2017,1.81,37155.43,986.73,9121.99,99.38,organic,2017,Baltimore Washington
17,9/10/2017,1.59,63283.62,2319.29,8702.11,102.72,organic,2017,Baltimore Washington
11,1/14/2018,1.39,66149.27,1264.25,10025.87,105.72,organic,2018,Baltimore Washington
8,11/12/2017,1.81,33641.31,823.07,7144.26,105.89,organic,2017,Baltimore Washington
20,8/20/2017,1.75,39133.75,924.94,8272.68,114.95,organic,2017,Baltimore Washington
23,7/30/2017,1.60,41846.93,1117.30,8371.18,115.39,organic,2017,Baltimore Washington
1,12/31/2017,1.53,40942.37,1177.45,7959.34,122.36,organic,2017,Baltimore Washington
24,7/23/2017,1.51,50322.79,763.36,8833.15,131.28,organic,2017,Baltimore Washington
0,1/7/2018,1.15,82282.71,1315.95,9962.10,134.19,organic,2018,Baltimore Washington
18,9/3/2017,1.68,58736.24,4534.00,8344.86,134.23,organic,2017,Baltimore Washington
30,6/11/2017,2.17,23607.15,1138.12,11797.51,140.20,organic,2017,Baltimore Washington
29,6/18/2017,2.20,22845.26,963.89,11778.12,141.79,organic,2017,Baltimore Washington
9,1/28/2018,1.55,44059.08,1236.06,8807.18,147.27,organic,2018,Baltimore Washington
22,8/6/2017,1.65,41701.43,1372.70,10746.78,148.14,organic,2017,Baltimore Washington
21,8/13/2017,1.66,40536.12,1099.85,6739.42,161.91,organic,2017,Baltimore Washington
25,7/16/2017,1.57,37981.09,845.67,4835.57,168.13,organic,2017,Baltimore Washington
28,6/25/2017,2.21,22445.91,792.09,11005.95,179.93,organic,2017,Baltimore Washington
32,5/28/2017,2.18,24730.84,1009.57,13030.82,180.99,organic,2017,Baltimore Washington
37,4/23/2017,2.14,24138.64,809.43,11476.21,188.34,organic,2017,Baltimore Washington
33,5/15/2016,1.70,16935.54,684.57,8702.37,189.88,organic,2016,Baltimore Washington
36,4/30/2017,2.15,25696.88,1412.92,11979.18,192.69,organic,2017,Baltimore Washington
26,7/9/2017,2.26,18665.31,1270.14,7508.32,197.39,organic,2017,Baltimore Washington
48,2/5/2017,1.85,17974.51,1373.51,6610.53,202.88,organic,2017,Baltimore Washington
33,5/21/2017,2.20,23209.10,1034.75,10982.81,206.24,organic,2017,Baltimore Washington
27,7/2/2017,2.20,23687.44,1028.08,12582.81,209.44,organic,2017,Baltimore Washington
31,6/4/2017,2.15,26345.64,1029.51,13920.73,217.02,organic,2017,Baltimore Washington
42,3/19/2017,2.06,18537.54,1109.47,7239.15,227.38,organic,2017,Baltimore Washington
35,5/7/2017,2.13,21753.01,964.17,9975.92,229.32,organic,2017,Baltimore Washington
3,12/11/2016,1.97,16245.80,820.43,6367.66,229.66,organic,2016,Baltimore Washington
1,12/25/2016,1.83,17061.38,802.28,5202.23,232.29,organic,2016,Baltimore Washington
44,3/5/2017,1.97,18082.67,1280.17,8000.14,234.64,organic,2017,Baltimore Washington
5,11/27/2016,2.17,12675.57,676.38,6554.56,239.91,organic,2016,Baltimore Washington
47,2/12/2017,1.85,18596.41,1309.10,7233.70,244.98,organic,2017,Baltimore Washington
36,4/24/2016,1.65,27335.53,969.19,12045.95,254.75,organic,2016,Baltimore Washington
46,2/19/2017,1.81,21623.61,1775.21,10428.06,261.83,organic,2017,Baltimore Washington
34,5/14/2017,2.11,25181.71,1025.83,12713.64,262.83,organic,2017,Baltimore Washington
4,12/4/2016,2.15,13989.25,947.03,6090.79,266.84,organic,2016,Baltimore Washington
46,2/14/2016,1.82,14927.44,625.56,7940.04,269.05,organic,2016,Baltimore Washington
39,4/9/2017,1.89,19114.94,854.07,10375.80,269.66,organic,2017,Baltimore Washington
43,3/12/2017,2.12,17418.01,1146.72,6980.50,270.77,organic,2017,Baltimore Washington
40,4/2/2017,1.97,23194.42,1558.12,11581.01,275.80,organic,2017,Baltimore Washington
39,4/3/2016,1.71,22270.50,648.91,9898.79,276.48,organic,2016,Baltimore Washington
32,5/22/2016,1.87,22054.10,623.71,9582.05,278.07,organic,2016,Baltimore Washington
42,3/13/2016,1.54,19068.45,851.45,8994.00,281.67,organic,2016,Baltimore Washington
45,2/21/2016,1.54,18004.14,602.10,10520.33,284.63,organic,2016,Baltimore Washington
14,9/25/2016,2.06,21533.64,538.08,10810.83,285.70,organic,2016,Baltimore Washington
37,4/17/2016,1.49,22368.16,2672.67,11275.80,293.07,organic,2016,Baltimore Washington
51,1/15/2017,1.82,20759.34,1359.33,8445.66,294.96,organic,2017,Baltimore Washington
18,8/28/2016,2.05,14070.94,1227.93,8991.09,300.67,organic,2016,Baltimore Washington
40,3/27/2016,1.65,17017.63,1397.56,7193.83,301.19,organic,2016,Baltimore Washington
45,2/26/2017,1.93,16773.14,1273.89,7291.17,302.05,organic,2017,Baltimore Washington
2,12/18/2016,1.86,14030.99,968.91,5004.91,302.95,organic,2016,Baltimore Washington
44,2/28/2016,1.62,14556.02,503.01,8253.43,308.93,organic,2016,Baltimore Washington
30,6/5/2016,1.75,22921.36,642.66,9973.85,312.59,organic,2016,Baltimore Washington
16,9/11/2016,2.14,20395.74,633.05,6730.70,315.82,organic,2016,Baltimore Washington
50,1/17/2016,1.59,14367.76,527.87,7394.43,316.27,organic,2016,Baltimore Washington
1,12/27/2015,1.51,14201.42,363.50,5263.20,318.34,organic,2015,Baltimore Washington
15,9/18/2016,2.06,22735.52,541.24,7808.25,321.42,organic,2016,Baltimore Washington
31,5/29/2016,1.70,23435.02,754.48,10667.23,322.07,organic,2016,Baltimore Washington
34,5/8/2016,1.52,21296.42,1619.89,11266.77,322.16,organic,2016,Baltimore Washington
0,1/1/2017,1.92,13901.46,1420.47,6298.07,325.44,organic,2017,Baltimore Washington
49,1/24/2016,1.58,18287.57,719.74,5525.36,327.28,organic,2016,Baltimore Washington
6,11/20/2016,2.03,13147.71,639.47,6753.59,330.46,organic,2016,Baltimore Washington
49,1/29/2017,1.85,17293.49,1050.68,7816.85,330.58,organic,2017,Baltimore Washington
13,10/2/2016,2.15,18289.28,482.96,9803.09,330.74,organic,2016,Baltimore Washington
35,5/1/2016,1.77,24200.98,1081.13,10151.03,331.51,organic,2016,Baltimore Washington
41,3/26/2017,1.97,20770.15,1316.49,9686.16,333.08,organic,2017,Baltimore Washington
3,12/13/2015,1.72,12403.85,550.57,4510.99,337.45,organic,2015,Baltimore Washington
43,3/6/2016,1.41,21611.10,658.79,10332.37,340.33,organic,2016,Baltimore Washington
50,1/22/2017,1.85,18486.41,1219.26,8061.11,345.66,organic,2017,Baltimore Washington
47,2/7/2016,1.66,17201.44,643.01,7814.15,346.10,organic,2016,Baltimore Washington
38,4/10/2016,1.73,22013.07,890.84,9254.97,351.61,organic,2016,Baltimore Washington
20,8/14/2016,1.76,16889.91,2206.71,10855.76,367.06,organic,2016,Baltimore Washington
29,6/12/2016,1.73,18801.30,719.94,10078.62,381.05,organic,2016,Baltimore Washington
48,1/31/2016,1.47,19026.20,680.27,7178.20,385.24,organic,2016,Baltimore Washington
41,3/20/2016,1.61,16332.76,1677.68,6707.40,390.33,organic,2016,Baltimore Washington
38,4/16/2017,1.96,24454.71,1248.30,11853.83,398.85,organic,2017,Baltimore Washington
51,1/10/2016,1.37,20518.45,495.49,6973.51,401.96,organic,2016,Baltimore Washington
28,6/19/2016,1.75,16906.19,1023.05,10027.84,405.82,organic,2016,Baltimore Washington
2,12/20/2015,1.67,9296.03,504.11,4702.33,419.14,organic,2015,Baltimore Washington
27,6/26/2016,1.89,20251.16,1820.68,9002.32,427.07,organic,2016,Baltimore Washington
17,9/4/2016,2.03,19197.78,705.28,9032.33,432.03,organic,2016,Baltimore Washington
5,11/29/2015,1.32,10961.82,536.38,5920.71,432.48,organic,2015,Baltimore Washington
4,12/6/2015,1.46,9717.55,432.82,4364.69,444.69,organic,2015,Baltimore Washington
52,1/8/2017,1.85,17989.43,1325.19,7679.48,444.80,organic,2017,Baltimore Washington
7,11/13/2016,2.20,11635.47,842.00,6128.37,449.44,organic,2016,Baltimore Washington
26,7/3/2016,1.99,17234.83,888.90,9004.84,454.36,organic,2016,Baltimore Washington
7,11/15/2015,1.64,6884.09,1133.05,4772.58,458.97,organic,2015,Baltimore Washington
6,11/22/2015,1.39,9576.59,587.25,6336.98,460.05,organic,2015,Baltimore Washington
8,11/6/2016,2.28,14538.30,815.52,7611.42,461.88,organic,2016,Baltimore Washington
19,8/21/2016,1.77,20525.55,2700.70,8409.95,466.60,organic,2016,Baltimore Washington
21,8/7/2016,1.87,18071.50,644.21,10561.49,472.39,organic,2016,Baltimore Washington
51,1/11/2015,1.22,26008.88,12258.26,7094.53,490.24,organic,2015,Baltimore Washington
22,7/31/2016,2.02,14788.87,895.68,10096.25,495.80,organic,2016,Baltimore Washington
0,1/3/2016,1.56,16106.89,581.45,6584.41,507.32,organic,2016,Baltimore Washington
15,9/20/2015,1.35,11150.19,1462.34,6346.51,519.67,organic,2015,Baltimore Washington
49,1/25/2015,1.41,15387.74,8097.26,5023.48,528.36,organic,2015,Baltimore Washington
25,7/10/2016,1.96,17213.93,672.55,9092.46,535.09,organic,2016,Baltimore Washington
23,7/24/2016,2.08,17266.59,739.82,9008.70,541.30,organic,2016,Baltimore Washington
8,11/8/2015,1.65,7159.03,2700.66,2975.05,566.83,organic,2015,Baltimore Washington
12,10/9/2016,1.87,18612.87,691.87,10306.33,575.87,organic,2016,Baltimore Washington
12,10/11/2015,1.53,9453.04,459.96,5639.91,597.61,organic,2015,Baltimore Washington
23,7/26/2015,1.72,8502.95,3682.42,3166.87,599.98,organic,2015,Baltimore Washington
14,9/27/2015,1.70,7552.49,429.46,4774.78,616.56,organic,2015,Baltimore Washington
19,8/23/2015,1.72,11555.75,4288.75,3541.08,635.31,organic,2015,Baltimore Washington
24,7/19/2015,1.81,8669.79,2230.70,2168.87,649.81,organic,2015,Baltimore Washington
0,1/4/2015,1.29,19137.28,8040.64,6557.47,657.48,organic,2015,Baltimore Washington
50,1/18/2015,1.41,14057.45,8148.89,4725.43,659.56,organic,2015,Baltimore Washington
13,10/4/2015,1.63,8857.68,451.99,6092.19,667.28,organic,2015,Baltimore Washington
45,2/22/2015,1.19,23920.36,12844.54,5815.13,667.62,organic,2015,Baltimore Washington
48,2/1/2015,1.15,27929.74,14635.12,8013.19,667.82,organic,2015,Baltimore Washington
11,10/16/2016,1.95,16843.53,824.95,9095.02,680.30,organic,2016,Baltimore Washington
9,10/30/2016,1.85,17148.36,546.41,12485.25,681.32,organic,2016,Baltimore Washington
11,10/18/2015,1.54,10215.96,772.28,6014.66,685.19,organic,2015,Baltimore Washington
9,11/1/2015,1.60,9421.09,3323.30,4105.67,687.55,organic,2015,Baltimore Washington
16,9/13/2015,1.60,11772.43,1450.32,5418.35,698.25,organic,2015,Baltimore Washington
39,4/5/2015,1.63,14551.96,8144.98,3199.51,708.11,organic,2015,Baltimore Washington
28,6/21/2015,1.69,10939.94,5224.23,2873.85,713.71,organic,2015,Baltimore Washington
18,8/30/2015,1.60,12626.20,2524.44,5164.04,715.02,organic,2015,Baltimore Washington
24,7/17/2016,1.98,21633.42,692.39,9119.83,716.33,organic,2016,Baltimore Washington
17,9/6/2015,1.58,14379.60,2634.99,5041.08,717.80,organic,2015,Baltimore Washington
22,8/2/2015,1.72,11937.63,3887.77,3335.55,719.46,organic,2015,Baltimore Washington
44,3/1/2015,1.58,15923.18,7386.79,4112.33,732.79,organic,2015,Baltimore Washington
43,3/8/2015,1.56,19053.84,6590.46,3908.46,745.13,organic,2015,Baltimore Washington
47,2/8/2015,1.43,14898.15,6050.10,4361.21,745.20,organic,2015,Baltimore Washington
42,3/15/2015,1.59,11586.41,6527.12,3390.64,745.35,organic,2015,Baltimore Washington
10,10/23/2016,1.81,17434.69,368.26,12887.66,756.29,organic,2016,Baltimore Washington
41,3/22/2015,1.25,16507.00,10883.75,4512.52,758.37,organic,2015,Baltimore Washington
25,7/12/2015,1.70,8904.20,4829.01,2707.82,759.55,organic,2015,Baltimore Washington
10,10/25/2015,1.59,11223.38,998.73,6750.34,768.94,organic,2015,Baltimore Washington
46,2/15/2015,1.56,16335.15,5709.50,3782.28,777.82,organic,2015,Baltimore Washington
40,3/29/2015,1.63,15847.83,7578.28,3597.75,786.94,organic,2015,Baltimore Washington
36,4/26/2015,1.70,13466.97,6339.49,3106.49,815.62,organic,2015,Baltimore Washington
21,8/9/2015,1.66,13132.64,3946.70,4109.96,836.42,organic,2015,Baltimore Washington
38,4/12/2015,1.66,15999.82,7671.04,3634.16,864.43,organic,2015,Baltimore Washington
20,8/16/2015,1.75,10280.59,4472.68,3521.79,864.71,organic,2015,Baltimore Washington
37,4/19/2015,1.64,15852.99,8223.03,3998.93,865.46,organic,2015,Baltimore Washington
27,6/28/2015,1.70,11718.49,5562.43,2728.68,882.13,organic,2015,Baltimore Washington
26,7/5/2015,1.69,12480.84,6639.93,3113.54,902.49,organic,2015,Baltimore Washington
29,6/14/2015,1.61,13924.11,5819.08,2943.69,956.31,organic,2015,Baltimore Washington
32,5/24/2015,1.69,17042.46,6716.44,3800.90,993.22,organic,2015,Baltimore Washington
30,6/7/2015,1.71,13808.71,5560.86,3115.87,1042.17,organic,2015,Baltimore Washington
31,5/31/2015,1.69,12640.64,5802.91,3268.67,1060.50,organic,2015,Baltimore Washington
34,5/10/2015,1.70,14499.46,6023.88,2924.01,1128.81,organic,2015,Baltimore Washington
35,5/3/2015,1.66,16396.29,6666.67,3755.62,1163.90,organic,2015,Baltimore Washington
33,5/17/2015,1.42,22470.42,6094.92,7358.76,3915.19,organic,2015,Baltimore Washington
