avocado (version 1).csv
0,Date,AveragePrice,Total Volume,4046,4225,4770,type,year,region
2,12/24/2017,1.41,624268.68,66338.96,363593.22,2679.60,conventional,2017,Baltimore Washington
3,12/17/2017,1.44,628735.17,67126.05,369810.83,2933.76,conventional,2017,Baltimore Washington
6,11/26/2017,1.43,629719.00,59916.00,377227.00,3440.00,conventional,2017,Baltimore Washington
7,11/19/2017,1.45,644740.00,64122.00,365922.00,3724.00,conventional,2017,Baltimore Washington
5,12/3/2017,1.43,658939.00,69819.00,407522.00,3789.00,conventional,2017,Baltimore Washington
8,11/12/2017,1.49,658693.00,78052.00,387453.00,3925.00,conventional,2017,Baltimore Washington
4,12/10/2017,1.13,940850.93,103332.38,546809.87,3979.72,conventional,2017,Baltimore Washington
9,11/5/2017,1.41,736468.07,93808.96,458177.74,4062.15,conventional,2017,Baltimore Washington
0,1/7/2018,1.50,771313.78,89883.07,466602.79,4167.07,conventional,2018,Baltimore Washington
10,10/29/2017,1.55,682236.82,62566.85,434269.43,4193.34,conventional,2017,Baltimore Washington
1,3/25/2018,1.23,986038.75,108250.52,591934.75,4205.03,conventional,2018,Baltimore Washington
11,1/14/2018,1.49,799726.89,91785.60,485963.15,4234.82,conventional,2018,Baltimore Washington
9,1/28/2018,1.12,1152539.42,115283.70,805041.45,4257.45,conventional,2018,Baltimore Washington
10,1/21/2018,1.18,1102213.13,129351.87,659069.49,4321.42,conventional,2018,Baltimore Washington
15,9/24/2017,1.59,676498.82,58682.06,451995.87,4487.70,conventional,2017,Baltimore Washington
11,10/22/2017,1.60,672066.53,60120.62,418176.99,4523.13,conventional,2017,Baltimore Washington
13,10/8/2017,1.71,598836.97,58351.00,380897.88,4554.55,conventional,2017,Baltimore Washington
6,2/18/2018,1.42,796515.52,92816.97,487724.44,4694.08,conventional,2018,Baltimore Washington
7,2/11/2018,1.41,900558.38,112222.95,545365.67,4700.52,conventional,2018,Baltimore Washington
16,9/17/2017,1.58,664501.74,55766.21,443692.78,4745.57,conventional,2017,Baltimore Washington
5,2/25/2018,1.37,836294.71,104218.01,479773.13,4765.70,conventional,2018,Baltimore Washington
14,10/1/2017,1.59,705451.50,57840.63,461605.20,4777.48,conventional,2017,Baltimore Washington
12,10/15/2017,1.66,667770.44,57542.76,426158.13,4901.97,conventional,2017,Baltimore Washington
1,12/31/2017,1.15,849487.62,66628.66,519460.20,4920.46,conventional,2017,Baltimore Washington
3,3/11/2018,1.36,874780.27,104341.22,484252.62,4933.91,conventional,2018,Baltimore Washington
2,3/18/2018,1.16,1113242.82,114754.38,505245.36,5034.83,conventional,2018,Baltimore Washington
17,9/10/2017,1.57,660103.83,52853.34,424593.63,5141.78,conventional,2017,Baltimore Washington
19,8/27/2017,1.66,653598.86,51628.46,402657.24,5171.88,conventional,2017,Baltimore Washington
20,8/20/2017,1.57,691636.14,58935.48,417107.93,5204.71,conventional,2017,Baltimore Washington
4,3/4/2018,1.25,988572.63,102687.68,619501.22,5269.13,conventional,2018,Baltimore Washington
22,8/6/2017,1.47,695848.77,60785.37,440986.27,5324.79,conventional,2017,Baltimore Washington
18,9/3/2017,1.62,671504.54,58996.88,435940.98,5348.28,conventional,2017,Baltimore Washington
23,7/30/2017,1.47,655426.21,57622.28,399898.30,5352.26,conventional,2017,Baltimore Washington
8,2/4/2018,1.12,1225103.27,139312.12,708495.55,5611.56,conventional,2018,Baltimore Washington
21,8/13/2017,1.48,697320.96,61461.48,431018.65,5629.49,conventional,2017,Baltimore Washington
25,7/16/2017,1.48,670476.49,64407.19,415327.90,5640.71,conventional,2017,Baltimore Washington
24,7/23/2017,1.48,692872.87,65421.16,435763.72,5663.76,conventional,2017,Baltimore Washington
34,5/14/2017,1.59,731952.61,67663.32,394707.17,6178.07,conventional,2017,Baltimore Washington
26,7/9/2017,1.64,701869.50,64096.37,448758.20,6202.11,conventional,2017,Baltimore Washington
29,6/18/2017,1.67,713471.14,62875.95,462835.50,6444.29,conventional,2017,Baltimore Washington
28,6/25/2017,1.65,693972.27,57367.81,446948.93,6496.32,conventional,2017,Baltimore Washington
39,4/9/2017,1.64,738255.19,71187.86,438985.90,6568.37,conventional,2017,Baltimore Washington
27,7/2/2017,1.60,672614.37,57584.22,397714.06,6602.84,conventional,2017,Baltimore Washington
42,3/19/2017,1.58,738956.53,70368.43,463108.00,6761.79,conventional,2017,Baltimore Washington
38,4/16/2017,1.70,717940.19,67839.51,439898.36,6834.65,conventional,2017,Baltimore Washington
32,5/28/2017,1.75,779183.52,66151.19,477777.76,7002.93,conventional,2017,Baltimore Washington
30,6/11/2017,1.65,744158.66,65666.00,475095.67,7177.12,conventional,2017,Baltimore Washington
33,5/21/2017,1.67,750139.67,70765.60,467149.29,7223.03,conventional,2017,Baltimore Washington
41,3/26/2017,1.60,739376.32,70467.54,462479.21,7285.09,conventional,2017,Baltimore Washington
40,4/2/2017,1.50,800801.84,82571.71,493953.33,7301.92,conventional,2017,Baltimore Washington
37,4/23/2017,1.67,749186.76,69674.09,458300.03,7322.93,conventional,2017,Baltimore Washington
31,6/4/2017,1.80,757909.72,62567.13,482039.31,7375.87,conventional,2017,Baltimore Washington
36,4/30/2017,1.69,761924.71,74466.51,471825.66,7668.11,conventional,2017,Baltimore Washington
5,11/27/2016,1.49,539924.84,46243.14,336731.88,8237.15,conventional,2016,Baltimore Washington
1,12/25/2016,1.47,550947.61,50818.61,344699.92,8529.79,conventional,2016,Baltimore Washington
2,12/18/2016,1.21,691008.74,57866.09,487109.62,8751.94,conventional,2016,Baltimore Washington
47,2/12/2017,1.24,925574.66,190311.92,538660.08,8822.74,conventional,2017,Baltimore Washington
43,3/12/2017,1.60,763783.58,72820.10,476272.30,9389.51,conventional,2017,Baltimore Washington
46,2/19/2017,1.38,721257.38,96158.54,434568.32,9538.66,conventional,2017,Baltimore Washington
52,1/8/2017,1.14,1029279.83,83249.92,750033.84,9793.59,conventional,2017,Baltimore Washington
45,2/26/2017,1.48,814376.97,82179.16,531502.16,9921.32,conventional,2017,Baltimore Washington
3,12/11/2016,1.35,599161.08,49240.17,375437.86,9977.23,conventional,2016,Baltimore Washington
35,5/7/2017,1.37,1097981.24,75658.43,722001.76,10048.95,conventional,2017,Baltimore Washington
4,12/4/2016,1.41,566956.23,52095.95,345132.36,10049.72,conventional,2016,Baltimore Washington
51,1/15/2017,1.48,749510.72,76382.33,472453.49,10119.64,conventional,2017,Baltimore Washington
49,1/29/2017,1.46,781538.81,81883.91,489023.96,10828.08,conventional,2017,Baltimore Washington
44,3/5/2017,1.33,880326.29,84608.63,591422.21,12152.67,conventional,2017,Baltimore Washington
39,4/3/2016,1.14,770876.88,61532.85,523512.27,12784.45,conventional,2016,Baltimore Washington
6,11/20/2016,1.60,566160.06,51078.68,309529.29,13095.11,conventional,2016,Baltimore Washington
38,4/10/2016,1.12,789348.02,64549.66,522216.25,13247.91,conventional,2016,Baltimore Washington
0,1/1/2017,1.47,631760.81,54530.42,408952.26,14387.01,conventional,2017,Baltimore Washington
35,5/1/2016,1.07,929492.14,67682.14,648816.85,15073.22,conventional,2016,Baltimore Washington
40,3/27/2016,1.19,781627.98,59850.43,523531.51,15295.40,conventional,2016,Baltimore Washington
18,8/28/2016,1.57,732545.70,72406.64,443668.36,15648.56,conventional,2016,Baltimore Washington
36,4/24/2016,1.13,915500.04,61118.12,638833.81,15861.03,conventional,2016,Baltimore Washington
37,4/17/2016,1.13,841839.93,59232.87,576827.09,15881.19,conventional,2016,Baltimore Washington
41,3/20/2016,1.10,880238.91,65397.00,614918.47,16342.85,conventional,2016,Baltimore Washington
33,5/15/2016,1.12,901689.79,58943.81,629734.43,16372.03,conventional,2016,Baltimore Washington
34,5/8/2016,0.95,1103888.28,75492.89,804251.93,16818.70,conventional,2016,Baltimore Washington
1,12/27/2015,1.17,596819.40,40450.49,394104.02,17353.79,conventional,2015,Baltimore Washington
42,3/13/2016,1.18,845574.79,59401.39,580134.23,18702.51,conventional,2016,Baltimore Washington
15,9/18/2016,1.50,732424.67,151204.91,367425.65,18808.75,conventional,2016,Baltimore Washington
2,12/20/2015,1.11,642682.40,44741.37,434590.82,19112.14,conventional,2015,Baltimore Washington
14,9/25/2016,1.58,678671.71,129774.30,347949.15,19205.77,conventional,2016,Baltimore Washington
13,10/2/2016,1.66,672759.70,78716.77,381624.67,19492.51,conventional,2016,Baltimore Washington
32,5/22/2016,1.19,837573.29,60638.26,540988.18,19544.87,conventional,2016,Baltimore Washington
11,10/16/2016,1.69,638848.04,63424.01,363924.96,19878.73,conventional,2016,Baltimore Washington
16,9/11/2016,1.34,885728.19,202958.24,494756.39,19881.72,conventional,2016,Baltimore Washington
5,11/29/2015,1.16,545800.05,41028.15,379156.09,20147.53,conventional,2015,Baltimore Washington
17,9/4/2016,1.51,762218.08,97714.06,442803.33,20154.92,conventional,2016,Baltimore Washington
44,2/28/2016,1.12,888570.06,61483.80,641585.11,20335.44,conventional,2016,Baltimore Washington
12,10/9/2016,1.59,676188.97,72775.70,395481.19,20639.81,conventional,2016,Baltimore Washington
43,3/6/2016,1.21,819706.70,62539.58,541218.77,21461.02,conventional,2016,Baltimore Washington
19,8/21/2016,1.48,727279.79,68443.67,413651.59,21950.39,conventional,2016,Baltimore Washington
50,1/22/2017,1.42,826941.93,81908.85,528125.52,22836.90,conventional,2017,Baltimore Washington
6,11/22/2015,1.12,572019.80,40867.80,386137.78,23343.49,conventional,2015,Baltimore Washington
49,1/24/2016,1.09,1022653.39,69829.09,689359.24,24029.92,conventional,2016,Baltimore Washington
3,12/13/2015,1.15,619509.33,44400.26,399851.59,24291.20,conventional,2015,Baltimore Washington
48,1/31/2016,1.11,748107.09,52641.93,506187.66,24482.29,conventional,2016,Baltimore Washington
20,8/14/2016,1.52,742291.98,68335.70,421188.86,24863.67,conventional,2016,Baltimore Washington
50,1/17/2016,1.17,836225.86,58788.02,535244.92,25662.38,conventional,2016,Baltimore Washington
4,12/6/2015,1.04,649141.25,51129.29,453586.50,25760.49,conventional,2015,Baltimore Washington
51,1/10/2016,1.17,780979.13,60261.38,511067.00,26791.33,conventional,2016,Baltimore Washington
10,10/23/2016,1.85,584275.61,56864.06,336433.69,27036.54,conventional,2016,Baltimore Washington
0,1/3/2016,1.11,816760.46,54491.78,583418.06,27147.33,conventional,2016,Baltimore Washington
9,10/30/2016,1.86,522546.62,58412.45,304616.52,27903.69,conventional,2016,Baltimore Washington
21,8/7/2016,1.52,746493.74,71154.97,432956.75,28505.15,conventional,2016,Baltimore Washington
7,11/13/2016,1.73,559978.64,64630.53,311687.85,28558.19,conventional,2016,Baltimore Washington
48,2/5/2017,1.09,1170444.52,174325.38,770463.22,29352.66,conventional,2017,Baltimore Washington
23,7/24/2016,1.64,719104.08,62896.92,422902.90,30142.23,conventional,2016,Baltimore Washington
22,7/31/2016,1.65,698627.62,64022.99,402053.22,31448.04,conventional,2016,Baltimore Washington
24,7/17/2016,1.47,730875.32,50831.98,400287.93,32758.16,conventional,2016,Baltimore Washington
47,2/8/2015,1.09,844931.21,71703.52,554857.41,37437.32,conventional,2015,Baltimore Washington
7,11/15/2015,1.04,718330.48,47109.75,503470.08,37990.29,conventional,2015,Baltimore Washington
49,1/25/2015,1.20,692934.46,49696.14,386398.73,39488.95,conventional,2015,Baltimore Washington
36,4/26/2015,1.29,747841.09,58013.85,431532.87,39942.57,conventional,2015,Baltimore Washington
0,1/4/2015,1.08,788025.06,53987.31,552906.04,39995.03,conventional,2015,Baltimore Washington
44,3/1/2015,1.16,770115.24,59039.85,498872.67,40241.65,conventional,2015,Baltimore Washington
50,1/18/2015,1.23,657741.34,49947.16,393359.60,40576.08,conventional,2015,Baltimore Washington
8,11/6/2016,1.80,537945.82,61458.87,284547.34,41286.91,conventional,2016,Baltimore Washington
39,4/5/2015,1.29,688065.45,53579.17,401279.47,41867.08,conventional,2015,Baltimore Washington
37,4/19/2015,1.28,762862.62,67486.78,427623.27,42125.28,conventional,2015,Baltimore Washington
13,10/4/2015,1.28,657444.04,35342.34,407609.95,42257.73,conventional,2015,Baltimore Washington
43,3/8/2015,1.26,657745.90,55284.80,367670.93,42267.91,conventional,2015,Baltimore Washington
16,9/13/2015,1.09,924993.61,55699.25,675524.33,42270.47,conventional,2015,Baltimore Washington
38,4/12/2015,1.15,837629.62,70796.72,523170.13,42270.76,conventional,2015,Baltimore Washington
41,3/22/2015,1.10,808897.21,65158.96,524971.24,42381.39,conventional,2015,Baltimore Washington
51,1/11/2015,1.17,670231.94,51460.64,420837.82,42526.96,conventional,2015,Baltimore Washington
18,8/30/2015,1.24,734721.29,48455.25,458207.46,42754.34,conventional,2015,Baltimore Washington
21,8/9/2015,1.16,821523.45,56362.75,557363.94,42933.87,conventional,2015,Baltimore Washington
20,8/16/2015,1.14,882754.72,86492.03,597184.73,43102.61,conventional,2015,Baltimore Washington
30,6/7/2015,1.26,794310.29,62585.45,462951.05,43720.95,conventional,2015,Baltimore Washington
40,3/29/2015,1.25,663677.32,58098.15,398050.87,43759.68,conventional,2015,Baltimore Washington
25,7/10/2016,1.37,831187.91,64925.62,489314.56,44218.72,conventional,2016,Baltimore Washington
31,5/29/2016,1.19,890196.73,61989.17,577334.28,44265.84,conventional,2016,Baltimore Washington
34,5/10/2015,1.26,855205.82,79192.07,507104.15,44390.54,conventional,2015,Baltimore Washington
22,8/2/2015,1.17,800603.23,53957.63,535167.10,44749.58,conventional,2015,Baltimore Washington
33,5/17/2015,1.27,790853.86,63515.06,455166.65,44840.98,conventional,2015,Baltimore Washington
23,7/26/2015,1.20,772926.12,52746.41,496508.65,45010.81,conventional,2015,Baltimore Washington
15,9/20/2015,1.17,709268.62,39619.87,450283.01,45336.12,conventional,2015,Baltimore Washington
31,5/31/2015,1.19,949177.06,67744.84,617813.87,45832.80,conventional,2015,Baltimore Washington
46,2/15/2015,1.25,637319.34,49751.74,361677.37,45900.05,conventional,2015,Baltimore Washington
42,3/15/2015,1.24,693698.13,53400.14,395837.01,46596.22,conventional,2015,Baltimore Washington
30,6/5/2016,1.33,860858.18,61074.05,537895.97,46714.72,conventional,2016,Baltimore Washington
19,8/23/2015,1.16,783935.36,59242.02,499100.39,47216.18,conventional,2015,Baltimore Washington
47,2/7/2016,1.10,966321.00,73754.24,621956.14,48009.43,conventional,2016,Baltimore Washington
29,6/14/2015,1.09,955046.82,64005.15,593499.63,48344.86,conventional,2015,Baltimore Washington
27,6/26/2016,1.36,830072.50,62585.19,509113.95,48949.85,conventional,2016,Baltimore Washington
10,10/25/2015,1.19,656892.03,53766.25,397911.35,49085.74,conventional,2015,Baltimore Washington
11,10/18/2015,0.99,1005603.78,59121.55,745385.26,49171.33,conventional,2015,Baltimore Washington
32,5/24/2015,1.18,908661.83,63610.12,560740.03,49808.51,conventional,2015,Baltimore Washington
26,7/3/2016,1.38,844337.61,63050.59,501970.38,50114.65,conventional,2016,Baltimore Washington
24,7/19/2015,1.18,800194.34,52954.94,496206.47,50319.84,conventional,2015,Baltimore Washington
25,7/12/2015,1.10,850931.58,58827.99,547537.41,50679.01,conventional,2015,Baltimore Washington
8,11/8/2015,1.05,830967.23,58579.27,576512.71,51035.04,conventional,2015,Baltimore Washington
27,6/28/2015,1.15,862261.64,65051.95,534535.21,51109.85,conventional,2015,Baltimore Washington
28,6/21/2015,1.16,862840.73,58398.76,527866.50,51952.74,conventional,2015,Baltimore Washington
28,6/19/2016,1.37,850692.30,61789.19,523095.26,54129.89,conventional,2016,Baltimore Washington
45,2/21/2016,1.20,739486.27,51913.21,446499.20,54665.59,conventional,2016,Baltimore Washington
29,6/12/2016,1.34,850862.92,73620.83,507383.48,55744.03,conventional,2016,Baltimore Washington
26,7/5/2015,1.16,896298.77,66504.67,567640.70,56044.51,conventional,2015,Baltimore Washington
12,10/11/2015,1.24,653560.14,34707.02,392008.60,58490.10,conventional,2015,Baltimore Washington
9,11/1/2015,1.12,742220.67,51860.07,473819.14,58615.76,conventional,2015,Baltimore Washington
14,9/27/2015,1.19,696281.81,34309.05,451061.03,59018.61,conventional,2015,Baltimore Washington
46,2/14/2016,1.11,905144.72,72824.97,596869.49,60290.41,conventional,2016,Baltimore Washington
45,2/22/2015,1.11,749845.79,50501.07,445970.56,62611.61,conventional,2015,Baltimore Washington
17,9/6/2015,1.18,823623.36,63903.73,522568.44,68180.35,conventional,2015,Baltimore Washington
35,5/3/2015,1.17,896972.05,73038.46,536709.99,77537.43,conventional,2015,Baltimore Washington
48,2/1/2015,1.06,1007418.76,93166.54,666010.38,83652.48,conventional,2015,Baltimore Washington
