avocado (version 1).csv
0,Date,AveragePrice,Total Volume,4046,4225,4770,type,year,region
28,6/19/2016,0.70,129020.17,36119.41,6692.38,2.00,conventional,2016,Boise
22,7/31/2016,0.78,69620.36,30747.49,1920.50,2.53,conventional,2016,Boise
21,8/7/2016,0.76,70711.46,32775.33,2002.12,2.53,conventional,2016,Boise
29,6/12/2016,0.67,68721.61,34791.42,2578.94,2.63,conventional,2016,Boise
32,5/22/2016,0.65,75996.51,32112.63,3221.12,2.65,conventional,2016,Boise
25,7/10/2016,0.75,132511.44,39211.45,4977.23,3.06,conventional,2016,Boise
23,7/24/2016,0.74,65580.47,26990.40,1685.17,3.26,conventional,2016,Boise
24,7/17/2016,0.70,69052.66,27671.07,1614.16,6.29,conventional,2016,Boise
31,5/29/2016,0.63,82549.14,29694.73,4570.07,6.61,conventional,2016,Boise
34,5/8/2016,0.61,106409.67,43200.28,5397.41,7.29,conventional,2016,Boise
27,6/26/2016,0.69,127961.84,34024.13,5853.32,9.30,conventional,2016,Boise
30,6/5/2016,0.63,95948.06,31280.00,5422.61,11.56,conventional,2016,Boise
26,7/3/2016,0.77,136377.55,36208.26,6421.90,12.16,conventional,2016,Boise
33,5/15/2016,0.58,95143.57,34103.08,6201.35,15.58,conventional,2016,Boise
36,4/24/2016,0.65,79562.45,36437.80,2849.95,590.88,conventional,2016,Boise
49,1/25/2015,1.03,66069.21,51922.06,7555.95,2061.16,conventional,2015,Boise
45,2/22/2015,0.99,76836.10,50872.00,16374.74,2122.09,conventional,2015,Boise
50,1/18/2015,1.08,62870.49,50354.95,6342.37,2257.23,conventional,2015,Boise
0,1/4/2015,1.01,80034.32,44562.12,24964.23,2752.35,conventional,2015,Boise
48,2/1/2015,0.91,113578.24,67496.30,36532.33,2904.77,conventional,2015,Boise
33,5/17/2015,0.96,77987.53,61319.66,7393.99,2919.87,conventional,2015,Boise
42,3/15/2015,1.00,65918.28,51472.29,7018.29,2981.80,conventional,2015,Boise
47,2/8/2015,1.07,69970.75,54229.34,9647.24,3047.00,conventional,2015,Boise
40,3/29/2015,0.98,74543.98,59532.94,7119.52,3101.98,conventional,2015,Boise
29,6/14/2015,0.99,87607.71,58791.25,17880.43,3135.99,conventional,2015,Boise
37,4/19/2015,0.99,89694.96,56843.62,21630.90,3260.22,conventional,2015,Boise
51,1/11/2015,1.18,57355.52,38112.34,10997.54,3321.89,conventional,2015,Boise
36,4/26/2015,0.96,88111.17,69544.59,7985.48,3401.65,conventional,2015,Boise
44,3/1/2015,1.06,75046.37,40578.00,23738.56,3491.83,conventional,2015,Boise
14,9/27/2015,0.99,64187.80,47007.35,5754.04,3663.30,conventional,2015,Boise
4,12/4/2016,1.01,72471.63,34194.72,2996.30,3771.85,conventional,2016,Boise
39,4/5/2015,1.09,76704.46,57339.81,9060.49,3790.38,conventional,2015,Boise
21,8/9/2015,1.10,61286.98,44739.54,5034.00,3931.19,conventional,2015,Boise
27,6/28/2015,1.04,75280.41,59111.33,6573.26,3974.75,conventional,2015,Boise
31,5/31/2015,0.97,76689.38,57373.57,7421.36,4028.30,conventional,2015,Boise
11,10/22/2017,1.43,83842.86,49926.45,2947.99,4055.92,conventional,2017,Boise
4,12/6/2015,0.71,95295.34,35590.98,12526.50,4086.26,conventional,2015,Boise
3,12/11/2016,0.80,98346.80,30311.25,10382.62,4088.10,conventional,2016,Boise
35,5/3/2015,1.00,85466.99,66880.12,7942.34,4289.72,conventional,2015,Boise
19,8/23/2015,1.05,70773.76,44059.22,14861.33,4433.12,conventional,2015,Boise
9,11/5/2017,1.21,81104.74,40651.49,1848.89,4629.02,conventional,2017,Boise
8,11/12/2017,1.23,81827.00,37876.00,2047.00,4630.00,conventional,2017,Boise
19,8/21/2016,0.90,84013.04,40944.28,2078.24,4694.68,conventional,2016,Boise
49,1/24/2016,0.90,58434.39,18003.36,4208.29,4714.06,conventional,2016,Boise
37,4/17/2016,0.67,109590.28,41244.44,9075.77,4729.87,conventional,2016,Boise
4,12/10/2017,1.08,85496.29,53165.53,1936.25,4746.44,conventional,2017,Boise
2,12/24/2017,1.18,71004.42,39116.52,2348.06,4750.61,conventional,2017,Boise
10,10/29/2017,1.44,68520.83,33724.32,2180.13,4757.31,conventional,2017,Boise
45,2/21/2016,0.74,93951.14,37807.51,9084.55,4890.81,conventional,2016,Boise
12,10/15/2017,1.83,58062.20,30892.83,2910.65,5019.97,conventional,2017,Boise
6,11/26/2017,1.44,54681.00,28307.00,1707.00,5116.00,conventional,2017,Boise
14,10/1/2017,1.80,58602.78,33499.14,2015.33,5127.60,conventional,2017,Boise
38,4/10/2016,0.82,86897.72,44344.90,3303.93,5340.61,conventional,2016,Boise
0,1/3/2016,0.77,106106.95,43868.70,10276.84,5431.66,conventional,2016,Boise
22,8/2/2015,1.07,67763.91,51151.27,5140.89,5435.36,conventional,2015,Boise
23,7/26/2015,1.07,67826.07,50978.38,4856.27,5479.57,conventional,2015,Boise
16,9/17/2017,1.73,65336.49,35146.94,2637.92,5498.75,conventional,2017,Boise
5,11/27/2016,1.22,51941.45,23774.54,2187.17,5526.29,conventional,2016,Boise
21,8/13/2017,1.51,70716.83,36652.25,3646.53,5544.33,conventional,2017,Boise
2,12/18/2016,1.02,64421.58,28725.38,2337.22,5562.76,conventional,2016,Boise
24,7/19/2015,1.09,63958.04,45921.60,5300.30,5565.17,conventional,2015,Boise
15,9/24/2017,1.78,56671.53,29755.87,1936.46,5658.57,conventional,2017,Boise
7,11/19/2017,1.42,60602.00,31177.00,2085.00,5660.00,conventional,2017,Boise
14,9/25/2016,0.91,87557.13,39342.09,2342.03,5737.02,conventional,2016,Boise
28,6/21/2015,1.06,81397.07,52790.21,15444.74,5875.85,conventional,2015,Boise
1,12/27/2015,0.97,62909.69,30482.25,2971.94,5894.40,conventional,2015,Boise
18,8/28/2016,0.99,78599.85,36837.75,1982.25,5918.50,conventional,2016,Boise
5,11/29/2015,1.06,49069.13,24189.98,2789.67,6031.49,conventional,2015,Boise
19,8/27/2017,1.30,93803.53,45399.28,2514.25,6033.78,conventional,2017,Boise
32,5/24/2015,1.03,83209.77,54825.95,14839.33,6037.23,conventional,2015,Boise
7,11/13/2016,1.28,67212.14,32035.36,3042.08,6078.72,conventional,2016,Boise
13,10/8/2017,1.89,56087.36,28952.89,2680.35,6108.00,conventional,2017,Boise
17,9/10/2017,1.76,66479.27,36441.41,2816.58,6160.18,conventional,2017,Boise
1,12/31/2017,1.13,79646.97,38196.44,1706.22,6263.00,conventional,2017,Boise
8,11/8/2015,1.11,55847.79,31910.27,4651.88,6285.73,conventional,2015,Boise
39,4/3/2016,0.82,97650.29,45952.69,5362.40,6316.00,conventional,2016,Boise
10,1/21/2018,1.25,88727.77,49711.32,2157.11,6343.03,conventional,2018,Boise
16,9/11/2016,0.89,89822.98,41793.11,1783.77,6411.87,conventional,2016,Boise
9,11/1/2015,1.14,53585.51,30434.99,4359.52,6428.27,conventional,2015,Boise
42,3/13/2016,0.83,100144.93,45571.10,4920.83,6448.33,conventional,2016,Boise
20,8/16/2015,1.12,64001.61,46189.28,5258.21,6457.21,conventional,2015,Boise
3,12/13/2015,0.99,58461.05,27148.61,2985.73,6458.44,conventional,2015,Boise
46,2/15/2015,1.14,61221.98,41547.87,7840.31,6492.94,conventional,2015,Boise
7,11/15/2015,1.01,68648.22,24424.72,12085.72,6502.37,conventional,2015,Boise
18,9/3/2017,1.68,64354.65,30130.01,3171.02,6522.54,conventional,2017,Boise
10,10/25/2015,1.11,59874.45,29521.58,10089.82,6551.57,conventional,2015,Boise
12,10/9/2016,1.03,84234.53,38087.17,2089.42,6562.37,conventional,2016,Boise
20,8/14/2016,0.93,88787.27,43525.98,1959.35,6569.03,conventional,2016,Boise
11,10/18/2015,1.16,54191.14,29614.23,9069.38,6586.27,conventional,2015,Boise
16,9/13/2015,1.08,64208.84,45738.83,4393.90,6593.46,conventional,2015,Boise
46,2/14/2016,0.94,78070.34,38043.20,5302.57,6617.29,conventional,2016,Boise
15,9/20/2015,1.03,73952.90,34826.90,21592.13,6640.07,conventional,2015,Boise
3,12/17/2017,1.29,65090.38,31969.34,1752.04,6655.62,conventional,2017,Boise
30,6/7/2015,1.12,80751.29,61245.49,7237.55,6655.69,conventional,2015,Boise
6,11/22/2015,1.09,52875.58,25408.86,3255.97,6662.80,conventional,2015,Boise
1,12/25/2016,1.03,71168.92,27464.22,2892.64,6681.19,conventional,2016,Boise
11,10/16/2016,1.09,77804.54,35485.60,2006.71,6689.31,conventional,2016,Boise
10,10/23/2016,1.17,70652.14,27935.70,3769.48,6919.11,conventional,2016,Boise
15,9/18/2016,0.97,82377.77,39719.19,2199.34,6951.12,conventional,2016,Boise
9,1/28/2018,1.12,105025.45,66653.80,1971.68,6961.61,conventional,2018,Boise
24,7/23/2017,1.51,70783.80,36289.63,3129.50,7061.55,conventional,2017,Boise
17,9/4/2016,1.01,79683.06,37233.67,2055.59,7067.38,conventional,2016,Boise
13,10/2/2016,0.90,106259.51,27542.88,8194.14,7082.70,conventional,2016,Boise
5,12/3/2017,1.14,86646.00,38662.00,1518.00,7094.00,conventional,2017,Boise
6,11/20/2016,1.27,62526.51,28834.32,2463.45,7123.14,conventional,2016,Boise
23,7/30/2017,1.54,72020.82,36727.08,3472.94,7264.42,conventional,2017,Boise
41,3/22/2015,1.17,61419.11,44227.33,6589.77,7290.24,conventional,2015,Boise
43,3/6/2016,0.86,97421.21,41714.26,5373.09,7307.07,conventional,2016,Boise
9,10/30/2016,1.34,59788.57,25832.98,3018.08,7311.55,conventional,2016,Boise
20,8/20/2017,1.37,88030.54,42285.45,2840.46,7323.21,conventional,2017,Boise
2,12/20/2015,1.03,57504.05,25628.22,2546.09,7393.84,conventional,2015,Boise
43,3/8/2015,1.14,65350.24,45879.84,7206.22,7403.75,conventional,2015,Boise
25,7/12/2015,1.05,74677.72,51828.75,5802.65,7474.40,conventional,2015,Boise
0,1/7/2018,1.30,85697.65,45936.53,2658.28,7511.15,conventional,2018,Boise
38,4/12/2015,1.19,66246.30,44469.15,8506.36,7523.01,conventional,2015,Boise
13,10/4/2015,1.12,59496.33,35154.43,10821.85,7551.63,conventional,2015,Boise
12,10/11/2015,0.94,80904.19,26114.19,33415.88,7604.48,conventional,2015,Boise
22,8/6/2017,1.54,73710.09,37252.55,3802.70,7644.86,conventional,2017,Boise
28,6/25/2017,1.20,95071.28,41340.98,3573.62,7667.69,conventional,2017,Boise
8,11/6/2016,1.37,59587.14,24935.25,2893.68,7688.17,conventional,2016,Boise
2,3/18/2018,1.03,119045.04,49145.38,6654.76,7737.62,conventional,2018,Boise
26,7/9/2017,0.98,125786.14,47772.28,3135.19,7817.34,conventional,2017,Boise
34,5/10/2015,1.06,95788.53,62505.30,15896.54,7891.16,conventional,2015,Boise
18,8/30/2015,1.19,60099.83,40926.77,5809.92,7922.58,conventional,2015,Boise
31,6/4/2017,1.19,98460.27,42302.58,3757.52,7950.05,conventional,2017,Boise
17,9/6/2015,1.16,64464.61,44134.65,5402.17,7991.75,conventional,2015,Boise
30,6/11/2017,1.21,92547.42,40250.67,2998.49,8103.35,conventional,2017,Boise
11,1/14/2018,1.15,111113.11,49335.23,7414.97,8298.95,conventional,2018,Boise
50,1/22/2017,1.01,88317.73,34251.49,5626.82,8313.98,conventional,2017,Boise
29,6/18/2017,1.21,92906.33,40471.78,3263.11,8414.51,conventional,2017,Boise
26,7/5/2015,1.15,85044.45,61949.73,8022.13,8434.98,conventional,2015,Boise
48,1/31/2016,0.94,83755.38,36196.35,4791.21,8440.95,conventional,2016,Boise
6,2/18/2018,1.25,80833.06,39772.80,2363.06,8575.65,conventional,2018,Boise
27,7/2/2017,1.17,97408.49,41134.31,3402.67,8606.69,conventional,2017,Boise
44,2/28/2016,0.89,89981.54,38143.38,5361.13,8767.10,conventional,2016,Boise
41,3/26/2017,1.16,95292.56,43566.18,4140.76,8899.30,conventional,2017,Boise
50,1/17/2016,0.92,92385.23,34302.93,7884.23,8901.10,conventional,2016,Boise
25,7/16/2017,1.49,72245.09,35748.28,3543.60,8951.08,conventional,2017,Boise
42,3/19/2017,1.15,86727.42,33891.70,3887.21,9034.34,conventional,2017,Boise
51,1/10/2016,0.93,89880.90,31802.36,8347.01,9065.03,conventional,2016,Boise
40,3/27/2016,0.81,101267.73,40228.96,6891.08,9114.47,conventional,2016,Boise
1,3/25/2018,1.28,85839.98,40361.51,2026.94,9200.23,conventional,2018,Boise
41,3/20/2016,0.94,83080.73,41756.47,2697.57,9201.19,conventional,2016,Boise
47,2/12/2017,0.98,97785.46,41600.65,4101.11,9261.32,conventional,2017,Boise
36,4/30/2017,1.03,109119.00,41327.06,2195.12,9316.90,conventional,2017,Boise
34,5/14/2017,1.20,94466.25,38987.28,2778.88,9358.25,conventional,2017,Boise
38,4/16/2017,1.15,99410.94,43003.22,3555.37,9548.66,conventional,2017,Boise
49,1/29/2017,0.93,105132.82,35677.85,6532.78,9559.20,conventional,2017,Boise
35,5/7/2017,1.09,121483.27,60550.46,3285.18,9701.89,conventional,2017,Boise
37,4/23/2017,1.14,93656.08,41816.24,2688.06,9753.54,conventional,2017,Boise
40,4/2/2017,1.20,94905.40,41043.29,3616.58,9919.67,conventional,2017,Boise
46,2/19/2017,0.94,107721.63,33444.06,7191.92,9936.27,conventional,2017,Boise
43,3/12/2017,0.98,112776.10,33062.31,9415.52,9975.45,conventional,2017,Boise
51,1/15/2017,1.00,94156.43,36085.47,4773.66,10056.51,conventional,2017,Boise
4,3/4/2018,1.22,91070.80,44454.46,1835.89,10101.52,conventional,2018,Boise
32,5/28/2017,1.21,100415.90,40637.11,3548.36,10210.41,conventional,2017,Boise
39,4/9/2017,1.21,95508.38,39291.67,4115.55,10280.71,conventional,2017,Boise
33,5/21/2017,1.29,86532.91,35312.23,3430.40,10330.63,conventional,2017,Boise
7,2/11/2018,1.14,93106.27,48308.72,2816.31,10558.83,conventional,2018,Boise
0,1/1/2017,0.92,104510.11,27845.16,9408.92,11341.75,conventional,2017,Boise
45,2/26/2017,0.91,105023.56,31701.22,5199.76,11562.80,conventional,2017,Boise
5,2/25/2018,1.09,113183.43,42116.22,7518.83,11798.39,conventional,2018,Boise
44,3/5/2017,1.11,93814.08,29234.27,5256.50,12115.21,conventional,2017,Boise
52,1/8/2017,1.02,103788.25,35596.88,7162.53,12143.68,conventional,2017,Boise
3,3/11/2018,1.26,80611.01,28399.47,2279.82,12280.50,conventional,2018,Boise
47,2/7/2016,0.82,123715.17,42825.57,14822.29,17989.29,conventional,2016,Boise
8,2/4/2018,1.07,128702.15,39582.33,8511.49,22490.26,conventional,2018,Boise
48,2/5/2017,0.90,136090.67,36808.59,11333.87,23346.13,conventional,2017,Boise
51,1/10/2016,1.32,7751.94,65.96,766.46,1.20,organic,2016,Boston
2,12/18/2016,2.00,11811.40,30.82,1065.46,1.24,organic,2016,Boston
8,2/4/2018,1.83,28934.01,9.14,2504.27,3.66,organic,2018,Boston
7,2/11/2018,1.85,24728.12,3.67,1795.79,3.67,organic,2018,Boston
9,11/5/2017,1.95,28626.61,14.81,1535.06,3.70,organic,2017,Boston
47,2/12/2017,1.95,17727.36,13.45,1111.30,13.52,organic,2017,Boston
48,2/5/2017,1.63,22249.09,7.16,2644.02,38.21,organic,2017,Boston
1,12/27/2015,1.48,7986.08,9.65,775.99,39.82,organic,2015,Boston
2,12/20/2015,1.41,7939.48,26.64,511.07,61.76,organic,2015,Boston
3,12/13/2015,1.55,8563.97,18.24,434.18,251.75,organic,2015,Boston
