avocado (version 1).csv
0,Date,AveragePrice,Total Volume,4046,4225,4770,type,year,region
49,1/25/2015,1.17,409343.56,4730.77,288094.65,45.98,conventional,2015,Boston
43,3/8/2015,1.17,408403.96,3425.53,290512.65,78.96,conventional,2015,Boston
30,6/7/2015,1.25,562542.86,4034.11,421007.42,93.05,conventional,2015,Boston
39,4/5/2015,1.27,449818.01,3657.54,330424.74,99.92,conventional,2015,Boston
5,11/29/2015,1.19,350559.81,3609.25,272719.08,105.86,conventional,2015,Boston
38,4/12/2015,1.26,408485.16,3575.89,294164.23,106.09,conventional,2015,Boston
31,5/31/2015,1.26,565160.95,4128.35,418105.36,108.60,conventional,2015,Boston
42,3/15/2015,1.25,417750.36,6085.75,308996.70,111.59,conventional,2015,Boston
51,1/11/2015,1.10,437771.89,5548.11,320577.36,121.81,conventional,2015,Boston
0,1/4/2015,1.02,491738.00,7193.87,396752.18,128.82,conventional,2015,Boston
36,4/26/2015,1.28,465911.37,3915.30,352464.49,131.46,conventional,2015,Boston
34,5/10/2015,1.14,625558.14,4601.50,476827.52,131.47,conventional,2015,Boston
50,1/18/2015,1.23,401331.33,4383.76,287778.52,132.53,conventional,2015,Boston
7,11/15/2015,1.05,513738.98,5310.32,420936.80,139.71,conventional,2015,Boston
45,2/22/2015,1.23,355432.28,3232.68,251341.30,142.33,conventional,2015,Boston
4,12/6/2015,1.02,488679.31,5126.32,407520.22,142.99,conventional,2015,Boston
46,2/15/2015,1.20,399883.99,3794.97,281106.45,143.41,conventional,2015,Boston
40,3/29/2015,1.19,453631.25,3619.31,339299.30,151.36,conventional,2015,Boston
41,3/22/2015,1.18,453173.22,5956.18,344396.92,155.94,conventional,2015,Boston
33,5/17/2015,1.26,534488.54,4285.68,380514.08,162.66,conventional,2015,Boston
37,4/19/2015,1.15,504619.83,4013.71,384880.49,162.91,conventional,2015,Boston
9,11/1/2015,1.06,553096.84,4886.14,449532.49,170.29,conventional,2015,Boston
10,10/25/2015,1.02,534249.47,4005.39,430725.78,191.31,conventional,2015,Boston
44,3/1/2015,1.11,485736.10,4106.42,383573.77,192.98,conventional,2015,Boston
3,12/13/2015,1.01,549945.76,4641.02,455362.38,219.40,conventional,2015,Boston
8,11/8/2015,1.04,641759.57,5304.09,542880.92,231.74,conventional,2015,Boston
6,11/22/2015,1.07,466759.99,4457.62,383420.46,233.74,conventional,2015,Boston
35,5/3/2015,1.17,552368.94,3828.64,429586.28,239.76,conventional,2015,Boston
48,2/1/2015,1.22,490022.14,6082.88,373452.06,272.81,conventional,2015,Boston
32,5/24/2015,1.14,633521.98,4601.66,490485.76,276.82,conventional,2015,Boston
13,10/4/2015,1.07,536479.42,5804.31,427358.64,277.56,conventional,2015,Boston
14,9/27/2015,1.07,553307.04,5210.84,463079.81,289.49,conventional,2015,Boston
11,10/18/2015,0.94,725296.29,6409.86,627503.98,332.87,conventional,2015,Boston
16,9/13/2015,1.03,655682.95,5422.29,560792.23,353.77,conventional,2015,Boston
12,10/11/2015,1.14,485706.68,5145.86,378295.90,355.03,conventional,2015,Boston
47,2/8/2015,1.04,609985.34,7653.19,495731.70,383.73,conventional,2015,Boston
15,9/20/2015,1.15,498640.23,4376.74,398673.48,418.46,conventional,2015,Boston
17,9/6/2015,1.11,577774.74,4237.44,477867.83,496.62,conventional,2015,Boston
18,8/30/2015,1.13,526664.87,4177.03,438502.90,554.04,conventional,2015,Boston
19,8/23/2015,1.07,589471.32,4744.11,488292.10,608.61,conventional,2015,Boston
20,8/16/2015,1.15,565795.06,4460.85,464476.33,748.65,conventional,2015,Boston
21,8/9/2015,1.07,690517.19,4173.23,590998.11,827.06,conventional,2015,Boston
13,10/8/2017,1.61,451608.73,16621.16,322931.92,1266.34,conventional,2017,Boston
16,9/17/2017,1.58,462796.84,11826.63,323528.38,1322.39,conventional,2017,Boston
22,8/2/2015,1.17,571994.50,4442.20,468591.76,1451.95,conventional,2015,Boston
18,9/3/2017,1.81,457862.00,10210.08,333916.08,1478.63,conventional,2017,Boston
17,9/10/2017,1.63,524513.26,10795.32,394645.36,1483.54,conventional,2017,Boston
19,8/27/2017,1.79,455915.26,7262.03,319717.74,1534.57,conventional,2017,Boston
2,12/24/2017,1.45,414147.94,10726.67,312860.91,1638.50,conventional,2017,Boston
20,8/20/2017,1.77,474982.44,6723.39,328845.89,1675.13,conventional,2017,Boston
15,9/24/2017,1.62,498019.71,10697.54,384522.40,1718.59,conventional,2017,Boston
5,2/25/2018,1.41,527274.99,19622.47,376506.86,1796.38,conventional,2018,Boston
14,10/1/2017,1.62,482271.83,14889.71,366122.85,1797.71,conventional,2017,Boston
3,3/11/2018,1.34,629090.87,23641.04,479640.60,1840.01,conventional,2018,Boston
2,3/18/2018,1.38,602177.43,24831.59,443903.93,1853.86,conventional,2018,Boston
1,3/25/2018,1.39,641462.43,26019.52,479186.12,1883.17,conventional,2018,Boston
4,3/4/2018,1.19,785188.72,20384.08,645988.55,1884.67,conventional,2018,Boston
5,12/3/2017,1.40,488588.00,12171.00,386056.00,1901.00,conventional,2017,Boston
23,7/26/2015,1.28,500233.69,4299.27,393281.62,1957.86,conventional,2015,Boston
9,11/5/2017,1.49,440972.34,13002.80,334875.51,2014.44,conventional,2017,Boston
1,12/31/2017,1.40,419696.59,9622.52,325398.02,2061.91,conventional,2017,Boston
6,11/26/2017,1.39,423778.00,10677.00,304833.00,2073.00,conventional,2017,Boston
10,10/29/2017,1.49,465106.32,14781.17,360615.41,2145.15,conventional,2017,Boston
4,12/10/2017,1.14,687251.82,13210.49,557434.99,2169.35,conventional,2017,Boston
12,10/15/2017,1.59,418233.95,20138.49,331423.32,2218.03,conventional,2017,Boston
7,11/19/2017,1.36,476236.00,11494.00,341486.00,2365.00,conventional,2017,Boston
6,2/18/2018,1.51,515022.94,16054.89,378699.13,2422.76,conventional,2018,Boston
11,10/22/2017,1.48,435243.72,19871.30,328476.35,2432.68,conventional,2017,Boston
11,1/14/2018,1.49,533150.49,10669.09,393026.08,2533.63,conventional,2018,Boston
9,1/28/2018,1.22,800274.40,14384.54,680080.04,2656.90,conventional,2018,Boston
32,5/28/2017,1.73,602637.88,5970.30,460430.96,2755.68,conventional,2017,Boston
21,8/13/2017,1.52,624419.06,7302.93,492068.56,2985.05,conventional,2017,Boston
30,6/11/2017,1.72,583709.06,5556.48,457512.97,3039.46,conventional,2017,Boston
5,11/27/2016,1.45,391257.01,4243.20,317090.39,3069.37,conventional,2016,Boston
31,6/4/2017,1.73,590580.03,5139.73,460653.96,3075.67,conventional,2017,Boston
22,8/6/2017,1.55,604758.68,8619.19,470232.85,3211.56,conventional,2017,Boston
33,5/21/2017,1.69,572421.46,5555.84,441357.29,3222.88,conventional,2017,Boston
29,6/18/2017,1.66,581303.33,5379.22,452146.49,3286.69,conventional,2017,Boston
37,4/23/2017,1.63,520793.48,9577.17,382449.77,3293.60,conventional,2017,Boston
8,2/4/2018,1.39,725934.21,21309.40,566751.03,3293.87,conventional,2018,Boston
23,7/30/2017,1.48,568255.53,8414.57,429987.00,3326.40,conventional,2017,Boston
8,11/6/2016,1.62,366175.49,4016.72,284809.54,3370.17,conventional,2016,Boston
28,6/25/2017,1.68,545889.03,5987.76,434222.79,3399.30,conventional,2017,Boston
41,3/26/2017,1.51,550948.58,6860.31,412840.77,3403.92,conventional,2017,Boston
4,12/4/2016,1.26,473428.36,4371.95,393748.18,3449.16,conventional,2016,Boston
34,5/14/2017,1.62,610348.46,5152.68,448442.71,3462.02,conventional,2017,Boston
40,4/2/2017,1.56,571902.20,7962.51,427483.90,3484.11,conventional,2017,Boston
39,4/9/2017,1.53,629799.49,5715.72,450287.22,3497.44,conventional,2017,Boston
36,4/30/2017,1.61,603284.31,5758.71,467084.40,3505.87,conventional,2017,Boston
38,4/16/2017,1.61,592049.78,7319.25,437483.37,3589.29,conventional,2017,Boston
43,3/12/2017,1.55,495117.57,5729.95,389749.89,3675.15,conventional,2017,Boston
7,11/13/2016,1.56,397601.10,5233.97,314434.80,3726.92,conventional,2016,Boston
42,3/19/2017,1.54,540540.50,5709.44,425273.84,3736.16,conventional,2017,Boston
9,10/30/2016,1.67,376500.91,5542.76,304461.49,3787.66,conventional,2016,Boston
25,7/16/2017,1.56,594015.93,9162.09,463806.98,3825.67,conventional,2017,Boston
3,12/17/2017,1.28,516770.62,10139.25,413484.37,3836.18,conventional,2017,Boston
12,10/9/2016,1.49,468135.46,7435.21,366648.78,3837.72,conventional,2016,Boston
0,1/1/2017,1.29,458830.49,4119.90,371223.34,3933.72,conventional,2017,Boston
26,7/9/2017,1.69,560021.69,8735.91,464670.36,3962.90,conventional,2017,Boston
1,12/25/2016,1.28,447600.75,4349.63,346516.32,4183.69,conventional,2016,Boston
11,10/16/2016,1.60,453605.17,6472.04,345051.11,4742.43,conventional,2016,Boston
27,7/2/2017,1.67,545128.14,6572.32,437068.51,4890.20,conventional,2017,Boston
6,11/20/2016,1.39,475677.35,7917.90,356867.57,4915.71,conventional,2016,Boston
0,1/7/2018,1.28,685417.51,12012.96,557314.83,4961.24,conventional,2018,Boston
13,10/2/2016,1.59,459163.77,20871.74,340342.71,5003.77,conventional,2016,Boston
3,12/11/2016,1.22,510800.58,3711.20,409645.98,5052.84,conventional,2016,Boston
24,7/19/2015,1.18,597168.12,4720.08,477629.80,5071.77,conventional,2015,Boston
46,2/19/2017,1.31,521125.33,27790.50,391316.37,5419.01,conventional,2017,Boston
8,11/12/2017,1.23,639092.00,15689.00,533027.00,5720.00,conventional,2017,Boston
44,3/5/2017,1.30,620307.93,9208.87,529716.12,5832.20,conventional,2017,Boston
45,2/26/2017,1.24,599178.18,11751.20,489161.87,5887.27,conventional,2017,Boston
2,12/20/2015,1.07,489802.88,4912.37,390100.99,5887.72,conventional,2015,Boston
35,5/7/2017,1.49,676849.88,6703.20,493447.52,6088.75,conventional,2017,Boston
24,7/23/2017,1.37,686734.63,7993.86,556263.37,6107.14,conventional,2017,Boston
49,1/29/2017,1.32,604106.12,5792.32,464828.97,6111.10,conventional,2017,Boston
10,10/23/2016,1.58,439551.69,10444.80,335243.75,6144.55,conventional,2016,Boston
10,1/21/2018,1.12,999783.13,15177.93,865836.92,6492.83,conventional,2018,Boston
14,9/25/2016,1.53,483057.37,40864.15,338301.37,6515.89,conventional,2016,Boston
29,6/14/2015,1.08,684346.48,5104.19,521254.77,6545.42,conventional,2015,Boston
7,2/11/2018,1.30,834304.52,23220.89,703749.06,6620.69,conventional,2018,Boston
15,9/18/2016,1.45,489600.60,39970.65,346155.69,7080.02,conventional,2016,Boston
48,2/5/2017,1.19,772110.18,50889.62,594522.97,7080.99,conventional,2017,Boston
18,8/28/2016,1.37,582023.28,37757.36,388173.87,7653.70,conventional,2016,Boston
2,12/18/2016,1.09,579577.33,6123.84,488107.01,7765.43,conventional,2016,Boston
19,8/21/2016,1.31,586072.78,15419.55,353351.42,7923.98,conventional,2016,Boston
20,8/14/2016,1.29,602605.29,20310.78,353845.28,8194.83,conventional,2016,Boston
51,1/15/2017,1.30,577976.65,5430.50,457448.44,8522.37,conventional,2017,Boston
21,8/7/2016,1.48,525387.25,15830.01,335033.53,8735.44,conventional,2016,Boston
22,7/31/2016,1.61,508949.60,12550.40,338691.73,8772.17,conventional,2016,Boston
28,6/21/2015,1.24,543504.66,3582.45,404908.53,8899.20,conventional,2015,Boston
27,6/28/2015,1.25,560494.92,4688.28,403230.60,9120.30,conventional,2015,Boston
52,1/8/2017,1.09,730358.49,7543.51,605624.94,9300.68,conventional,2017,Boston
25,7/12/2015,1.14,634515.74,5332.07,471639.53,9361.55,conventional,2015,Boston
16,9/11/2016,1.27,672672.86,85204.27,470860.24,9617.73,conventional,2016,Boston
17,9/4/2016,1.41,541671.24,23481.94,381830.77,10225.22,conventional,2016,Boston
24,7/17/2016,1.56,488508.05,11289.68,320250.99,10381.25,conventional,2016,Boston
23,7/24/2016,1.52,509094.85,13099.78,343835.83,10965.64,conventional,2016,Boston
47,2/12/2017,1.12,791126.41,83640.38,593329.02,11050.66,conventional,2017,Boston
26,7/5/2015,1.27,582909.73,4743.46,418251.03,11053.82,conventional,2015,Boston
50,1/22/2017,1.26,663735.14,4741.15,526892.92,11138.94,conventional,2017,Boston
51,1/10/2016,1.15,536674.53,4120.09,391873.45,13321.08,conventional,2016,Boston
1,12/27/2015,1.13,450816.39,3886.27,346964.70,13952.56,conventional,2015,Boston
25,7/10/2016,1.32,549815.44,17289.06,359933.80,14982.90,conventional,2016,Boston
26,7/3/2016,1.38,585484.69,11397.63,408601.95,17326.08,conventional,2016,Boston
0,1/3/2016,1.01,610622.03,5112.51,492477.86,21182.52,conventional,2016,Boston
47,2/7/2016,1.05,678810.37,5986.94,511548.60,25200.19,conventional,2016,Boston
48,1/31/2016,1.03,651616.91,6037.25,501280.47,25252.35,conventional,2016,Boston
49,1/24/2016,1.05,670376.77,3107.96,482030.79,26052.91,conventional,2016,Boston
27,6/26/2016,1.33,626972.88,10379.75,433431.64,28898.79,conventional,2016,Boston
50,1/17/2016,1.02,665217.66,4392.86,486767.87,32505.74,conventional,2016,Boston
41,3/20/2016,1.10,645235.38,5364.32,490720.39,34714.64,conventional,2016,Boston
43,3/6/2016,1.10,600639.74,6153.04,434300.22,36352.99,conventional,2016,Boston
45,2/21/2016,1.14,553709.44,5600.54,388956.70,36873.84,conventional,2016,Boston
44,2/28/2016,1.08,652943.00,6632.53,506048.61,36934.25,conventional,2016,Boston
28,6/19/2016,1.32,649660.14,10851.29,456521.61,38655.07,conventional,2016,Boston
39,4/3/2016,1.11,559718.46,4683.35,406529.44,42112.53,conventional,2016,Boston
29,6/12/2016,1.29,632855.52,12891.22,421978.89,43090.81,conventional,2016,Boston
37,4/17/2016,1.08,617179.71,3871.79,438210.92,43926.90,conventional,2016,Boston
42,3/13/2016,1.05,651211.44,5420.01,487268.37,46932.61,conventional,2016,Boston
30,6/5/2016,1.26,634989.55,8833.67,417995.15,51385.74,conventional,2016,Boston
40,3/27/2016,1.08,639420.34,4253.90,463187.03,51477.79,conventional,2016,Boston
36,4/24/2016,1.07,626895.08,4157.76,446540.80,51958.73,conventional,2016,Boston
35,5/1/2016,1.05,716003.18,4764.79,520369.75,54779.30,conventional,2016,Boston
46,2/14/2016,0.98,751656.56,7591.61,560259.15,58165.42,conventional,2016,Boston
33,5/15/2016,1.06,709563.16,5790.13,517840.35,63055.48,conventional,2016,Boston
31,5/29/2016,1.08,673496.13,7708.04,461424.99,72848.75,conventional,2016,Boston
38,4/10/2016,0.99,652546.84,4326.56,456029.59,74452.30,conventional,2016,Boston
34,5/8/2016,0.85,924194.42,6383.12,698437.70,80414.29,conventional,2016,Boston
32,5/22/2016,1.05,665086.17,4319.45,430580.52,81859.54,conventional,2016,Boston
