avocado (version 1).csv
0,Date,AveragePrice,Total Volume,4046,4225,4770,type,year,region
20,8/20/2017,1.34,142109.31,2619.19,71900.58,11.18,conventional,2017,Buffalo Rochester
5,11/27/2016,1.57,73261.05,1006.16,50581.93,12.21,conventional,2016,Buffalo Rochester
39,4/3/2016,1.04,154802.00,1164.29,72025.38,18.55,conventional,2016,Buffalo Rochester
21,8/13/2017,1.32,144618.71,2321.06,60729.79,18.73,conventional,2017,Buffalo Rochester
19,8/27/2017,1.33,147839.98,1871.70,74398.45,19.56,conventional,2017,Buffalo Rochester
4,12/4/2016,1.66,72203.16,960.31,54243.42,22.85,conventional,2016,Buffalo Rochester
1,12/31/2017,1.27,115508.29,5924.57,62632.07,25.00,conventional,2017,Buffalo Rochester
42,3/13/2016,1.11,163501.31,1393.58,77324.69,25.28,conventional,2016,Buffalo Rochester
6,11/26/2017,1.23,102658.00,6353.00,50509.00,26.00,conventional,2017,Buffalo Rochester
2,12/24/2017,1.28,127375.45,7430.89,72517.20,27.00,conventional,2017,Buffalo Rochester
6,11/20/2016,1.63,78675.66,1426.31,52281.34,27.83,conventional,2016,Buffalo Rochester
43,3/12/2017,1.48,165974.96,1457.31,85677.37,28.00,conventional,2017,Buffalo Rochester
15,9/24/2017,1.42,121501.78,11991.22,52356.55,31.20,conventional,2017,Buffalo Rochester
45,2/21/2016,1.31,126537.43,1500.02,52665.54,31.37,conventional,2016,Buffalo Rochester
17,9/10/2017,1.46,142196.93,2860.33,66980.46,31.37,conventional,2017,Buffalo Rochester
43,3/6/2016,1.36,141228.53,1473.30,60516.83,32.49,conventional,2016,Buffalo Rochester
12,10/15/2017,1.50,86880.78,26274.97,40394.56,32.89,conventional,2017,Buffalo Rochester
46,2/19/2017,1.68,109808.80,1360.81,62449.93,33.22,conventional,2017,Buffalo Rochester
25,7/16/2017,1.35,144761.54,1791.21,72328.87,35.75,conventional,2017,Buffalo Rochester
14,9/25/2016,1.40,134327.10,4198.36,62355.89,35.97,conventional,2016,Buffalo Rochester
44,2/28/2016,1.22,154057.74,1658.99,78720.64,36.18,conventional,2016,Buffalo Rochester
38,4/16/2017,1.54,166089.23,3103.77,70001.59,36.44,conventional,2017,Buffalo Rochester
14,10/1/2017,1.53,96291.55,22791.70,42861.77,36.62,conventional,2017,Buffalo Rochester
24,7/23/2017,1.34,148098.37,1917.57,67607.83,37.44,conventional,2017,Buffalo Rochester
10,10/29/2017,1.36,121815.11,11383.36,53894.54,38.11,conventional,2017,Buffalo Rochester
13,10/8/2017,1.49,102625.05,25376.77,31576.96,38.61,conventional,2017,Buffalo Rochester
3,12/17/2017,1.26,108352.42,7563.23,57326.40,39.68,conventional,2017,Buffalo Rochester
18,9/3/2017,1.56,135280.49,2894.04,67610.93,39.76,conventional,2017,Buffalo Rochester
37,4/23/2017,1.55,147244.20,2554.61,70195.44,39.89,conventional,2017,Buffalo Rochester
11,1/14/2018,1.32,159070.65,8239.41,80916.85,40.26,conventional,2018,Buffalo Rochester
23,7/30/2017,1.32,146069.40,1769.04,65452.36,40.32,conventional,2017,Buffalo Rochester
46,2/14/2016,1.29,137984.28,1921.88,60453.06,40.49,conventional,2016,Buffalo Rochester
40,4/2/2017,1.54,167364.95,3854.74,73053.91,42.00,conventional,2017,Buffalo Rochester
5,12/3/2017,1.13,153282.00,7805.00,87461.00,42.00,conventional,2017,Buffalo Rochester
1,12/25/2016,1.41,103035.45,1197.33,64434.59,42.09,conventional,2016,Buffalo Rochester
22,8/6/2017,1.32,155635.24,2068.33,78780.02,42.94,conventional,2017,Buffalo Rochester
21,8/7/2016,1.50,104314.72,1781.61,74560.52,42.97,conventional,2016,Buffalo Rochester
19,8/21/2016,1.33,119865.41,1543.34,70785.26,43.73,conventional,2016,Buffalo Rochester
40,3/27/2016,1.13,149462.64,1511.79,64644.20,44.46,conventional,2016,Buffalo Rochester
45,2/26/2017,1.69,122294.43,1195.92,71329.25,44.92,conventional,2017,Buffalo Rochester
36,4/30/2017,1.54,178864.17,1803.39,83395.01,45.64,conventional,2017,Buffalo Rochester
25,7/10/2016,1.25,183741.31,1425.12,88105.93,46.25,conventional,2016,Buffalo Rochester
44,3/5/2017,1.68,140468.86,1420.89,75283.75,46.33,conventional,2017,Buffalo Rochester
16,9/17/2017,1.37,140652.67,7007.92,59413.46,47.77,conventional,2017,Buffalo Rochester
8,11/12/2017,1.37,118434.00,10402.00,55305.00,48.00,conventional,2017,Buffalo Rochester
41,3/22/2015,1.40,119902.96,3090.55,45420.06,48.20,conventional,2015,Buffalo Rochester
39,4/9/2017,1.56,172946.22,1954.15,80632.60,48.80,conventional,2017,Buffalo Rochester
11,10/16/2016,1.36,131180.81,1282.70,61796.23,50.56,conventional,2016,Buffalo Rochester
15,9/18/2016,1.54,122908.68,2692.89,70019.45,52.12,conventional,2016,Buffalo Rochester
26,7/3/2016,1.30,180609.07,1424.51,85758.67,53.07,conventional,2016,Buffalo Rochester
41,3/26/2017,1.53,156787.69,2184.26,67000.84,53.28,conventional,2017,Buffalo Rochester
51,1/15/2017,1.29,168230.55,2011.96,68322.14,53.84,conventional,2017,Buffalo Rochester
38,4/10/2016,1.10,152123.92,1278.33,55802.40,53.93,conventional,2016,Buffalo Rochester
3,12/11/2016,1.47,89037.86,967.77,62963.23,54.34,conventional,2016,Buffalo Rochester
41,3/20/2016,1.14,140364.11,1110.75,62343.76,54.56,conventional,2016,Buffalo Rochester
22,7/31/2016,1.45,108088.47,1792.17,64652.42,54.78,conventional,2016,Buffalo Rochester
8,11/8/2015,1.30,111038.95,1288.83,49507.25,55.00,conventional,2015,Buffalo Rochester
26,7/9/2017,1.31,166851.73,2075.70,80022.52,55.72,conventional,2017,Buffalo Rochester
50,1/22/2017,1.34,160924.52,1691.65,70336.67,56.29,conventional,2017,Buffalo Rochester
33,5/21/2017,1.71,139635.02,1486.31,72163.62,56.41,conventional,2017,Buffalo Rochester
33,5/17/2015,1.35,137050.23,932.52,61668.49,56.53,conventional,2015,Buffalo Rochester
0,1/7/2018,1.28,161876.76,8645.30,92302.56,56.67,conventional,2018,Buffalo Rochester
3,3/11/2018,1.16,185174.55,18057.75,83259.03,57.09,conventional,2018,Buffalo Rochester
31,6/4/2017,1.60,145203.51,1453.91,80512.88,57.58,conventional,2017,Buffalo Rochester
37,4/17/2016,1.14,169355.39,1167.23,67584.91,57.68,conventional,2016,Buffalo Rochester
46,2/15/2015,1.44,100207.14,1520.76,43271.55,57.76,conventional,2015,Buffalo Rochester
28,6/19/2016,1.23,169756.02,1776.91,80406.95,57.85,conventional,2016,Buffalo Rochester
9,11/5/2017,1.37,115630.87,9707.40,54119.19,58.11,conventional,2017,Buffalo Rochester
11,10/18/2015,1.29,106083.75,1536.35,40701.65,58.28,conventional,2015,Buffalo Rochester
37,4/19/2015,1.42,139612.52,1021.72,52954.82,59.18,conventional,2015,Buffalo Rochester
28,6/25/2017,1.46,115902.44,1954.58,77254.88,59.58,conventional,2017,Buffalo Rochester
2,12/18/2016,1.36,85340.08,1276.16,52115.34,60.37,conventional,2016,Buffalo Rochester
11,10/22/2017,1.50,90910.72,24441.32,39988.75,61.44,conventional,2017,Buffalo Rochester
4,12/10/2017,1.25,127279.28,7934.47,63389.74,61.68,conventional,2017,Buffalo Rochester
10,1/21/2018,1.29,161887.27,8269.77,75965.53,61.69,conventional,2018,Buffalo Rochester
23,7/24/2016,1.44,104126.30,1156.82,63920.78,61.80,conventional,2016,Buffalo Rochester
2,3/18/2018,1.14,166358.32,16300.20,70320.66,63.65,conventional,2018,Buffalo Rochester
5,2/25/2018,1.23,151330.38,12862.56,69046.27,64.77,conventional,2018,Buffalo Rochester
16,9/11/2016,1.38,124095.82,1657.87,81283.86,65.32,conventional,2016,Buffalo Rochester
52,1/8/2017,1.37,158267.23,1506.69,83906.44,65.83,conventional,2017,Buffalo Rochester
42,3/15/2015,1.47,103413.11,3500.48,45688.61,66.42,conventional,2015,Buffalo Rochester
3,12/13/2015,1.35,98473.23,1421.12,40783.22,66.45,conventional,2015,Buffalo Rochester
4,3/4/2018,1.19,168190.37,13533.32,75344.69,67.47,conventional,2018,Buffalo Rochester
18,8/28/2016,1.40,114645.70,2682.18,64245.65,67.48,conventional,2016,Buffalo Rochester
17,9/4/2016,1.48,95473.70,3089.84,67790.92,68.67,conventional,2016,Buffalo Rochester
20,8/14/2016,1.41,114328.40,2645.81,72836.99,71.45,conventional,2016,Buffalo Rochester
6,2/18/2018,1.28,144087.48,10951.83,66055.96,74.08,conventional,2018,Buffalo Rochester
42,3/19/2017,1.54,151459.46,1917.68,72621.77,74.38,conventional,2017,Buffalo Rochester
49,1/25/2015,1.50,114052.94,1321.19,54007.48,74.53,conventional,2015,Buffalo Rochester
7,11/19/2017,1.30,112445.00,8870.00,55800.00,75.00,conventional,2017,Buffalo Rochester
10,10/23/2016,1.60,110744.71,1171.55,50973.90,78.19,conventional,2016,Buffalo Rochester
30,6/11/2017,1.62,114081.68,1737.40,75551.59,78.57,conventional,2017,Buffalo Rochester
31,5/31/2015,1.40,130841.08,1039.49,54249.06,79.38,conventional,2015,Buffalo Rochester
51,1/11/2015,1.54,106221.32,1642.25,50985.20,79.61,conventional,2015,Buffalo Rochester
10,10/25/2015,1.36,99554.55,1545.57,36645.91,79.64,conventional,2015,Buffalo Rochester
8,11/6/2016,1.64,81691.65,1321.66,56677.66,79.68,conventional,2016,Buffalo Rochester
40,3/29/2015,1.39,119890.65,1352.63,48430.03,80.52,conventional,2015,Buffalo Rochester
1,3/25/2018,1.21,163592.40,18266.89,82910.91,80.60,conventional,2018,Buffalo Rochester
9,10/30/2016,1.65,71163.53,1130.02,56077.13,81.81,conventional,2016,Buffalo Rochester
35,5/3/2015,1.42,136771.79,946.38,50266.22,81.86,conventional,2015,Buffalo Rochester
27,6/26/2016,1.26,160806.44,1326.74,74746.95,83.37,conventional,2016,Buffalo Rochester
8,2/4/2018,1.32,188654.47,13478.37,99364.48,84.19,conventional,2018,Buffalo Rochester
7,2/11/2018,1.27,151057.53,12749.59,74595.11,84.21,conventional,2018,Buffalo Rochester
7,11/13/2016,1.60,87366.58,1891.82,56517.54,84.41,conventional,2016,Buffalo Rochester
1,12/27/2015,1.35,96233.08,1367.81,39542.83,85.76,conventional,2015,Buffalo Rochester
15,9/20/2015,1.54,60624.47,1445.25,39831.66,88.61,conventional,2015,Buffalo Rochester
48,1/31/2016,1.21,164453.65,2015.15,81676.45,88.82,conventional,2016,Buffalo Rochester
13,10/2/2016,1.35,132143.53,1119.57,62757.12,90.39,conventional,2016,Buffalo Rochester
38,4/12/2015,1.42,118172.53,884.02,45443.61,92.75,conventional,2015,Buffalo Rochester
39,4/5/2015,1.44,124145.62,969.27,51023.86,95.69,conventional,2015,Buffalo Rochester
12,10/11/2015,1.30,109153.84,2170.49,50862.00,96.18,conventional,2015,Buffalo Rochester
9,1/28/2018,1.27,158637.92,8099.96,76070.49,96.23,conventional,2018,Buffalo Rochester
0,1/3/2016,1.39,130620.57,1486.60,57210.68,98.93,conventional,2016,Buffalo Rochester
29,6/18/2017,1.50,129734.97,2124.28,82873.30,101.12,conventional,2017,Buffalo Rochester
13,10/4/2015,1.33,98900.48,3020.03,38353.35,101.43,conventional,2015,Buffalo Rochester
24,7/17/2016,1.30,141880.95,1389.23,71781.92,102.25,conventional,2016,Buffalo Rochester
43,3/8/2015,1.35,125724.96,1072.46,61973.56,102.31,conventional,2015,Buffalo Rochester
0,1/1/2017,1.43,105349.04,1285.48,58531.95,102.52,conventional,2017,Buffalo Rochester
32,5/24/2015,1.43,121942.61,1033.76,55018.95,103.94,conventional,2015,Buffalo Rochester
44,3/1/2015,1.43,112363.86,1032.92,41685.04,104.16,conventional,2015,Buffalo Rochester
27,7/2/2017,1.34,144309.09,1954.36,80410.59,105.58,conventional,2017,Buffalo Rochester
36,4/26/2015,1.41,136964.30,1117.56,49556.91,106.40,conventional,2015,Buffalo Rochester
14,9/27/2015,1.31,90745.72,1908.16,60292.79,106.47,conventional,2015,Buffalo Rochester
2,12/20/2015,1.37,90867.51,1164.92,38430.71,106.67,conventional,2015,Buffalo Rochester
29,6/12/2016,1.15,182471.54,4629.34,79865.00,107.12,conventional,2016,Buffalo Rochester
7,11/15/2015,1.36,99703.72,1803.78,41457.12,107.48,conventional,2015,Buffalo Rochester
6,11/22/2015,1.40,90242.31,1711.77,38780.66,107.53,conventional,2015,Buffalo Rochester
32,5/28/2017,1.64,160484.02,1588.75,75152.52,109.42,conventional,2017,Buffalo Rochester
0,1/4/2015,1.40,116253.44,3267.97,55693.04,109.55,conventional,2015,Buffalo Rochester
51,1/10/2016,1.35,134522.52,1619.00,52034.40,110.07,conventional,2016,Buffalo Rochester
47,2/12/2017,1.56,135286.70,1773.30,71050.71,110.87,conventional,2017,Buffalo Rochester
49,1/29/2017,1.37,163136.70,1541.69,72000.86,111.33,conventional,2017,Buffalo Rochester
12,10/9/2016,1.37,135059.42,1117.12,68716.59,112.39,conventional,2016,Buffalo Rochester
48,2/1/2015,1.33,153920.35,2117.73,64770.55,112.49,conventional,2015,Buffalo Rochester
5,11/29/2015,1.39,79973.14,1514.69,35682.71,113.49,conventional,2015,Buffalo Rochester
48,2/5/2017,1.40,188582.23,1561.11,97167.09,116.10,conventional,2017,Buffalo Rochester
50,1/17/2016,1.38,132286.31,1778.63,49448.64,120.55,conventional,2016,Buffalo Rochester
47,2/7/2016,1.30,177910.41,2262.36,76308.98,123.88,conventional,2016,Buffalo Rochester
49,1/24/2016,1.31,147469.99,467.72,54309.11,131.18,conventional,2016,Buffalo Rochester
45,2/22/2015,1.41,109546.92,1709.23,45393.96,131.72,conventional,2015,Buffalo Rochester
50,1/18/2015,1.52,107040.29,1625.26,61859.85,133.29,conventional,2015,Buffalo Rochester
34,5/14/2017,1.55,152142.57,1761.80,66532.44,134.29,conventional,2017,Buffalo Rochester
16,9/13/2015,1.59,73043.20,1572.71,48468.73,134.33,conventional,2015,Buffalo Rochester
30,6/7/2015,1.38,130908.11,779.02,57999.61,138.81,conventional,2015,Buffalo Rochester
47,2/8/2015,1.36,132760.10,1822.41,66261.92,161.96,conventional,2015,Buffalo Rochester
4,12/6/2015,1.23,108457.82,1737.71,58197.34,167.12,conventional,2015,Buffalo Rochester
19,8/23/2015,1.49,68953.29,1287.09,43655.31,170.47,conventional,2015,Buffalo Rochester
17,9/6/2015,1.56,76139.58,1471.69,49388.48,173.32,conventional,2015,Buffalo Rochester
34,5/10/2015,1.33,170547.18,1321.83,73754.30,185.16,conventional,2015,Buffalo Rochester
9,11/1/2015,1.23,118541.11,2181.17,61874.92,186.40,conventional,2015,Buffalo Rochester
35,5/7/2017,1.71,174746.25,1772.26,87260.23,209.65,conventional,2017,Buffalo Rochester
18,8/30/2015,1.38,83731.42,1406.11,61600.62,241.67,conventional,2015,Buffalo Rochester
20,8/16/2015,1.50,69798.09,1230.78,45937.58,258.00,conventional,2015,Buffalo Rochester
30,6/5/2016,1.15,173445.42,1451.17,78923.00,258.40,conventional,2016,Buffalo Rochester
21,8/9/2015,1.47,81830.13,1139.74,56289.28,349.19,conventional,2015,Buffalo Rochester
31,5/29/2016,1.19,147423.25,1442.30,81631.15,353.83,conventional,2016,Buffalo Rochester
22,8/2/2015,1.47,78162.92,1447.81,44620.70,471.55,conventional,2015,Buffalo Rochester
23,7/26/2015,1.39,91825.07,1679.28,45615.48,741.77,conventional,2015,Buffalo Rochester
34,5/8/2016,1.09,201142.55,1613.21,97493.47,764.71,conventional,2016,Buffalo Rochester
32,5/22/2016,1.12,168251.29,1532.90,72247.42,856.81,conventional,2016,Buffalo Rochester
33,5/15/2016,1.09,164790.54,1410.85,72074.47,1160.99,conventional,2016,Buffalo Rochester
35,5/1/2016,1.11,171441.29,1248.25,69913.84,1640.55,conventional,2016,Buffalo Rochester
36,4/24/2016,1.15,171142.36,1391.01,69260.58,1784.73,conventional,2016,Buffalo Rochester
24,7/19/2015,1.36,128846.15,1165.75,54492.85,2205.14,conventional,2015,Buffalo Rochester
29,6/14/2015,1.34,149376.79,1183.90,48286.51,4432.54,conventional,2015,Buffalo Rochester
25,7/12/2015,1.45,127351.46,1119.38,47294.67,4714.73,conventional,2015,Buffalo Rochester
27,6/28/2015,1.36,137246.70,1235.69,51801.73,5397.32,conventional,2015,Buffalo Rochester
28,6/21/2015,1.50,108655.36,1254.83,47845.57,5424.52,conventional,2015,Buffalo Rochester
26,7/5/2015,1.47,140413.90,1503.10,56925.46,6707.85,conventional,2015,Buffalo Rochester
