avocado (version 1).csv
0,Date,AveragePrice,Total Volume,4046,4225,4770,type,year,region
51,1/11/2015,1.10,158110.68,123712.51,25975.27,1.47,organic,2015,California
37,4/19/2015,1.52,123851.34,55948.06,57078.01,1.49,organic,2015,California
2,12/20/2015,1.35,99793.55,12746.47,48195.95,1.52,organic,2015,California
4,12/6/2015,1.48,91211.53,17839.96,47527.65,1.53,organic,2015,California
9,10/30/2016,2.49,96095.10,17620.85,52989.92,1.54,organic,2016,California
20,8/20/2017,2.37,140365.99,28993.37,44771.32,1.57,organic,2017,California
15,9/24/2017,2.05,138458.82,34599.22,63107.77,1.57,organic,2017,California
8,11/12/2017,1.99,122017.93,29124.07,43952.88,1.59,organic,2017,California
35,5/7/2017,1.59,211442.68,27955.44,80576.31,1.61,organic,2017,California
48,2/1/2015,1.11,196031.90,142332.45,41999.51,2.92,organic,2015,California
0,1/4/2015,1.24,142349.77,107490.73,25711.96,2.93,organic,2015,California
43,3/6/2016,1.32,198961.57,19796.42,86184.70,3.04,organic,2016,California
36,4/24/2016,1.39,208434.90,18891.23,100137.58,3.04,organic,2016,California
3,12/13/2015,1.39,98605.40,13609.24,46518.56,3.05,organic,2015,California
29,6/12/2016,1.50,192533.95,24728.30,101839.43,3.07,organic,2016,California
51,1/15/2017,1.66,142739.21,27811.48,58090.25,3.08,organic,2017,California
11,10/18/2015,2.01,73799.28,15960.20,48820.15,3.09,organic,2015,California
28,6/21/2015,1.69,116908.54,51294.90,55597.45,3.09,organic,2015,California
12,10/11/2015,2.07,70004.38,14400.49,48933.21,3.10,organic,2015,California
25,7/12/2015,1.80,115063.87,45482.88,60702.07,3.11,organic,2015,California
19,8/23/2015,1.85,107431.24,30454.79,63850.97,3.11,organic,2015,California
19,8/21/2016,1.53,176650.09,28268.87,67090.59,3.11,organic,2016,California
15,9/18/2016,1.84,139322.81,19979.78,76879.66,3.11,organic,2016,California
45,2/26/2017,1.34,215699.08,26443.61,69371.98,3.16,organic,2017,California
46,2/19/2017,1.50,183797.30,27932.48,71026.47,3.16,organic,2017,California
44,2/28/2016,1.28,214658.47,16583.50,95085.10,4.55,organic,2016,California
32,5/22/2016,1.37,211081.29,22352.56,102703.17,4.59,organic,2016,California
52,1/8/2017,1.50,177777.40,33563.39,69671.75,4.62,organic,2017,California
24,7/23/2017,2.17,128480.81,20884.31,52053.33,4.67,organic,2017,California
26,7/9/2017,1.62,169101.22,18593.36,54586.32,4.68,organic,2017,California
37,4/23/2017,1.60,197179.76,28028.44,69003.58,4.70,organic,2017,California
37,4/17/2016,1.39,187358.50,17320.00,84073.76,6.08,organic,2016,California
30,6/7/2015,1.67,114406.15,49301.79,52704.34,6.16,organic,2015,California
0,1/1/2017,1.46,164137.04,31267.65,65430.27,6.16,organic,2017,California
10,10/23/2016,2.58,75897.66,9139.12,53304.49,6.17,organic,2016,California
50,1/22/2017,1.53,136422.97,28034.89,54342.56,6.18,organic,2017,California
30,6/11/2017,1.79,179141.21,32283.40,64309.03,6.18,organic,2017,California
44,3/5/2017,1.45,220712.33,28613.88,65742.41,6.34,organic,2017,California
40,3/27/2016,1.42,184634.36,14744.95,92064.48,7.58,organic,2016,California
41,3/20/2016,1.46,172196.69,15752.00,89041.95,7.60,organic,2016,California
30,6/5/2016,1.55,182778.37,26377.62,88667.93,7.66,organic,2016,California
7,11/13/2016,2.13,122099.57,21825.77,51895.85,7.69,organic,2016,California
11,10/16/2016,2.02,95599.25,13352.47,54624.49,7.72,organic,2016,California
24,7/17/2016,1.59,192800.93,21165.43,91337.45,7.76,organic,2016,California
36,4/30/2017,1.61,199903.62,29040.03,67606.93,7.79,organic,2017,California
33,5/21/2017,1.78,183083.69,28908.03,67866.42,7.80,organic,2017,California
34,5/14/2017,1.76,167406.47,29347.26,61178.45,7.82,organic,2017,California
38,4/16/2017,1.67,194263.40,28602.39,68759.01,7.85,organic,2017,California
39,4/9/2017,1.63,186112.10,30319.27,66541.46,7.86,organic,2017,California
41,3/26/2017,1.70,194052.77,34618.57,71542.71,7.86,organic,2017,California
2,3/18/2018,1.75,202790.74,29398.11,70514.05,8.08,organic,2018,California
5,11/27/2016,2.04,111851.52,21468.08,49401.43,9.22,organic,2016,California
18,8/28/2016,1.63,175422.72,20282.39,79271.95,9.33,organic,2016,California
27,7/2/2017,1.73,163970.90,20969.94,58901.69,9.35,organic,2017,California
25,7/16/2017,2.14,127255.55,18861.09,52718.44,9.36,organic,2017,California
43,3/12/2017,1.53,210400.75,26372.80,73288.71,9.46,organic,2017,California
48,2/5/2017,1.36,169739.80,37220.31,82017.40,9.46,organic,2017,California
4,12/4/2016,1.89,116895.28,24442.77,50935.56,10.75,organic,2016,California
1,12/25/2016,1.53,132890.31,22779.87,56237.83,10.76,organic,2016,California
14,9/25/2016,1.95,123708.00,12970.52,73572.34,10.84,organic,2016,California
25,7/10/2016,1.51,213417.87,30506.94,89764.31,10.85,organic,2016,California
45,2/21/2016,1.43,161206.07,14702.41,81578.02,12.13,organic,2016,California
6,11/20/2016,2.10,107587.14,18289.69,44678.81,12.30,organic,2016,California
12,10/9/2016,1.98,128966.95,15488.42,67537.91,12.36,organic,2016,California
31,6/4/2017,1.64,206419.24,31578.61,80018.80,12.42,organic,2017,California
22,7/31/2016,1.56,188494.23,21895.14,83894.93,12.45,organic,2016,California
32,5/28/2017,1.76,197588.64,31705.67,68967.28,12.52,organic,2017,California
40,4/2/2017,1.64,191988.18,31381.85,69457.56,17.30,organic,2017,California
27,6/26/2016,1.51,204392.39,34450.42,103277.20,18.59,organic,2016,California
26,7/5/2015,1.67,135522.65,50367.92,74571.56,18.66,organic,2015,California
47,2/12/2017,1.54,151754.58,27367.52,55812.63,20.18,organic,2017,California
13,10/2/2016,1.91,138994.56,15505.79,70707.24,21.66,organic,2016,California
26,7/3/2016,1.58,209495.60,24660.35,110483.19,21.71,organic,2016,California
49,1/29/2017,1.44,165225.54,30958.58,65973.06,23.20,organic,2017,California
23,7/24/2016,1.56,185039.68,22033.28,82329.89,26.42,organic,2016,California
16,9/11/2016,1.55,187617.54,22135.19,97386.14,27.95,organic,2016,California
28,6/19/2016,1.57,196942.94,23134.77,102745.34,35.56,organic,2016,California
20,8/14/2016,1.47,208956.81,28111.21,84313.38,35.82,organic,2016,California
42,3/19/2017,1.57,209591.02,25435.01,81224.16,39.25,organic,2017,California
29,6/14/2015,1.68,116322.44,51607.99,54937.64,43.18,organic,2015,California
3,12/11/2016,1.64,128204.63,20010.88,59840.22,49.16,organic,2016,California
47,2/7/2016,1.38,156586.25,13085.23,84118.36,78.91,organic,2016,California
46,2/14/2016,1.47,158522.76,11345.11,87139.61,97.12,organic,2016,California
48,1/31/2016,1.43,155319.35,17862.54,79184.75,124.41,organic,2016,California
2,12/18/2016,1.61,122728.42,18006.04,60993.65,176.75,organic,2016,California
