avocado (version 1).csv
0,Date,AveragePrice,Total Volume,4046,4225,4770,type,year,region
5,11/27/2016,1.21,4185900.67,1508446.52,1313000.92,81897.44,conventional,2016,California
10,10/23/2016,1.39,3899040.66,1397559.40,1129206.16,82276.22,conventional,2016,California
4,12/4/2016,0.98,5062952.53,1916640.11,1449671.84,86152.75,conventional,2016,California
4,12/10/2017,1.06,5715712.21,2234102.17,2013200.40,90168.26,conventional,2017,California
0,1/1/2017,0.89,7175276.66,2266313.37,2877688.31,90899.53,conventional,2017,California
2,12/18/2016,0.95,4922621.54,1575318.71,1774200.38,90983.73,conventional,2016,California
9,10/30/2016,1.68,3139833.50,1126017.42,1186843.99,92064.47,conventional,2016,California
1,3/25/2018,1.04,6687009.44,1932162.02,2715163.60,92955.04,conventional,2018,California
6,11/20/2016,1.32,4253815.59,1513797.40,1394929.07,93901.07,conventional,2016,California
2,3/18/2018,1.02,6802084.11,2161037.82,2305253.24,94087.86,conventional,2018,California
51,1/15/2017,0.93,6656554.36,2075029.62,2450277.12,95137.62,conventional,2017,California
3,12/11/2016,0.90,5526646.12,1638639.18,2137290.51,96836.26,conventional,2016,California
1,12/25/2016,0.94,5414937.46,1579234.89,2192460.84,99997.75,conventional,2016,California
5,12/3/2017,1.09,5544556.00,2333912.00,1660573.00,100234.00,conventional,2017,California
51,1/11/2015,0.92,6024932.34,2889591.29,2485720.10,103573.42,conventional,2015,California
50,1/22/2017,0.76,8153340.48,3089603.62,2659661.41,106559.24,conventional,2017,California
7,11/19/2017,1.26,4782021.00,1879513.00,1360694.00,107055.00,conventional,2017,California
17,9/4/2016,1.08,6681646.14,2501655.40,2179345.27,107653.45,conventional,2016,California
3,3/11/2018,1.11,6488605.43,2277437.31,1750118.87,108244.33,conventional,2018,California
9,11/5/2017,1.15,5663438.53,2148627.40,2224529.18,108333.63,conventional,2017,California
8,11/12/2017,1.15,5637795.00,2309785.00,1882561.00,108415.00,conventional,2017,California
11,10/16/2016,1.40,4878037.64,1635631.14,1600568.32,108458.09,conventional,2016,California
52,1/8/2017,1.00,6653048.21,1988635.39,2569566.25,109029.01,conventional,2017,California
5,2/25/2018,1.03,6750361.46,2666133.31,1947660.32,110662.05,conventional,2018,California
1,12/31/2017,0.93,7132711.23,2280934.17,3201737.11,111845.09,conventional,2017,California
7,11/13/2016,1.48,3848128.20,1326907.02,1367684.96,112541.90,conventional,2016,California
15,9/18/2016,1.22,5471565.28,1888694.03,1934688.42,112714.97,conventional,2016,California
16,9/11/2016,1.12,6059764.51,2297601.90,1976499.46,114241.36,conventional,2016,California
6,2/18/2018,1.10,6379219.83,2086478.70,2413234.64,114573.33,conventional,2018,California
3,12/17/2017,0.98,6205211.05,1901831.08,2877209.20,115250.14,conventional,2017,California
4,3/4/2018,1.13,6295529.61,2380723.98,1676629.99,116796.74,conventional,2018,California
2,12/24/2017,1.13,5346535.57,1934361.67,1934710.69,116855.41,conventional,2017,California
14,9/25/2016,1.15,6075588.68,2357903.80,1924933.51,117423.95,conventional,2016,California
7,2/11/2018,0.98,6718358.10,2787033.93,1781591.88,119593.17,conventional,2018,California
15,9/24/2017,1.74,3937000.67,1383479.62,1575761.37,119703.21,conventional,2017,California
14,10/1/2017,1.77,3870633.16,1288266.68,1608863.15,120405.29,conventional,2017,California
8,11/6/2016,1.68,3395058.42,1111431.87,1333386.69,120964.40,conventional,2016,California
9,1/28/2018,1.16,6134040.58,2254631.80,2185495.65,121090.87,conventional,2018,California
50,1/18/2015,1.02,5570915.26,2780859.66,2108450.36,121614.31,conventional,2015,California
6,11/26/2017,1.30,4392810.00,1734281.00,1354966.00,121946.00,conventional,2017,California
13,10/2/2016,1.19,5652496.31,2359102.44,1664176.22,121961.08,conventional,2016,California
10,1/21/2018,1.12,6610010.64,2378177.09,2590301.70,122950.68,conventional,2018,California
12,10/9/2016,1.34,5375978.50,2021375.04,1750074.56,123430.31,conventional,2016,California
11,10/22/2017,1.53,4420877.40,1604916.52,1779177.98,123891.36,conventional,2017,California
10,10/29/2017,1.20,5714676.89,1981731.12,2384845.53,125816.68,conventional,2017,California
16,9/17/2017,1.72,4167531.38,1571529.56,1556655.98,128019.39,conventional,2017,California
18,8/28/2016,0.99,6696300.05,2683109.80,1878139.55,133979.15,conventional,2016,California
34,5/14/2017,1.17,6370622.30,2375685.35,1570244.89,134825.51,conventional,2017,California
0,1/7/2018,1.19,5756632.36,2350838.88,1704810.36,135053.06,conventional,2018,California
12,10/15/2017,1.68,4066640.98,1348029.41,1699672.65,137027.40,conventional,2017,California
0,1/4/2015,0.93,5777334.90,2843648.26,2267755.26,137479.64,conventional,2015,California
33,5/21/2017,1.35,5599003.03,2077113.57,1627754.26,137755.31,conventional,2017,California
41,3/26/2017,1.33,5073070.91,1693588.76,1542979.33,138133.01,conventional,2017,California
13,10/8/2017,1.74,4151444.41,1377101.00,1829530.74,138380.27,conventional,2017,California
31,6/4/2017,1.20,6507093.57,2378539.46,1580024.38,141320.44,conventional,2017,California
17,9/10/2017,1.71,4380657.13,1677368.14,1599511.35,141899.49,conventional,2017,California
42,3/19/2017,1.31,5328958.01,1857645.04,1555271.43,143586.99,conventional,2017,California
8,2/4/2018,0.80,10894677.77,4473811.63,4097591.67,146357.78,conventional,2018,California
49,1/29/2017,0.76,8055482.07,3009291.31,2295856.21,148335.97,conventional,2017,California
47,2/8/2015,0.91,5871224.58,2908845.38,2200393.89,149458.93,conventional,2015,California
49,1/25/2015,1.06,4929884.26,2380955.61,1827783.28,150535.50,conventional,2015,California
35,5/7/2017,1.08,7872203.23,2851510.24,2470795.47,150595.46,conventional,2017,California
40,4/2/2017,1.22,5719811.06,1856672.56,1580307.30,150682.37,conventional,2017,California
11,1/14/2018,1.27,5927016.73,2098762.55,2356359.93,151045.33,conventional,2018,California
24,7/23/2017,1.46,5188483.10,2201004.96,1738865.16,151424.79,conventional,2017,California
23,7/30/2017,1.38,5571000.96,2179199.68,2206571.02,152942.18,conventional,2017,California
32,5/28/2017,1.32,6160751.92,2307940.04,1793496.44,153502.24,conventional,2017,California
45,2/26/2017,0.95,6342089.92,2193499.50,2038284.77,155642.35,conventional,2017,California
43,3/12/2017,1.31,5208101.86,1871004.41,1577127.23,156629.51,conventional,2017,California
19,8/27/2017,1.78,4360013.67,1889886.87,1420373.34,157338.07,conventional,2017,California
25,7/12/2015,1.13,5451636.92,2747299.98,1923893.11,157478.05,conventional,2015,California
36,4/30/2017,1.25,5889669.20,2197824.46,1689225.61,157508.63,conventional,2017,California
47,2/12/2017,0.79,6862176.64,2429385.13,1870884.97,158534.53,conventional,2017,California
22,8/6/2017,1.36,5655955.05,2313742.61,1892140.35,159763.39,conventional,2017,California
44,3/5/2017,1.15,5634150.07,1961188.27,1720072.57,161251.98,conventional,2017,California
39,4/9/2017,1.13,6249182.98,1926187.79,2128867.47,161909.09,conventional,2017,California
37,4/23/2017,1.26,5637299.78,2027854.71,1521895.03,162006.91,conventional,2017,California
38,4/16/2017,1.34,5442086.44,2047142.24,1572972.43,163002.25,conventional,2017,California
20,8/20/2017,1.64,4524974.68,1995269.12,1293180.21,165218.13,conventional,2017,California
18,9/3/2017,1.65,4648718.22,1856634.40,1720930.65,168178.12,conventional,2017,California
33,5/17/2015,1.08,5289138.50,2923673.93,1649623.66,168597.35,conventional,2015,California
46,2/15/2015,0.96,5699944.93,3315163.60,1620462.13,169907.54,conventional,2015,California
44,3/1/2015,0.84,6700134.25,3516551.29,2460932.41,170580.54,conventional,2015,California
19,8/21/2016,1.05,6308000.34,2646367.78,1712067.20,171379.36,conventional,2016,California
45,2/22/2015,0.96,5951871.32,3210177.22,1933699.49,172675.88,conventional,2015,California
48,2/1/2015,0.85,9032180.67,4794142.14,3460743.80,177145.49,conventional,2015,California
37,4/19/2015,1.05,5871080.81,3024466.22,2070974.14,177354.82,conventional,2015,California
46,2/19/2017,0.95,6194368.66,1999799.14,2098407.09,177817.01,conventional,2017,California
25,7/16/2017,1.49,5405190.35,2319570.09,1821613.01,178446.19,conventional,2017,California
22,8/2/2015,1.16,5428238.87,2940145.82,1737845.94,183471.03,conventional,2015,California
43,3/8/2015,0.96,5990243.89,3484274.60,1649936.05,184720.58,conventional,2015,California
38,4/12/2015,1.06,5636644.51,2848184.00,1988818.23,185198.77,conventional,2015,California
24,7/19/2015,1.18,5225200.52,2805887.74,1629871.75,188207.47,conventional,2015,California
30,6/11/2017,1.22,6177216.24,2302944.62,1517908.04,188258.15,conventional,2017,California
21,8/13/2017,1.26,5862368.39,2346710.99,2079376.28,190313.03,conventional,2017,California
28,6/25/2017,1.15,6999255.87,2706875.38,1977949.64,191069.11,conventional,2017,California
29,6/18/2017,1.20,6599048.85,2691571.96,1650089.15,191313.38,conventional,2017,California
35,5/3/2015,0.88,8567534.49,4340117.03,3403145.10,192473.92,conventional,2015,California
40,3/29/2015,1.10,5341821.67,2609532.63,1869271.31,193577.55,conventional,2015,California
21,8/9/2015,1.10,6232081.27,3260775.73,2196704.97,193831.60,conventional,2015,California
34,5/10/2015,0.93,6650357.96,4085858.78,1735132.32,194575.97,conventional,2015,California
42,3/15/2015,1.06,5557163.11,2962520.41,1737353.95,194761.49,conventional,2015,California
7,11/15/2015,0.83,5755190.69,2243013.44,2164098.99,195159.32,conventional,2015,California
41,3/22/2015,1.06,5571812.77,2348618.25,2314393.94,195791.46,conventional,2015,California
32,5/24/2015,1.10,5621713.64,2978396.74,1873205.91,195991.06,conventional,2015,California
36,4/26/2015,1.15,4923565.04,2421009.67,1729486.77,196469.02,conventional,2015,California
14,9/27/2015,1.04,5216784.63,1860050.39,2635028.38,206460.07,conventional,2015,California
26,7/9/2017,1.28,6499668.48,2634902.26,1818682.87,207945.39,conventional,2017,California
20,8/16/2015,1.11,5616434.08,3098708.55,1731349.00,208724.73,conventional,2015,California
23,7/26/2015,1.13,5557616.27,3112921.78,1636659.90,209427.05,conventional,2015,California
31,5/31/2015,0.98,6236903.31,3620440.35,1826496.62,209443.33,conventional,2015,California
29,6/14/2015,0.97,6741662.31,4075881.34,1771908.98,210670.82,conventional,2015,California
21,8/7/2016,1.17,6144827.51,2152079.32,2039791.18,211671.11,conventional,2016,California
9,11/1/2015,0.95,5830427.96,2369824.75,2596785.28,211901.97,conventional,2015,California
27,6/28/2015,1.10,5641742.02,3163839.74,1610910.07,212173.21,conventional,2015,California
48,2/5/2017,0.67,11213596.29,3986429.59,3550403.07,214137.93,conventional,2017,California
10,10/25/2015,1.12,4592461.81,1733791.31,2025016.15,215622.63,conventional,2015,California
6,11/22/2015,0.92,4804278.16,1602215.57,1917124.52,215632.16,conventional,2015,California
8,11/8/2015,0.98,5148983.51,2317858.81,1758964.54,216523.58,conventional,2015,California
11,10/18/2015,1.07,4999031.79,1847991.31,2286235.79,217814.17,conventional,2015,California
20,8/14/2016,1.07,6538335.89,2200099.61,2538994.07,218247.48,conventional,2016,California
28,6/21/2015,1.07,5952597.29,3328631.93,1743509.25,218423.77,conventional,2015,California
12,10/11/2015,1.08,5063309.38,1757211.58,2530023.18,221032.74,conventional,2015,California
30,6/7/2015,0.98,6374842.90,3614314.44,1860329.30,221330.48,conventional,2015,California
4,12/6/2015,0.78,5775536.27,1943065.50,2100246.17,221957.26,conventional,2015,California
19,8/23/2015,1.18,5193221.00,2626977.95,1798911.33,222082.91,conventional,2015,California
13,10/4/2015,1.02,4943781.29,1461112.39,2788317.94,222260.58,conventional,2015,California
5,11/29/2015,0.91,4575710.62,1461699.38,1810202.70,222311.07,conventional,2015,California
27,7/2/2017,1.28,6607292.61,2527123.67,1942683.02,224121.48,conventional,2017,California
39,4/5/2015,1.12,5467155.55,2754464.87,1886168.89,225396.85,conventional,2015,California
1,12/27/2015,0.90,5040365.47,1833946.59,1760956.02,232755.85,conventional,2015,California
3,12/13/2015,0.87,5259354.30,1806690.08,1627240.76,232985.13,conventional,2015,California
18,8/30/2015,1.08,5647385.15,3104607.82,1660274.32,233027.36,conventional,2015,California
17,9/6/2015,1.09,5806392.78,2859325.91,2077193.60,240185.00,conventional,2015,California
22,7/31/2016,1.22,5947160.29,1922055.35,2069409.78,244730.21,conventional,2016,California
50,1/17/2016,0.90,6000013.23,1653347.69,2336705.19,250106.17,conventional,2016,California
26,7/5/2015,1.12,6718011.83,3581149.88,2120303.06,254187.47,conventional,2015,California
0,1/3/2016,0.73,7730431.28,2315175.35,2856102.41,257268.16,conventional,2016,California
51,1/10/2016,0.87,6303406.82,1736168.01,2173554.18,261931.07,conventional,2016,California
2,12/20/2015,0.94,4695737.21,1676601.43,1543280.76,266689.82,conventional,2015,California
45,2/21/2016,0.89,6374019.03,1776499.00,2073957.12,267508.94,conventional,2016,California
16,9/13/2015,1.13,5106508.12,1863270.81,2388023.33,270794.34,conventional,2015,California
49,1/24/2016,0.88,6246380.73,1230068.19,2457751.77,272665.17,conventional,2016,California
15,9/20/2015,1.14,4759791.13,1702965.49,2230693.51,273922.36,conventional,2015,California
46,2/14/2016,0.82,6807283.15,1998149.71,1974912.11,278558.48,conventional,2016,California
24,7/17/2016,1.14,6200613.68,2196723.33,2037093.61,278664.44,conventional,2016,California
48,1/31/2016,0.88,6506673.96,2126066.85,2069192.92,287234.03,conventional,2016,California
35,5/1/2016,0.75,7661483.37,2817406.20,2628579.48,291448.73,conventional,2016,California
25,7/10/2016,1.08,6721690.88,2399360.67,2117397.07,292540.95,conventional,2016,California
41,3/20/2016,0.91,6476206.54,1893617.80,2191468.26,299002.93,conventional,2016,California
44,2/28/2016,0.89,6588277.70,1873878.11,2020327.87,302210.56,conventional,2016,California
23,7/24/2016,1.20,6104047.38,2019596.60,2147541.33,302735.37,conventional,2016,California
40,3/27/2016,0.93,6603707.93,1935666.12,2149391.86,311356.91,conventional,2016,California
42,3/13/2016,0.96,6017563.88,1750943.52,1855262.70,317337.27,conventional,2016,California
28,6/19/2016,1.06,6528056.18,2409003.00,2045112.18,319711.53,conventional,2016,California
36,4/24/2016,0.84,6933382.40,2507347.38,2355998.94,325242.94,conventional,2016,California
43,3/6/2016,0.92,6429870.23,1893787.20,1975668.02,325582.20,conventional,2016,California
27,6/26/2016,1.03,6407277.49,2333532.13,1967324.63,328206.37,conventional,2016,California
29,6/12/2016,1.01,6506234.86,2597934.17,1869930.06,328653.80,conventional,2016,California
32,5/22/2016,0.90,6501981.08,2238875.14,2178820.82,329737.94,conventional,2016,California
39,4/3/2016,0.93,6060843.76,1805555.95,2247248.19,334735.17,conventional,2016,California
34,5/8/2016,0.79,7808461.74,2716222.01,2615648.28,336387.90,conventional,2016,California
31,5/29/2016,0.98,6700986.44,2522305.33,2097509.45,341992.36,conventional,2016,California
33,5/15/2016,0.97,6068872.71,2247484.21,1968268.95,353196.44,conventional,2016,California
26,7/3/2016,1.10,7087455.16,2409025.69,2439611.73,356022.10,conventional,2016,California
38,4/10/2016,0.94,6509000.56,2248561.59,1958358.83,358015.82,conventional,2016,California
30,6/5/2016,0.94,7365675.31,2921963.17,2131717.34,373358.37,conventional,2016,California
37,4/17/2016,0.93,6397813.48,2370403.05,1875909.98,382295.13,conventional,2016,California
47,2/7/2016,0.70,10361698.17,2930343.28,3950852.38,424389.60,conventional,2016,California
