avocado (version 1).csv
0,Date,AveragePrice,Total Volume,4046,4225,4770,type,year,region
15,9/24/2017,2.55,10375.19,22.31,4284.88,118.25,organic,2017,Charlotte
13,10/8/2017,2.67,9398.69,30.60,3911.27,130.82,organic,2017,Charlotte
7,11/19/2017,2.13,7918.52,7.04,3853.79,131.39,organic,2017,Charlotte
16,9/17/2017,2.77,8821.08,22.96,4305.79,157.10,organic,2017,Charlotte
6,11/26/2017,2.11,8485.97,21.02,3663.49,157.71,organic,2017,Charlotte
10,10/29/2017,2.02,11245.23,43.32,3776.83,160.97,organic,2017,Charlotte
1,3/25/2018,1.77,12030.96,17.85,5964.29,161.23,organic,2018,Charlotte
12,10/15/2017,2.38,10195.59,64.00,3476.86,161.46,organic,2017,Charlotte
14,10/1/2017,2.82,8276.33,12.62,4182.38,174.37,organic,2017,Charlotte
19,8/27/2017,2.83,9801.89,66.38,4585.79,175.49,organic,2017,Charlotte
8,11/12/2017,2.15,9048.50,16.49,3865.41,176.72,organic,2017,Charlotte
11,10/22/2017,2.08,11569.34,36.20,4320.47,181.26,organic,2017,Charlotte
5,2/25/2018,1.91,11946.22,36.46,5987.21,190.71,organic,2018,Charlotte
9,11/5/2017,2.22,9818.51,31.39,4550.54,194.47,organic,2017,Charlotte
1,12/31/2017,1.71,11939.07,34.71,5197.49,198.71,organic,2017,Charlotte
20,8/20/2017,2.48,10482.69,92.36,4682.08,200.75,organic,2017,Charlotte
8,2/4/2018,1.89,13273.93,26.28,5187.80,201.87,organic,2018,Charlotte
4,12/10/2017,1.91,10004.14,4.18,4292.94,202.41,organic,2017,Charlotte
2,3/18/2018,1.75,11986.57,30.26,5808.91,205.67,organic,2018,Charlotte
5,12/3/2017,1.90,9558.48,20.01,4864.47,210.73,organic,2017,Charlotte
2,12/24/2017,1.83,9064.06,6.59,3987.42,214.40,organic,2017,Charlotte
17,9/10/2017,2.80,10286.63,68.51,4094.41,222.11,organic,2017,Charlotte
3,3/11/2018,1.73,13697.68,29.01,6861.78,222.69,organic,2018,Charlotte
0,1/7/2018,1.08,28741.11,22.16,6254.59,225.17,organic,2018,Charlotte
3,12/17/2017,1.86,9678.60,1.20,4729.56,227.56,organic,2017,Charlotte
6,2/18/2018,1.83,12417.57,22.67,5878.08,232.08,organic,2018,Charlotte
7,2/11/2018,1.92,11216.56,7.20,5645.05,238.86,organic,2018,Charlotte
18,9/3/2017,2.82,10311.34,17.76,4696.17,241.64,organic,2017,Charlotte
11,1/14/2018,1.45,19522.15,17.87,7132.92,241.85,organic,2018,Charlotte
21,8/13/2017,2.35,10438.10,33.00,4739.09,242.97,organic,2017,Charlotte
10,1/21/2018,1.62,12422.70,8.94,5461.01,246.99,organic,2018,Charlotte
22,8/6/2017,2.36,10271.22,28.61,4983.56,251.04,organic,2017,Charlotte
4,3/4/2018,1.88,11882.61,31.41,6586.88,268.25,organic,2018,Charlotte
9,1/28/2018,1.76,12432.58,21.47,6626.86,271.36,organic,2018,Charlotte
28,6/25/2017,1.99,9404.14,31.85,5152.64,283.56,organic,2017,Charlotte
30,6/11/2017,2.15,9586.49,285.37,4582.85,302.45,organic,2017,Charlotte
23,7/30/2017,2.07,8475.83,26.63,5054.68,322.23,organic,2017,Charlotte
29,6/18/2017,2.03,8381.65,79.72,4880.33,337.19,organic,2017,Charlotte
31,6/4/2017,2.47,7061.26,295.98,4783.78,342.96,organic,2017,Charlotte
4,12/4/2016,1.99,5851.20,93.04,2472.52,346.29,organic,2016,Charlotte
26,7/9/2017,2.06,8788.78,5.97,5370.27,348.47,organic,2017,Charlotte
27,7/2/2017,2.09,8194.26,46.21,5110.55,372.35,organic,2017,Charlotte
25,7/16/2017,1.99,9447.15,12.59,5361.39,376.53,organic,2017,Charlotte
24,7/23/2017,2.00,9135.63,22.63,5297.61,390.71,organic,2017,Charlotte
32,5/28/2017,2.50,8254.68,313.55,5326.85,398.10,organic,2017,Charlotte
1,12/25/2016,1.62,6780.63,74.49,2520.97,399.49,organic,2016,Charlotte
37,4/23/2017,2.58,7040.71,280.54,4591.39,403.00,organic,2017,Charlotte
36,4/30/2017,2.53,7230.20,290.78,4784.56,413.52,organic,2017,Charlotte
35,5/7/2017,2.31,8083.68,146.19,5186.80,414.39,organic,2017,Charlotte
47,2/12/2017,1.63,9089.66,148.37,4040.19,418.86,organic,2017,Charlotte
44,3/5/2017,1.78,6959.35,330.49,3724.34,436.66,organic,2017,Charlotte
33,5/21/2017,2.48,7285.09,256.65,4833.23,438.64,organic,2017,Charlotte
50,1/22/2017,1.48,8443.85,92.31,3486.55,448.82,organic,2017,Charlotte
3,12/11/2016,1.68,7154.49,132.06,2651.85,459.44,organic,2016,Charlotte
48,2/5/2017,1.62,8473.46,140.61,3540.95,461.31,organic,2017,Charlotte
0,1/1/2017,1.70,7225.07,120.83,3134.68,489.12,organic,2017,Charlotte
41,3/20/2016,1.57,4713.35,370.07,2022.52,490.82,organic,2016,Charlotte
46,2/14/2016,1.75,3610.52,307.68,1674.06,502.11,organic,2016,Charlotte
37,4/17/2016,1.77,4460.01,400.23,2383.44,505.61,organic,2016,Charlotte
5,11/27/2016,2.03,6587.92,163.77,2762.34,514.03,organic,2016,Charlotte
2,12/18/2016,1.59,7485.47,128.87,2824.38,517.67,organic,2016,Charlotte
49,1/29/2017,1.50,10053.43,131.99,4705.70,520.72,organic,2017,Charlotte
3,12/13/2015,1.90,2720.17,321.35,1353.35,527.18,organic,2015,Charlotte
45,2/26/2017,1.70,8500.37,220.32,3918.45,541.98,organic,2017,Charlotte
32,5/22/2016,1.71,5433.16,437.48,2422.71,544.63,organic,2016,Charlotte
33,5/15/2016,1.69,6007.48,320.43,2628.62,554.28,organic,2016,Charlotte
6,11/20/2016,1.95,7881.12,102.42,2877.60,555.31,organic,2016,Charlotte
42,3/19/2017,1.96,6033.09,290.05,4578.97,555.66,organic,2017,Charlotte
45,2/21/2016,1.81,3521.87,315.14,1836.82,556.58,organic,2016,Charlotte
41,3/26/2017,2.01,8724.00,276.46,5908.44,559.41,organic,2017,Charlotte
44,2/28/2016,1.83,3584.60,290.68,2007.09,559.81,organic,2016,Charlotte
51,1/15/2017,1.50,10672.07,148.64,4643.38,570.26,organic,2017,Charlotte
4,12/6/2015,1.95,2487.94,162.31,1278.07,577.56,organic,2015,Charlotte
34,5/14/2017,2.21,9005.08,420.54,6462.38,585.26,organic,2017,Charlotte
50,1/17/2016,1.92,2997.36,469.83,1659.70,587.83,organic,2016,Charlotte
43,3/12/2017,1.86,7142.45,226.55,4485.51,589.46,organic,2017,Charlotte
46,2/19/2017,1.67,9418.55,299.88,4076.97,598.59,organic,2017,Charlotte
49,1/24/2016,1.76,3735.44,332.43,1649.80,603.21,organic,2016,Charlotte
2,12/20/2015,1.90,2940.47,326.79,1462.14,604.87,organic,2015,Charlotte
40,3/27/2016,1.69,4551.61,311.44,2333.56,615.04,organic,2016,Charlotte
7,11/13/2016,1.94,8516.76,177.79,2996.77,615.32,organic,2016,Charlotte
52,1/8/2017,1.49,11737.62,235.17,4456.81,620.22,organic,2017,Charlotte
43,3/6/2016,1.79,4003.24,342.43,2122.95,621.19,organic,2016,Charlotte
15,9/18/2016,1.74,9074.71,240.75,3850.09,623.35,organic,2016,Charlotte
38,4/10/2016,1.60,5734.30,351.95,2597.02,625.44,organic,2016,Charlotte
42,3/13/2016,1.70,4131.98,280.07,2080.98,625.97,organic,2016,Charlotte
48,1/31/2016,1.75,3829.49,354.19,1734.77,630.53,organic,2016,Charlotte
5,11/29/2015,1.96,2617.44,142.69,1404.09,638.12,organic,2015,Charlotte
36,4/24/2016,1.67,6489.79,369.98,2721.06,639.06,organic,2016,Charlotte
40,4/2/2017,1.95,10320.10,277.75,6849.46,639.44,organic,2017,Charlotte
47,2/7/2016,1.82,3529.44,385.10,1740.65,640.36,organic,2016,Charlotte
13,10/2/2016,1.78,8909.48,262.02,3891.17,643.79,organic,2016,Charlotte
38,4/16/2017,2.05,8797.77,300.02,6234.75,655.14,organic,2017,Charlotte
39,4/3/2016,1.71,5126.69,318.00,2844.01,658.90,organic,2016,Charlotte
28,6/19/2016,1.72,5073.77,325.22,2602.89,663.16,organic,2016,Charlotte
14,9/25/2016,1.80,7989.78,281.42,3611.15,676.05,organic,2016,Charlotte
1,12/27/2015,1.90,2948.39,389.52,1416.49,682.38,organic,2015,Charlotte
30,6/5/2016,1.60,6062.33,343.30,2507.58,694.74,organic,2016,Charlotte
31,5/29/2016,1.66,5676.93,301.54,2647.47,702.09,organic,2016,Charlotte
39,4/9/2017,2.02,8814.73,247.84,5759.67,705.10,organic,2017,Charlotte
0,1/3/2016,1.78,4284.47,749.20,1979.18,705.60,organic,2016,Charlotte
35,5/1/2016,1.68,5736.02,268.44,2921.35,718.82,organic,2016,Charlotte
16,9/11/2016,1.75,9581.48,251.08,4140.55,724.15,organic,2016,Charlotte
29,6/12/2016,1.76,4612.16,381.97,2418.00,726.75,organic,2016,Charlotte
8,11/6/2016,1.92,9664.27,208.66,3144.06,728.54,organic,2016,Charlotte
6,11/22/2015,1.97,2798.21,234.13,1454.12,728.78,organic,2015,Charlotte
18,8/28/2016,1.78,8617.46,338.94,3830.43,738.30,organic,2016,Charlotte
8,11/8/2015,1.91,3103.10,332.85,1195.59,751.01,organic,2015,Charlotte
12,10/9/2016,1.64,10308.86,246.32,4951.79,759.62,organic,2016,Charlotte
50,1/18/2015,2.15,2697.81,346.76,744.32,766.41,organic,2015,Charlotte
34,5/8/2016,1.79,5581.18,299.93,3030.75,767.24,organic,2016,Charlotte
11,10/16/2016,1.64,9444.39,162.58,4681.53,778.48,organic,2016,Charlotte
13,10/4/2015,2.06,3480.18,337.52,1218.57,808.84,organic,2015,Charlotte
10,10/23/2016,1.64,9342.71,147.98,4509.02,811.96,organic,2016,Charlotte
7,11/15/2015,1.94,3002.61,244.63,1295.86,828.52,organic,2015,Charlotte
51,1/11/2015,2.29,2390.22,155.92,969.82,832.70,organic,2015,Charlotte
27,6/26/2016,1.59,7034.66,420.63,2574.75,834.61,organic,2016,Charlotte
51,1/10/2016,1.77,4815.55,313.18,2207.99,842.33,organic,2016,Charlotte
15,9/20/2015,1.97,4103.72,307.22,1181.60,842.48,organic,2015,Charlotte
23,7/26/2015,2.08,3206.72,228.17,1265.39,861.44,organic,2015,Charlotte
14,9/27/2015,2.16,2965.81,291.76,1201.29,867.01,organic,2015,Charlotte
17,9/4/2016,1.81,8582.19,205.09,4068.91,881.26,organic,2016,Charlotte
0,1/4/2015,2.13,2965.62,151.70,882.52,905.77,organic,2015,Charlotte
49,1/25/2015,2.29,2694.11,347.67,956.65,920.11,organic,2015,Charlotte
16,9/13/2015,2.02,3992.43,327.06,1255.80,928.56,organic,2015,Charlotte
26,7/3/2016,1.72,5662.13,278.93,2594.43,929.00,organic,2016,Charlotte
25,7/10/2016,1.81,5664.83,312.85,2726.58,991.27,organic,2016,Charlotte
45,2/22/2015,1.90,3180.29,198.13,1119.06,992.87,organic,2015,Charlotte
19,8/21/2016,1.78,9642.80,457.29,3917.27,999.60,organic,2016,Charlotte
27,6/28/2015,2.15,3823.73,414.23,1740.69,1016.64,organic,2015,Charlotte
12,10/11/2015,1.94,3614.95,253.41,1370.54,1016.70,organic,2015,Charlotte
17,9/6/2015,2.01,4259.63,250.27,1331.42,1018.35,organic,2015,Charlotte
24,7/19/2015,2.05,3885.45,199.61,1516.86,1018.60,organic,2015,Charlotte
18,8/30/2015,2.01,4203.20,274.43,1401.28,1025.96,organic,2015,Charlotte
46,2/15/2015,1.92,3125.59,219.08,1098.75,1056.49,organic,2015,Charlotte
29,6/14/2015,2.06,4040.75,325.75,1432.84,1059.26,organic,2015,Charlotte
28,6/21/2015,2.19,3425.95,336.07,1506.60,1081.37,organic,2015,Charlotte
22,8/2/2015,2.11,3977.77,358.91,1441.63,1083.55,organic,2015,Charlotte
47,2/8/2015,1.87,4011.02,188.23,1382.91,1092.82,organic,2015,Charlotte
44,3/1/2015,1.90,3545.33,189.99,1371.06,1099.96,organic,2015,Charlotte
9,11/1/2015,1.92,3507.63,317.46,1300.88,1100.02,organic,2015,Charlotte
42,3/15/2015,1.87,3890.97,205.39,1300.42,1102.84,organic,2015,Charlotte
10,10/25/2015,1.93,3851.01,342.30,1551.67,1123.58,organic,2015,Charlotte
39,4/5/2015,2.08,3643.37,303.66,1235.08,1127.82,organic,2015,Charlotte
11,10/18/2015,1.97,3681.19,336.37,1394.00,1143.22,organic,2015,Charlotte
25,7/12/2015,2.13,3962.07,287.98,1458.03,1144.44,organic,2015,Charlotte
22,7/31/2016,1.64,8048.90,422.26,4190.77,1150.01,organic,2016,Charlotte
36,4/26/2015,2.18,3471.08,295.75,1054.18,1150.52,organic,2015,Charlotte
20,8/14/2016,1.82,9721.49,409.36,4531.35,1158.28,organic,2016,Charlotte
30,6/7/2015,2.02,4369.42,278.55,1378.40,1159.44,organic,2015,Charlotte
43,3/8/2015,1.84,4143.11,215.98,1312.61,1163.42,organic,2015,Charlotte
9,10/30/2016,1.66,10446.48,160.00,4973.04,1171.38,organic,2016,Charlotte
34,5/10/2015,2.05,4245.72,465.84,1282.98,1191.26,organic,2015,Charlotte
19,8/23/2015,2.06,4602.39,272.26,1766.07,1193.83,organic,2015,Charlotte
26,7/5/2015,2.16,3669.96,278.99,1514.86,1196.67,organic,2015,Charlotte
41,3/22/2015,1.90,4289.10,329.84,1603.42,1221.87,organic,2015,Charlotte
40,3/29/2015,1.96,3493.98,267.80,1467.60,1227.69,organic,2015,Charlotte
23,7/24/2016,1.62,8306.20,388.08,4288.98,1242.32,organic,2016,Charlotte
38,4/12/2015,2.12,3870.58,255.73,1460.35,1256.22,organic,2015,Charlotte
20,8/16/2015,2.04,4279.91,150.98,1496.03,1269.58,organic,2015,Charlotte
31,5/31/2015,2.14,4092.07,335.32,1524.77,1348.57,organic,2015,Charlotte
24,7/17/2016,1.58,7940.49,342.54,3579.56,1379.56,organic,2016,Charlotte
37,4/19/2015,2.06,4163.99,234.00,1311.90,1400.10,organic,2015,Charlotte
21,8/9/2015,1.98,4920.30,374.39,2116.41,1410.55,organic,2015,Charlotte
48,2/1/2015,1.93,3557.34,210.49,1244.18,1457.98,organic,2015,Charlotte
32,5/24/2015,2.07,4774.56,405.00,1601.85,1473.53,organic,2015,Charlotte
21,8/7/2016,1.65,10375.29,405.22,5999.14,1492.11,organic,2016,Charlotte
35,5/3/2015,1.80,4635.16,265.21,1499.19,1856.14,organic,2015,Charlotte
33,5/17/2015,1.26,11088.20,476.58,4780.37,4975.49,organic,2015,Charlotte
