avocado (version 1).csv
0,Date,AveragePrice,Total Volume,4046,4225,4770,type,year,region
3,12/17/2017,1.26,189529.04,58017.31,56564.52,3658.03,conventional,2017,Charlotte
6,11/26/2017,1.40,170412.00,45363.00,56764.00,3742.00,conventional,2017,Charlotte
7,11/19/2017,1.40,179011.00,47542.00,59312.00,3820.00,conventional,2017,Charlotte
2,12/24/2017,1.33,182537.83,53317.48,58732.18,3839.91,conventional,2017,Charlotte
4,12/10/2017,1.02,277528.93,58726.14,60515.61,4428.39,conventional,2017,Charlotte
8,11/12/2017,1.44,190445.00,53681.00,65657.00,4551.00,conventional,2017,Charlotte
5,12/3/2017,1.26,220837.00,58826.00,94262.00,4556.00,conventional,2017,Charlotte
11,10/22/2017,1.64,168237.31,44543.75,65040.05,4652.86,conventional,2017,Charlotte
10,1/21/2018,1.11,331324.99,74246.57,80371.21,4657.83,conventional,2018,Charlotte
10,10/29/2017,1.49,183224.98,52951.42,62872.00,4716.56,conventional,2017,Charlotte
13,10/8/2017,1.77,178991.71,50017.71,66076.12,4781.98,conventional,2017,Charlotte
14,10/1/2017,1.76,180280.25,43576.07,74145.54,4797.80,conventional,2017,Charlotte
9,1/28/2018,1.37,247893.13,68666.93,79639.90,4802.79,conventional,2018,Charlotte
9,11/5/2017,1.47,187381.18,46741.48,65173.50,4855.57,conventional,2017,Charlotte
0,1/7/2018,1.36,243301.08,69157.01,80320.79,4915.10,conventional,2018,Charlotte
16,9/17/2017,1.61,192447.11,56017.67,64593.12,5176.80,conventional,2017,Charlotte
7,2/11/2018,1.18,262133.71,69727.98,67904.50,5261.66,conventional,2018,Charlotte
2,3/18/2018,0.99,396324.57,73274.02,93954.85,5330.38,conventional,2018,Charlotte
15,9/24/2017,1.72,186923.93,47607.14,71519.48,5336.34,conventional,2017,Charlotte
6,2/18/2018,1.36,224395.77,53547.46,75445.39,5423.50,conventional,2018,Charlotte
17,9/10/2017,1.69,187822.60,45960.24,68912.39,5424.48,conventional,2017,Charlotte
11,1/14/2018,1.38,251260.54,60751.23,97094.95,5512.27,conventional,2018,Charlotte
12,10/15/2017,1.70,175323.30,45266.57,68119.98,5567.33,conventional,2017,Charlotte
1,3/25/2018,1.32,258547.55,68088.95,87220.18,5567.45,conventional,2018,Charlotte
20,8/20/2017,1.52,212479.12,57230.80,69135.38,5602.86,conventional,2017,Charlotte
5,2/25/2018,1.34,249254.23,63442.49,91258.71,5678.86,conventional,2018,Charlotte
19,8/27/2017,1.58,208438.23,60886.40,65605.00,5772.92,conventional,2017,Charlotte
28,6/25/2017,1.33,211639.60,53140.24,72807.06,5877.63,conventional,2017,Charlotte
24,7/23/2017,1.39,215463.51,50924.04,75358.77,5993.87,conventional,2017,Charlotte
4,3/4/2018,1.32,259060.74,67459.59,80515.46,6005.97,conventional,2018,Charlotte
18,9/3/2017,1.65,200900.91,49285.16,69478.02,6029.05,conventional,2017,Charlotte
25,7/16/2017,1.38,209534.16,44530.25,73163.04,6036.41,conventional,2017,Charlotte
3,3/11/2018,1.27,279661.71,72847.80,98059.20,6212.37,conventional,2018,Charlotte
23,7/30/2017,1.40,212607.67,54840.38,81789.28,6237.96,conventional,2017,Charlotte
21,8/13/2017,1.47,209771.02,47263.33,78914.53,6255.40,conventional,2017,Charlotte
29,6/18/2017,1.43,201837.88,45497.30,78803.31,6332.43,conventional,2017,Charlotte
1,12/31/2017,0.93,346356.50,60766.53,108930.41,6349.26,conventional,2017,Charlotte
8,2/4/2018,0.99,411160.94,86708.74,99117.46,6476.93,conventional,2018,Charlotte
26,7/9/2017,1.32,222027.09,62331.48,70720.40,6490.52,conventional,2017,Charlotte
22,8/6/2017,1.43,206493.73,43174.26,78385.61,6519.58,conventional,2017,Charlotte
27,7/2/2017,1.36,224816.41,60811.83,76448.74,6627.47,conventional,2017,Charlotte
39,4/9/2017,1.54,201298.91,50325.29,75492.06,6657.48,conventional,2017,Charlotte
34,5/14/2017,1.41,224626.96,52616.28,77142.23,6721.88,conventional,2017,Charlotte
30,6/11/2017,1.38,224288.57,50865.51,86113.51,6816.90,conventional,2017,Charlotte
31,6/4/2017,1.49,226422.86,59349.56,86778.91,7005.98,conventional,2017,Charlotte
42,3/19/2017,1.47,206732.76,42389.40,89209.74,7312.02,conventional,2017,Charlotte
1,12/25/2016,1.25,155793.03,36125.58,50792.48,7324.64,conventional,2016,Charlotte
38,4/16/2017,1.56,203220.34,48494.75,77380.84,7459.86,conventional,2017,Charlotte
37,4/23/2017,1.50,220970.07,48220.74,78264.66,7619.22,conventional,2017,Charlotte
41,3/26/2017,1.48,225271.53,48843.91,94477.70,7655.97,conventional,2017,Charlotte
33,5/21/2017,1.50,227842.05,56077.90,87872.71,7712.06,conventional,2017,Charlotte
40,4/2/2017,1.48,231427.69,47420.03,85811.10,7802.11,conventional,2017,Charlotte
2,12/18/2016,1.24,144634.01,35761.88,46276.63,7942.68,conventional,2016,Charlotte
36,4/30/2017,1.53,235698.79,57129.17,87500.56,7990.10,conventional,2017,Charlotte
43,3/12/2017,1.55,207026.03,48009.39,87659.78,8252.21,conventional,2017,Charlotte
5,11/27/2016,1.54,131453.85,38976.01,34346.09,8265.03,conventional,2016,Charlotte
32,5/28/2017,1.50,237363.56,55170.16,89547.81,8529.56,conventional,2017,Charlotte
3,12/11/2016,1.33,145815.04,43744.87,40971.14,8696.54,conventional,2016,Charlotte
47,2/12/2017,1.25,206762.31,58973.85,74076.16,8886.98,conventional,2017,Charlotte
49,1/29/2017,1.33,213609.12,48872.88,86135.67,9146.99,conventional,2017,Charlotte
4,12/4/2016,1.34,154742.81,39221.82,46285.90,9451.98,conventional,2016,Charlotte
46,2/19/2017,1.33,198557.90,46010.49,78996.07,9650.83,conventional,2017,Charlotte
51,1/15/2017,1.37,196897.85,39546.13,84479.17,9918.56,conventional,2017,Charlotte
52,1/8/2017,1.28,219338.92,56739.54,80201.70,10231.86,conventional,2017,Charlotte
44,3/5/2017,1.41,202553.07,43409.71,87666.41,11157.19,conventional,2017,Charlotte
35,5/7/2017,1.36,303551.54,76880.62,106192.08,11654.08,conventional,2017,Charlotte
45,2/26/2017,1.26,241552.96,50330.36,118606.57,13181.85,conventional,2017,Charlotte
6,11/20/2016,1.57,135608.11,44044.69,28907.47,13913.04,conventional,2016,Charlotte
39,4/3/2016,1.12,192341.67,35648.20,87528.81,14614.66,conventional,2016,Charlotte
18,8/28/2016,1.40,187984.80,54874.64,57122.52,15013.36,conventional,2016,Charlotte
0,1/1/2017,1.21,217051.50,47765.32,94571.69,15036.44,conventional,2017,Charlotte
40,3/27/2016,1.14,189944.60,32857.85,90916.21,15518.85,conventional,2016,Charlotte
15,9/18/2016,1.43,182978.30,43116.41,54193.42,16563.91,conventional,2016,Charlotte
13,10/2/2016,1.48,178410.82,46364.75,52893.38,16736.92,conventional,2016,Charlotte
38,4/10/2016,1.10,210587.77,39141.60,93571.42,16896.71,conventional,2016,Charlotte
37,4/17/2016,1.14,212440.76,37150.70,100814.92,17305.85,conventional,2016,Charlotte
14,9/25/2016,1.47,189131.52,54110.79,53593.58,17495.42,conventional,2016,Charlotte
11,10/16/2016,1.39,190846.01,57529.11,56366.66,17531.78,conventional,2016,Charlotte
33,5/15/2016,1.12,215807.01,31853.93,103793.02,17607.68,conventional,2016,Charlotte
16,9/11/2016,1.42,180989.26,34440.65,59554.19,17914.48,conventional,2016,Charlotte
46,2/14/2016,1.00,204110.86,45730.46,87862.03,18323.51,conventional,2016,Charlotte
36,4/24/2016,1.12,217385.39,31821.20,106492.00,18456.31,conventional,2016,Charlotte
34,5/8/2016,1.05,253622.75,55853.79,113811.25,18608.39,conventional,2016,Charlotte
41,3/20/2016,1.15,205367.45,33581.86,101739.82,18631.48,conventional,2016,Charlotte
17,9/4/2016,1.33,204963.95,58888.34,56699.56,18659.47,conventional,2016,Charlotte
35,5/1/2016,1.04,249786.11,53589.93,112926.95,18934.08,conventional,2016,Charlotte
44,2/28/2016,1.05,215161.41,35461.06,106914.98,19046.18,conventional,2016,Charlotte
12,10/9/2016,1.51,178235.75,43325.87,52189.61,19419.57,conventional,2016,Charlotte
45,2/21/2016,1.07,193132.20,36397.39,86393.95,19834.26,conventional,2016,Charlotte
2,12/20/2015,0.98,139917.89,29500.04,55520.58,19842.51,conventional,2015,Charlotte
10,10/23/2016,1.52,167741.27,54981.90,39749.81,20290.31,conventional,2016,Charlotte
50,1/22/2017,1.18,247754.70,42582.24,116159.86,20382.32,conventional,2017,Charlotte
19,8/21/2016,1.38,193592.65,44006.63,62975.71,20731.35,conventional,2016,Charlotte
32,5/22/2016,1.26,203492.89,37008.26,95769.19,20859.76,conventional,2016,Charlotte
48,2/5/2017,0.95,359702.04,95176.35,172311.19,21721.89,conventional,2017,Charlotte
43,3/6/2016,1.09,208506.12,38805.91,98212.71,21768.74,conventional,2016,Charlotte
5,11/29/2015,0.95,138858.86,31911.11,53470.54,22685.80,conventional,2015,Charlotte
7,11/13/2016,1.64,144089.12,49399.39,26597.39,22714.68,conventional,2016,Charlotte
42,3/13/2016,1.05,236131.07,39325.69,111943.87,22961.75,conventional,2016,Charlotte
20,8/14/2016,1.40,195250.96,39823.56,66724.29,23025.36,conventional,2016,Charlotte
1,12/27/2015,0.96,156698.24,33070.27,62956.24,23041.69,conventional,2015,Charlotte
3,12/13/2015,0.95,157146.19,31727.46,62544.19,23842.95,conventional,2015,Charlotte
21,8/7/2016,1.43,196381.45,48639.95,64124.89,24178.25,conventional,2016,Charlotte
6,11/22/2015,1.00,133618.33,30028.69,53644.97,24221.58,conventional,2015,Charlotte
22,7/31/2016,1.48,187969.31,39819.93,68964.23,24742.11,conventional,2016,Charlotte
8,11/6/2016,1.57,142095.92,36840.74,27501.34,25305.86,conventional,2016,Charlotte
24,7/17/2016,1.43,196466.90,38199.33,69125.35,25756.96,conventional,2016,Charlotte
48,1/31/2016,0.95,214135.89,36408.49,108723.90,25918.83,conventional,2016,Charlotte
23,7/24/2016,1.46,193909.36,34250.27,68516.18,26839.41,conventional,2016,Charlotte
9,10/30/2016,1.58,142955.49,39376.44,29382.30,26881.22,conventional,2016,Charlotte
4,12/6/2015,0.99,156114.08,34117.36,63074.74,28482.72,conventional,2015,Charlotte
50,1/17/2016,0.98,206778.29,29997.79,104174.89,29112.58,conventional,2016,Charlotte
51,1/10/2016,0.95,196216.36,21275.55,94804.67,29602.84,conventional,2016,Charlotte
49,1/24/2016,0.92,207961.33,13436.84,110261.96,30644.07,conventional,2016,Charlotte
49,1/25/2015,1.18,167270.13,37383.37,44000.75,31576.20,conventional,2015,Charlotte
0,1/3/2016,0.96,203961.88,42856.88,87749.01,31682.42,conventional,2016,Charlotte
47,2/8/2015,1.17,150139.38,31509.41,35566.91,31778.73,conventional,2015,Charlotte
44,3/1/2015,1.18,176146.34,45465.24,40006.65,34948.86,conventional,2015,Charlotte
25,7/12/2015,1.18,182856.82,23580.70,56317.45,35107.11,conventional,2015,Charlotte
37,4/19/2015,1.18,180944.22,38330.46,41954.32,36041.12,conventional,2015,Charlotte
39,4/5/2015,1.19,177919.28,43112.40,40448.49,36210.12,conventional,2015,Charlotte
43,3/8/2015,1.25,159386.69,29980.15,39244.64,36249.61,conventional,2015,Charlotte
16,9/13/2015,1.19,171077.53,30122.92,41616.87,36469.43,conventional,2015,Charlotte
7,11/15/2015,1.01,169281.16,28543.88,80244.55,36860.51,conventional,2015,Charlotte
41,3/22/2015,1.19,182876.15,41638.46,44726.81,37099.23,conventional,2015,Charlotte
21,8/9/2015,1.21,173059.32,29915.80,43782.95,37614.30,conventional,2015,Charlotte
36,4/26/2015,1.20,182141.55,39481.13,44796.90,37961.14,conventional,2015,Charlotte
18,8/30/2015,1.20,179026.88,33511.97,41700.97,38130.29,conventional,2015,Charlotte
28,6/21/2015,1.17,201173.10,30951.17,58913.49,38260.10,conventional,2015,Charlotte
34,5/10/2015,1.19,192767.09,47626.37,42863.80,38370.27,conventional,2015,Charlotte
0,1/4/2015,1.19,166006.29,29419.03,47220.75,38568.95,conventional,2015,Charlotte
30,6/7/2015,1.15,199980.30,43524.21,45226.73,38578.80,conventional,2015,Charlotte
50,1/18/2015,1.25,152671.15,26462.87,40475.81,38677.39,conventional,2015,Charlotte
23,7/26/2015,1.23,173896.82,30901.10,39607.94,39260.71,conventional,2015,Charlotte
27,6/26/2016,1.28,200520.74,36686.02,68054.14,39268.75,conventional,2016,Charlotte
24,7/19/2015,1.19,187575.03,33382.11,49072.16,39515.29,conventional,2015,Charlotte
38,4/12/2015,1.17,204005.24,48793.38,50390.01,39638.34,conventional,2015,Charlotte
22,8/2/2015,1.24,179321.90,30200.32,48686.77,39734.90,conventional,2015,Charlotte
33,5/17/2015,1.21,190799.99,44340.34,46424.29,40248.52,conventional,2015,Charlotte
13,10/4/2015,1.22,146737.74,23648.94,44671.10,40366.93,conventional,2015,Charlotte
26,7/3/2016,1.20,233543.59,45220.67,72710.08,40378.07,conventional,2016,Charlotte
46,2/15/2015,1.22,156798.51,28227.83,38591.73,40430.51,conventional,2015,Charlotte
25,7/10/2016,1.26,233262.16,43387.69,79103.57,40460.56,conventional,2016,Charlotte
26,7/5/2015,1.18,216118.90,30803.29,73470.29,40602.17,conventional,2015,Charlotte
40,3/29/2015,1.23,178788.49,34498.06,50741.07,40688.42,conventional,2015,Charlotte
51,1/11/2015,1.26,159942.68,31586.35,38118.77,40801.77,conventional,2015,Charlotte
29,6/14/2015,1.15,207093.88,31247.67,64828.77,41193.22,conventional,2015,Charlotte
15,9/20/2015,1.20,161443.98,25922.66,46906.06,41261.83,conventional,2015,Charlotte
31,5/29/2016,1.21,235009.02,49747.65,92110.53,41274.31,conventional,2016,Charlotte
20,8/16/2015,1.24,178525.52,32128.60,42068.10,41343.26,conventional,2015,Charlotte
30,6/5/2016,1.25,209797.27,37431.02,77700.50,41412.18,conventional,2016,Charlotte
19,8/23/2015,1.15,203298.37,32280.63,50475.57,41677.60,conventional,2015,Charlotte
27,6/28/2015,1.17,193654.01,23693.74,58162.31,42044.35,conventional,2015,Charlotte
47,2/7/2016,0.80,325941.39,63128.71,160544.54,42056.68,conventional,2016,Charlotte
42,3/15/2015,1.19,183944.05,39138.41,48595.62,43739.93,conventional,2015,Charlotte
31,5/31/2015,1.19,194630.86,45688.14,43259.91,44529.73,conventional,2015,Charlotte
11,10/18/2015,1.26,156565.98,22805.02,54518.85,44707.32,conventional,2015,Charlotte
10,10/25/2015,1.27,140920.61,23093.86,38356.83,44882.51,conventional,2015,Charlotte
32,5/24/2015,1.20,212527.72,43628.72,59207.62,46014.43,conventional,2015,Charlotte
29,6/12/2016,1.25,209095.62,42196.82,74895.50,46176.97,conventional,2016,Charlotte
28,6/19/2016,1.21,238720.78,55097.56,77704.63,46282.10,conventional,2016,Charlotte
8,11/8/2015,1.03,164322.04,30860.74,54456.01,49282.25,conventional,2015,Charlotte
9,11/1/2015,1.11,171793.87,33371.60,47079.68,53968.86,conventional,2015,Charlotte
14,9/27/2015,1.09,168780.22,24397.92,54210.03,58551.64,conventional,2015,Charlotte
12,10/11/2015,1.14,167396.56,22941.59,45669.33,58989.81,conventional,2015,Charlotte
45,2/22/2015,1.08,201741.43,44679.57,48498.63,61590.31,conventional,2015,Charlotte
17,9/6/2015,1.01,227728.43,35126.74,62187.49,64372.34,conventional,2015,Charlotte
35,5/3/2015,1.00,261492.20,50203.31,69446.61,77627.49,conventional,2015,Charlotte
48,2/1/2015,0.98,254009.70,52915.50,71209.89,80813.88,conventional,2015,Charlotte
