avocado (version 1).csv
0,Date,AveragePrice,Total Volume,4046,4225,4770,type,year,region
9,10/30/2016,2.07,375213.57,33564.91,226980.93,60260.53,conventional,2016,Chicago
15,9/24/2017,2.07,551895.80,79162.45,322016.51,61656.40,conventional,2017,Chicago
8,11/6/2016,2.07,376476.71,31206.79,224561.79,61665.74,conventional,2016,Chicago
10,10/23/2016,1.84,431274.20,46708.92,251074.82,68234.94,conventional,2016,Chicago
7,11/13/2016,1.82,436710.91,34384.62,265006.85,73021.81,conventional,2016,Chicago
5,11/29/2015,1.11,602481.22,42851.47,422479.32,74988.97,conventional,2015,Chicago
11,10/16/2016,1.80,523682.50,52200.02,324240.53,75841.97,conventional,2016,Chicago
1,12/27/2015,0.93,661137.13,42799.00,445218.79,78378.25,conventional,2015,Chicago
6,11/20/2016,1.13,694873.06,134284.88,422382.41,80126.03,conventional,2016,Chicago
5,11/27/2016,1.10,581638.75,151462.15,291205.61,81651.23,conventional,2016,Chicago
9,11/5/2017,1.77,538967.37,96105.50,284220.43,81793.52,conventional,2017,Chicago
6,11/26/2017,1.70,506394.00,71736.00,278263.00,82294.00,conventional,2017,Chicago
38,4/12/2015,1.24,710718.98,45103.98,488323.33,83137.77,conventional,2015,Chicago
41,3/22/2015,1.21,799946.53,29308.00,596341.85,83937.78,conventional,2015,Chicago
40,3/29/2015,1.22,757271.96,25629.52,545317.99,84865.54,conventional,2015,Chicago
14,10/1/2017,2.14,537708.81,73349.22,293404.88,85663.08,conventional,2017,Chicago
13,10/8/2017,2.22,516320.59,62315.40,296817.34,87406.94,conventional,2017,Chicago
19,8/21/2016,1.63,628099.41,62002.43,372918.48,87449.64,conventional,2016,Chicago
10,10/29/2017,1.94,551605.92,117423.10,268773.52,88632.79,conventional,2017,Chicago
6,11/22/2015,0.94,751897.89,34868.50,553545.31,89732.33,conventional,2015,Chicago
12,10/9/2016,1.82,515146.04,40105.31,314006.07,90031.80,conventional,2016,Chicago
13,10/2/2016,1.83,509215.79,37926.13,311085.71,90495.41,conventional,2016,Chicago
39,4/5/2015,1.27,751812.42,38641.17,530946.92,90801.53,conventional,2015,Chicago
4,12/10/2017,1.13,1021445.27,142085.83,277789.30,90891.04,conventional,2017,Chicago
17,9/4/2016,1.60,670453.42,77981.63,415924.58,91323.75,conventional,2016,Chicago
8,11/12/2017,1.78,541010.00,90581.00,276787.00,91330.00,conventional,2017,Chicago
5,12/3/2017,1.56,654739.00,99971.00,378155.00,92092.00,conventional,2017,Chicago
4,12/6/2015,1.14,664020.49,53173.18,455048.11,92888.37,conventional,2015,Chicago
18,8/28/2016,1.60,621715.78,54971.17,373442.31,93288.97,conventional,2016,Chicago
37,4/19/2015,1.24,832529.06,52850.10,594214.84,93303.25,conventional,2015,Chicago
7,11/15/2015,1.17,641881.96,31286.11,441753.60,93857.48,conventional,2015,Chicago
12,10/15/2017,2.11,546055.57,89191.92,288024.23,93956.96,conventional,2017,Chicago
3,12/13/2015,1.07,668601.50,40380.09,451470.42,94162.53,conventional,2015,Chicago
4,12/4/2016,1.27,624751.15,90157.63,372929.38,94496.12,conventional,2016,Chicago
37,4/23/2017,1.63,719367.50,81460.10,470214.98,94819.76,conventional,2017,Chicago
11,10/22/2017,2.06,519814.03,84590.83,275588.35,95627.48,conventional,2017,Chicago
2,12/20/2015,0.91,690669.34,35724.99,464574.15,96306.30,conventional,2015,Chicago
36,4/26/2015,1.24,779868.01,46749.43,543002.30,97410.38,conventional,2015,Chicago
22,8/2/2015,1.27,761027.42,21607.12,559825.17,97419.33,conventional,2015,Chicago
40,4/2/2017,1.65,676300.83,64888.08,452598.70,97671.17,conventional,2017,Chicago
22,7/31/2016,1.68,614939.39,38275.52,373205.75,97843.18,conventional,2016,Chicago
15,9/18/2016,1.70,600389.56,74368.62,340540.46,97900.81,conventional,2016,Chicago
44,3/5/2017,1.62,680803.20,59136.57,454626.10,98165.17,conventional,2017,Chicago
7,11/19/2017,1.71,555872.00,86790.00,285841.00,98666.00,conventional,2017,Chicago
14,9/25/2016,1.80,553863.82,40600.81,337874.13,98808.73,conventional,2016,Chicago
42,3/15/2015,1.09,827010.39,30100.78,600833.10,98822.10,conventional,2015,Chicago
23,7/26/2015,1.12,791332.34,26653.29,577460.34,99066.58,conventional,2015,Chicago
3,12/17/2017,1.49,620053.78,113959.92,275986.91,99248.93,conventional,2017,Chicago
16,9/11/2016,1.67,635036.01,80472.32,355228.95,99520.95,conventional,2016,Chicago
16,9/17/2017,2.15,553215.27,59561.15,315414.15,100807.96,conventional,2017,Chicago
14,9/27/2015,1.15,720501.55,16483.95,532028.74,101193.84,conventional,2015,Chicago
2,12/18/2016,1.18,631117.18,92760.23,363657.94,101491.49,conventional,2016,Chicago
8,11/8/2015,1.01,711146.61,44528.42,498562.41,101889.32,conventional,2015,Chicago
41,3/26/2017,1.64,656875.03,60039.23,432870.45,101928.61,conventional,2017,Chicago
39,4/9/2017,1.65,699592.47,70040.01,454691.92,102227.68,conventional,2017,Chicago
20,8/14/2016,1.67,626086.69,49617.00,371087.23,102966.19,conventional,2016,Chicago
42,3/19/2017,1.64,678898.01,61927.68,448962.74,103000.56,conventional,2017,Chicago
15,9/20/2015,1.19,729117.42,16477.56,534644.45,103103.75,conventional,2015,Chicago
21,8/7/2016,1.68,644670.46,40121.11,385923.60,103402.88,conventional,2016,Chicago
19,8/23/2015,1.20,751850.01,17595.95,550359.51,103622.38,conventional,2015,Chicago
32,5/28/2017,1.63,781085.77,62151.32,538899.85,103858.53,conventional,2017,Chicago
3,12/11/2016,1.09,734954.21,84616.30,449932.23,103932.55,conventional,2016,Chicago
38,4/16/2017,1.65,742675.28,65083.44,490301.80,104457.58,conventional,2017,Chicago
27,6/28/2015,1.21,786250.22,27391.54,524476.99,104595.10,conventional,2015,Chicago
4,3/4/2018,1.53,820728.47,109595.38,465039.55,104755.22,conventional,2018,Chicago
21,8/9/2015,1.25,731125.01,18237.36,526303.06,104796.41,conventional,2015,Chicago
20,8/16/2015,1.16,817690.89,19193.94,609692.45,104997.44,conventional,2015,Chicago
13,10/4/2015,1.18,675172.63,14268.84,485262.12,105711.40,conventional,2015,Chicago
43,3/12/2017,1.66,665364.72,59930.13,446178.36,105820.92,conventional,2017,Chicago
45,2/22/2015,1.18,773078.09,39072.26,533387.47,106178.47,conventional,2015,Chicago
9,11/1/2015,1.00,807041.46,69420.04,562214.56,106536.92,conventional,2015,Chicago
29,6/14/2015,1.21,868197.41,55227.59,586037.06,107908.15,conventional,2015,Chicago
10,10/25/2015,1.12,687650.27,59161.08,454352.60,108012.41,conventional,2015,Chicago
24,7/17/2016,1.51,717279.19,43789.60,425776.15,108230.65,conventional,2016,Chicago
23,7/24/2016,1.66,658913.69,42452.50,386821.79,109032.48,conventional,2016,Chicago
25,7/12/2015,1.26,772151.20,22933.92,545739.34,109149.46,conventional,2015,Chicago
33,5/17/2015,1.23,817870.17,54087.80,569043.02,109205.15,conventional,2015,Chicago
1,12/25/2016,1.22,616653.72,67145.99,352087.30,110167.01,conventional,2016,Chicago
46,2/15/2015,1.17,726401.24,29711.82,488591.60,110446.60,conventional,2015,Chicago
45,2/26/2017,1.61,674827.05,52553.89,442525.98,110938.64,conventional,2017,Chicago
44,3/1/2015,1.09,863391.73,24137.05,637043.16,111791.06,conventional,2015,Chicago
18,8/30/2015,1.12,773773.53,17363.14,570147.23,112344.22,conventional,2015,Chicago
43,3/8/2015,1.18,772997.09,27489.32,523118.00,112934.40,conventional,2015,Chicago
32,5/24/2015,1.23,887105.04,57568.25,611797.34,113475.77,conventional,2015,Chicago
0,1/1/2017,1.15,803348.87,87695.70,531287.44,114647.36,conventional,2017,Chicago
17,9/10/2017,2.02,590590.10,65245.47,318095.50,114858.97,conventional,2017,Chicago
18,9/3/2017,2.00,614460.20,65246.80,343566.36,114879.68,conventional,2017,Chicago
19,8/27/2017,1.93,624618.47,87298.17,336708.41,115570.89,conventional,2017,Chicago
2,12/24/2017,1.36,707646.11,83138.48,417905.67,116405.91,conventional,2017,Chicago
24,7/19/2015,1.24,797060.27,20534.84,560871.56,116910.43,conventional,2015,Chicago
11,10/18/2015,1.15,690302.58,25883.13,482992.35,118311.09,conventional,2015,Chicago
26,7/5/2015,1.24,937317.45,28422.72,661207.19,118634.70,conventional,2015,Chicago
47,2/8/2015,1.13,729325.61,28216.83,499138.28,119634.41,conventional,2015,Chicago
12,10/11/2015,1.08,708914.17,16455.46,503813.92,119996.31,conventional,2015,Chicago
1,12/31/2017,0.93,1182647.50,144034.24,845964.70,120869.17,conventional,2017,Chicago
28,6/21/2015,1.24,804902.52,34715.08,536926.08,122239.65,conventional,2015,Chicago
30,6/11/2017,1.60,807370.03,87526.68,514710.25,122729.21,conventional,2017,Chicago
41,3/20/2016,1.11,770557.34,36017.62,514604.02,122807.96,conventional,2016,Chicago
30,6/7/2015,1.24,824216.23,51410.51,544663.98,122929.34,conventional,2015,Chicago
17,9/6/2015,1.11,808677.78,17595.54,581941.46,122938.43,conventional,2015,Chicago
33,5/21/2017,1.64,764241.14,67698.15,496380.19,123099.28,conventional,2017,Chicago
9,1/28/2018,1.36,947968.47,108233.69,515116.55,124271.04,conventional,2018,Chicago
0,1/4/2015,1.11,783068.03,30270.26,550752.19,124506.10,conventional,2015,Chicago
45,2/21/2016,1.09,752336.04,39220.29,483562.05,125838.60,conventional,2016,Chicago
42,3/13/2016,1.00,823796.56,39540.49,569733.57,125901.94,conventional,2016,Chicago
36,4/30/2017,1.62,787324.19,81817.28,498579.75,125905.46,conventional,2017,Chicago
24,7/23/2017,1.59,752799.06,79551.49,459858.58,127440.73,conventional,2017,Chicago
16,9/13/2015,1.19,775671.49,17172.26,546965.49,128619.66,conventional,2015,Chicago
43,3/6/2016,1.13,809325.93,35309.42,557026.92,129160.06,conventional,2016,Chicago
35,5/3/2015,1.04,978376.13,64798.64,690167.81,129694.01,conventional,2015,Chicago
25,7/16/2017,1.54,801887.84,91095.18,486178.44,129762.05,conventional,2017,Chicago
46,2/14/2016,1.00,803120.71,45558.04,501188.76,131202.78,conventional,2016,Chicago
40,3/27/2016,0.90,865585.06,33748.25,600796.46,131467.33,conventional,2016,Chicago
5,2/25/2018,1.51,794925.31,74465.63,452448.67,131640.53,conventional,2018,Chicago
6,2/18/2018,1.53,736317.26,67207.40,403149.52,131732.99,conventional,2018,Chicago
31,6/4/2017,1.64,776194.77,79878.40,493631.53,132270.53,conventional,2017,Chicago
31,5/31/2015,1.26,803571.87,50563.81,518850.04,132732.66,conventional,2015,Chicago
48,1/31/2016,1.12,774091.49,35213.93,512608.82,132958.04,conventional,2016,Chicago
44,2/28/2016,1.15,780951.86,32414.21,522790.14,133067.18,conventional,2016,Chicago
46,2/19/2017,1.27,728402.35,61491.20,461727.30,133540.34,conventional,2017,Chicago
51,1/11/2015,1.15,802874.94,31239.94,558487.79,133848.57,conventional,2015,Chicago
11,1/14/2018,1.64,762997.53,82376.44,440322.05,134141.55,conventional,2018,Chicago
23,7/30/2017,1.62,735265.55,76110.93,447892.34,134637.19,conventional,2017,Chicago
21,8/13/2017,1.89,640354.46,64033.75,355733.16,135484.85,conventional,2017,Chicago
49,1/29/2017,1.10,830499.38,86213.34,511365.64,135946.07,conventional,2017,Chicago
49,1/24/2016,1.01,794029.70,23862.94,543471.49,136033.93,conventional,2016,Chicago
50,1/22/2017,1.21,845065.66,120093.41,497235.79,136328.96,conventional,2017,Chicago
22,8/6/2017,1.72,692140.55,68696.24,401419.79,136884.94,conventional,2017,Chicago
37,4/17/2016,1.08,913421.80,47878.48,619840.15,137009.63,conventional,2016,Chicago
29,6/18/2017,1.53,862382.95,68578.06,549159.54,138493.75,conventional,2017,Chicago
39,4/3/2016,1.15,712210.03,36211.71,457314.18,139240.25,conventional,2016,Chicago
50,1/17/2016,1.11,778412.50,35099.73,500623.85,139309.53,conventional,2016,Chicago
0,1/7/2018,1.50,842141.42,132853.21,475772.58,139314.80,conventional,2018,Chicago
28,6/25/2017,1.44,868770.67,132426.14,473567.46,139914.23,conventional,2017,Chicago
50,1/18/2015,1.14,797741.43,24917.77,533717.99,140239.95,conventional,2015,Chicago
20,8/20/2017,1.88,674811.14,91477.74,349704.00,140354.25,conventional,2017,Chicago
29,6/12/2016,1.30,770843.17,50498.40,478335.91,140924.68,conventional,2016,Chicago
34,5/10/2015,1.23,835938.63,55587.31,545784.15,141250.98,conventional,2015,Chicago
51,1/15/2017,1.23,776820.81,78836.36,480071.92,142550.33,conventional,2017,Chicago
3,3/11/2018,1.54,830421.03,95041.64,454041.33,142564.10,conventional,2018,Chicago
51,1/10/2016,1.08,844277.25,44289.03,534404.57,143202.95,conventional,2016,Chicago
32,5/22/2016,1.11,903864.90,36568.67,592064.53,145104.44,conventional,2016,Chicago
31,5/29/2016,1.15,958566.68,36554.49,642857.54,145363.84,conventional,2016,Chicago
30,6/5/2016,1.20,885602.82,31728.98,606701.67,145606.57,conventional,2016,Chicago
49,1/25/2015,1.22,745439.17,26117.56,488218.44,145882.24,conventional,2015,Chicago
34,5/14/2017,1.60,792532.64,99653.40,470279.57,147524.40,conventional,2017,Chicago
27,7/2/2017,1.45,943746.50,128743.48,534893.06,149582.02,conventional,2017,Chicago
25,7/10/2016,1.53,712080.66,52540.83,381030.54,150963.07,conventional,2016,Chicago
36,4/24/2016,1.08,879308.05,34134.42,592370.70,151281.44,conventional,2016,Chicago
52,1/8/2017,1.16,822522.24,79629.99,499835.88,151447.25,conventional,2017,Chicago
38,4/10/2016,1.11,770661.72,49679.26,464981.98,153441.58,conventional,2016,Chicago
7,2/11/2018,1.39,897178.36,131360.75,488374.40,154223.75,conventional,2018,Chicago
10,1/21/2018,1.42,951648.11,110759.53,473797.46,154585.97,conventional,2018,Chicago
35,5/1/2016,1.00,890281.50,39249.49,587919.10,155289.67,conventional,2016,Chicago
47,2/7/2016,0.82,1134049.22,68454.39,758581.79,155377.30,conventional,2016,Chicago
33,5/15/2016,1.04,930403.37,49039.58,609294.15,157984.71,conventional,2016,Chicago
8,2/4/2018,0.88,1802646.35,257095.68,1235325.42,158735.41,conventional,2018,Chicago
27,6/26/2016,1.18,860170.92,80280.37,499474.39,159812.33,conventional,2016,Chicago
0,1/3/2016,0.93,1009667.15,77301.31,656386.69,162054.24,conventional,2016,Chicago
35,5/7/2017,1.51,976084.98,133904.86,591928.07,162708.29,conventional,2017,Chicago
28,6/19/2016,1.20,882074.39,64899.84,550499.79,163027.81,conventional,2016,Chicago
48,2/1/2015,0.91,1133491.66,50783.91,824745.44,164884.41,conventional,2015,Chicago
26,7/9/2017,1.54,880107.48,82890.07,504037.61,168507.26,conventional,2017,Chicago
34,5/8/2016,0.97,974740.13,43166.45,612339.89,173293.69,conventional,2016,Chicago
2,3/18/2018,1.42,841171.24,85185.29,435552.05,174149.72,conventional,2018,Chicago
1,3/25/2018,1.36,908202.13,142681.06,463136.28,174975.75,conventional,2018,Chicago
26,7/3/2016,1.23,974278.32,55651.48,584813.49,184518.62,conventional,2016,Chicago
47,2/12/2017,1.05,874349.55,144293.33,454380.75,187793.92,conventional,2017,Chicago
48,2/5/2017,0.70,1621253.97,378806.26,912672.33,224554.50,conventional,2017,Chicago
