avocado (version 1).csv
0,Date,AveragePrice,Total Volume,4046,4225,4770,type,year,region
12,10/15/2017,1.71,109664.86,47436.39,16441.16,663.58,conventional,2017,Columbus
11,10/22/2017,1.55,111491.11,46747.30,15690.62,750.60,conventional,2017,Columbus
13,10/8/2017,1.83,103123.48,46870.14,8224.80,765.87,conventional,2017,Columbus
10,10/29/2017,1.22,165260.84,72722.59,18568.73,808.97,conventional,2017,Columbus
7,11/19/2017,0.97,169553.00,78940.00,14167.00,856.00,conventional,2017,Columbus
8,11/12/2017,0.97,196433.00,98437.00,14574.00,866.00,conventional,2017,Columbus
15,9/24/2017,1.69,120872.81,53450.48,16472.11,904.63,conventional,2017,Columbus
9,11/5/2017,0.96,222749.35,108463.21,15618.10,911.56,conventional,2017,Columbus
16,9/17/2017,1.70,120600.86,51846.36,16291.52,935.87,conventional,2017,Columbus
6,11/26/2017,1.04,126378.00,60008.00,16437.00,984.00,conventional,2017,Columbus
20,8/20/2017,1.23,211279.90,93230.93,20982.37,988.74,conventional,2017,Columbus
17,9/10/2017,1.68,135633.34,54122.63,19954.70,989.94,conventional,2017,Columbus
19,8/27/2017,1.26,176231.47,86236.44,19787.99,1022.34,conventional,2017,Columbus
18,9/3/2017,1.62,127613.24,53867.78,21626.87,1053.14,conventional,2017,Columbus
24,7/23/2017,1.39,137783.13,62106.54,20698.51,1069.50,conventional,2017,Columbus
14,10/1/2017,1.72,118344.44,53367.76,13597.94,1131.10,conventional,2017,Columbus
21,8/13/2017,1.52,151390.04,59728.76,19181.67,1136.45,conventional,2017,Columbus
23,7/30/2017,1.22,170792.43,87045.12,20908.30,1144.77,conventional,2017,Columbus
22,8/6/2017,1.21,194759.03,82089.07,24630.41,1148.89,conventional,2017,Columbus
28,6/25/2017,0.86,243935.99,100495.93,26548.19,1160.37,conventional,2017,Columbus
4,12/10/2017,1.10,149626.60,62869.74,18377.18,1247.67,conventional,2017,Columbus
43,3/12/2017,1.29,140126.45,62328.69,32440.45,1275.08,conventional,2017,Columbus
5,11/27/2016,1.10,134305.97,58518.04,19133.76,1296.49,conventional,2016,Columbus
3,12/11/2016,0.98,144354.95,79158.83,19836.10,1302.46,conventional,2016,Columbus
49,1/29/2017,1.06,163084.68,66807.47,32338.23,1335.12,conventional,2017,Columbus
6,11/20/2016,1.33,117299.16,50017.12,21270.55,1335.91,conventional,2016,Columbus
30,6/11/2017,0.98,181254.11,82013.93,22618.84,1338.07,conventional,2017,Columbus
42,3/19/2017,1.30,136371.39,64865.99,24224.72,1373.43,conventional,2017,Columbus
9,10/30/2016,1.10,138565.73,75422.45,16016.58,1373.56,conventional,2016,Columbus
34,5/14/2017,0.99,210349.00,91332.73,15547.02,1391.69,conventional,2017,Columbus
7,11/13/2016,1.38,116814.65,52996.11,26129.41,1460.24,conventional,2016,Columbus
27,7/2/2017,0.85,276442.30,109297.17,29874.64,1474.73,conventional,2017,Columbus
41,3/26/2017,1.26,153513.23,68172.26,23491.33,1510.88,conventional,2017,Columbus
37,4/23/2017,1.26,166919.21,70224.87,19859.62,1525.47,conventional,2017,Columbus
1,12/25/2016,1.07,136733.12,54284.13,24334.73,1538.20,conventional,2016,Columbus
44,3/5/2017,1.14,166169.72,74969.93,29779.78,1538.48,conventional,2017,Columbus
38,4/16/2017,0.99,242720.67,97052.67,23006.95,1563.23,conventional,2017,Columbus
51,1/15/2017,0.97,200226.42,90931.56,32602.28,1593.72,conventional,2017,Columbus
8,11/6/2016,1.41,114207.94,55230.85,23397.14,1603.54,conventional,2016,Columbus
40,4/2/2017,1.23,174975.95,75024.52,25021.32,1682.51,conventional,2017,Columbus
39,4/9/2017,1.07,225843.95,107031.40,23208.36,1696.60,conventional,2017,Columbus
52,1/8/2017,0.86,226219.71,105022.53,34667.40,1761.29,conventional,2017,Columbus
10,10/23/2016,1.11,156831.11,84696.78,21559.06,1763.25,conventional,2016,Columbus
31,6/4/2017,1.10,196391.15,82888.11,20624.08,1780.61,conventional,2017,Columbus
32,5/28/2017,1.24,182566.46,81187.49,20819.14,1809.22,conventional,2017,Columbus
36,4/30/2017,1.18,199643.40,87269.79,27191.09,1849.58,conventional,2017,Columbus
11,10/16/2016,1.31,123388.77,53963.92,22128.29,1875.36,conventional,2016,Columbus
33,5/21/2017,1.16,180283.53,84951.87,22123.26,1875.51,conventional,2017,Columbus
12,10/9/2016,1.33,120833.05,55586.23,23318.96,1900.96,conventional,2016,Columbus
26,7/9/2017,0.95,240071.43,94170.47,28458.64,1949.27,conventional,2017,Columbus
47,2/12/2017,0.78,226525.29,100274.00,43260.87,1988.53,conventional,2017,Columbus
46,2/19/2017,1.07,159054.67,60793.07,31711.26,2015.14,conventional,2017,Columbus
25,7/16/2017,1.36,150749.34,61744.88,28471.78,2046.27,conventional,2017,Columbus
13,10/2/2016,1.30,123300.36,54053.13,25747.70,2077.48,conventional,2016,Columbus
4,3/4/2018,1.04,207531.29,61462.70,17792.45,2208.68,conventional,2018,Columbus
29,6/18/2017,0.81,304247.54,115493.41,35647.10,2235.93,conventional,2017,Columbus
6,2/18/2018,1.02,179193.25,47570.10,13758.25,2239.22,conventional,2018,Columbus
2,3/18/2018,1.01,216897.74,62775.90,15964.09,2293.97,conventional,2018,Columbus
16,9/11/2016,1.06,177299.48,89423.71,25412.50,2345.13,conventional,2016,Columbus
14,9/25/2016,1.14,151978.88,70129.37,37333.99,2426.04,conventional,2016,Columbus
15,9/18/2016,1.07,167438.32,85331.98,26634.72,2505.47,conventional,2016,Columbus
2,12/18/2016,1.06,131322.27,55604.50,31791.33,2522.96,conventional,2016,Columbus
18,8/28/2016,1.07,168757.98,71113.29,34419.80,2593.07,conventional,2016,Columbus
17,9/4/2016,1.06,161362.24,73011.64,29161.53,2616.16,conventional,2016,Columbus
5,12/3/2017,0.99,194796.00,74697.00,45552.00,2801.00,conventional,2017,Columbus
35,5/7/2017,0.93,276421.87,126893.08,33865.90,2805.82,conventional,2017,Columbus
19,8/21/2016,1.20,154116.71,69616.32,33284.86,2841.74,conventional,2016,Columbus
3,3/11/2018,1.05,212107.87,60498.56,22813.02,2942.75,conventional,2018,Columbus
7,2/11/2018,0.82,218329.70,79239.58,26356.05,2998.74,conventional,2018,Columbus
20,8/14/2016,1.17,166462.83,71827.16,34064.69,3156.71,conventional,2016,Columbus
9,1/28/2018,1.03,187523.20,60555.62,23671.37,3175.28,conventional,2018,Columbus
11,1/14/2018,1.07,194619.31,77236.77,24462.37,3266.68,conventional,2018,Columbus
1,3/25/2018,0.96,264778.18,77671.02,21732.24,3272.61,conventional,2018,Columbus
5,2/25/2018,1.03,209180.18,55429.58,28466.82,3406.16,conventional,2018,Columbus
50,1/22/2017,0.91,197072.56,75919.97,47945.33,3811.68,conventional,2017,Columbus
45,2/26/2017,1.04,186429.24,63979.21,49174.69,3873.59,conventional,2017,Columbus
21,8/7/2016,1.18,164281.56,70942.50,37215.94,3955.17,conventional,2016,Columbus
0,1/7/2018,0.84,256757.60,112638.98,32262.19,4167.93,conventional,2018,Columbus
48,2/5/2017,0.69,323030.81,140453.99,60090.44,4269.90,conventional,2017,Columbus
22,7/31/2016,1.21,153804.34,71526.03,31744.13,4294.96,conventional,2016,Columbus
10,1/21/2018,0.99,214353.02,75486.73,52395.54,4298.30,conventional,2018,Columbus
0,1/1/2017,0.83,218881.63,87684.11,50243.59,4324.39,conventional,2017,Columbus
2,12/24/2017,1.06,140322.03,47451.51,20793.80,5024.24,conventional,2017,Columbus
1,12/31/2017,0.80,221203.78,103506.03,30763.37,5224.82,conventional,2017,Columbus
8,2/4/2018,0.73,333398.29,108554.97,61748.67,5329.61,conventional,2018,Columbus
3,12/17/2017,1.03,162900.37,55232.97,32627.00,5344.74,conventional,2017,Columbus
4,12/4/2016,0.84,237639.30,108397.57,42477.66,5532.03,conventional,2016,Columbus
25,7/10/2016,1.06,170762.71,80019.89,36096.76,5812.55,conventional,2016,Columbus
23,7/24/2016,1.15,173335.16,73713.02,34227.26,6083.87,conventional,2016,Columbus
24,7/17/2016,1.18,160413.49,69177.04,38319.06,6345.70,conventional,2016,Columbus
26,7/3/2016,0.94,234975.32,118888.22,38361.79,6699.07,conventional,2016,Columbus
32,5/22/2016,0.83,210263.70,105959.95,37763.50,6777.98,conventional,2016,Columbus
50,1/18/2015,1.02,116450.21,55532.76,26458.99,7040.95,conventional,2015,Columbus
51,1/11/2015,0.97,125742.48,64726.71,34844.49,7190.05,conventional,2015,Columbus
0,1/4/2015,0.89,158638.04,80298.77,51860.47,7609.24,conventional,2015,Columbus
47,2/8/2015,0.96,128078.27,76792.99,23238.80,7652.85,conventional,2015,Columbus
49,1/25/2015,1.08,116995.68,53201.66,32775.08,7822.59,conventional,2015,Columbus
31,5/29/2016,0.93,201747.62,95063.05,36787.21,7985.33,conventional,2016,Columbus
29,6/12/2016,1.13,163638.65,65443.12,32052.99,8090.30,conventional,2016,Columbus
40,3/29/2015,0.96,139065.31,72473.25,25151.42,8711.76,conventional,2015,Columbus
46,2/15/2015,1.05,106663.68,52221.93,20939.99,8939.85,conventional,2015,Columbus
38,4/10/2016,0.96,135905.09,57345.34,27302.54,9075.23,conventional,2016,Columbus
35,5/1/2016,0.71,224515.48,111020.20,47074.43,9592.54,conventional,2016,Columbus
42,3/15/2015,1.01,149884.10,90582.35,27040.20,9632.10,conventional,2015,Columbus
39,4/5/2015,1.09,126109.82,67298.39,30313.37,9926.54,conventional,2015,Columbus
38,4/12/2015,1.07,129397.39,66513.95,28065.91,9955.72,conventional,2015,Columbus
34,5/10/2015,1.10,162802.65,97879.64,27581.34,10126.30,conventional,2015,Columbus
36,4/24/2016,0.72,242277.45,132004.80,35758.91,10151.42,conventional,2016,Columbus
45,2/22/2015,1.09,114280.87,56131.64,26134.29,10603.51,conventional,2015,Columbus
27,6/26/2016,1.04,201923.72,99552.74,37201.77,10852.83,conventional,2016,Columbus
43,3/8/2015,0.95,141281.56,56323.87,37382.46,11404.82,conventional,2015,Columbus
27,6/28/2015,0.94,159970.54,72752.84,38877.79,12796.57,conventional,2015,Columbus
3,12/13/2015,1.03,124617.07,69742.59,21750.83,12957.84,conventional,2015,Columbus
23,7/26/2015,1.02,159846.20,91758.41,25540.09,13557.25,conventional,2015,Columbus
31,5/31/2015,1.10,143985.96,80729.03,21813.84,13935.13,conventional,2015,Columbus
32,5/24/2015,1.01,171879.57,85510.90,37314.24,14261.54,conventional,2015,Columbus
28,6/19/2016,1.13,172220.11,64425.61,36827.16,15000.42,conventional,2016,Columbus
7,11/15/2015,0.99,117462.94,52474.75,26705.74,15258.85,conventional,2015,Columbus
1,12/27/2015,0.99,107565.04,41808.54,27120.67,15564.05,conventional,2015,Columbus
19,8/23/2015,1.08,130920.97,64597.94,29728.30,15723.09,conventional,2015,Columbus
45,2/21/2016,1.05,126067.56,46771.81,36674.01,15757.97,conventional,2016,Columbus
35,5/3/2015,0.99,176737.77,79998.58,53621.15,15882.39,conventional,2015,Columbus
25,7/12/2015,1.04,143992.91,69964.42,32449.21,16034.68,conventional,2015,Columbus
2,12/20/2015,1.03,117393.22,57557.75,23198.49,16370.50,conventional,2015,Columbus
36,4/26/2015,1.02,161438.17,87214.58,28964.04,16624.25,conventional,2015,Columbus
5,11/29/2015,1.03,97235.60,40352.94,22858.09,16653.11,conventional,2015,Columbus
46,2/14/2016,0.91,173980.10,82198.65,38935.77,17174.63,conventional,2016,Columbus
22,8/2/2015,1.05,148597.91,77973.44,30063.76,17344.74,conventional,2015,Columbus
51,1/10/2016,0.97,163977.03,82729.50,33601.78,17903.44,conventional,2016,Columbus
14,9/27/2015,1.02,137298.77,66587.59,33743.19,18527.75,conventional,2015,Columbus
11,10/18/2015,0.98,137773.84,62590.79,33116.75,18606.59,conventional,2015,Columbus
42,3/13/2016,1.05,140244.15,47503.75,31781.65,18665.91,conventional,2016,Columbus
10,10/25/2015,1.04,119210.27,59745.47,23351.18,19024.16,conventional,2015,Columbus
34,5/8/2016,0.90,201205.97,90444.73,46435.26,19164.46,conventional,2016,Columbus
29,6/14/2015,1.01,171353.59,83138.56,33535.09,20023.58,conventional,2015,Columbus
6,11/22/2015,1.04,115089.62,50334.80,25643.76,20730.65,conventional,2015,Columbus
17,9/6/2015,1.04,144563.15,61052.61,40880.96,20842.40,conventional,2015,Columbus
21,8/9/2015,1.00,167387.90,64121.12,52440.39,20857.42,conventional,2015,Columbus
50,1/17/2016,1.03,134604.75,52491.11,30084.71,20930.75,conventional,2016,Columbus
33,5/15/2016,0.84,202002.00,76164.88,47725.96,21036.66,conventional,2016,Columbus
39,4/3/2016,0.95,147520.15,50791.46,28964.32,21041.99,conventional,2016,Columbus
48,2/1/2015,0.87,216653.06,111171.46,59739.98,21795.64,conventional,2015,Columbus
33,5/17/2015,1.00,180511.78,97341.26,38624.07,22934.89,conventional,2015,Columbus
13,10/4/2015,0.93,134326.53,53606.35,38396.06,23069.29,conventional,2015,Columbus
48,1/31/2016,0.92,173311.53,78646.70,38158.30,23466.68,conventional,2016,Columbus
9,11/1/2015,0.99,135237.01,58162.23,31821.24,23764.43,conventional,2015,Columbus
24,7/19/2015,1.05,159137.17,75080.98,33397.18,24209.42,conventional,2015,Columbus
4,12/6/2015,0.99,137195.59,60376.23,33565.14,24435.11,conventional,2015,Columbus
28,6/21/2015,0.99,164161.25,67311.23,40382.51,24529.19,conventional,2015,Columbus
26,7/5/2015,0.98,173370.68,79063.50,39343.65,24674.62,conventional,2015,Columbus
12,10/11/2015,0.90,145305.65,57480.41,39207.76,24724.80,conventional,2015,Columbus
41,3/22/2015,0.94,182625.49,101143.03,40165.62,24995.65,conventional,2015,Columbus
18,8/30/2015,1.03,147230.76,64531.04,32172.79,25751.74,conventional,2015,Columbus
44,3/1/2015,1.03,136795.35,55610.59,36034.55,25775.13,conventional,2015,Columbus
30,6/5/2016,1.07,175046.12,62727.64,38734.74,25833.35,conventional,2016,Columbus
15,9/20/2015,1.00,165068.86,86031.90,31599.19,26200.37,conventional,2015,Columbus
37,4/19/2015,1.00,172913.44,80303.92,40370.03,26369.27,conventional,2015,Columbus
16,9/13/2015,1.02,169025.14,86159.05,31464.67,26703.23,conventional,2015,Columbus
37,4/17/2016,0.97,172183.83,56381.07,48784.24,27374.63,conventional,2016,Columbus
44,2/28/2016,1.03,154967.56,48902.44,41405.76,28499.61,conventional,2016,Columbus
41,3/20/2016,1.04,152572.16,46047.38,35537.84,28532.36,conventional,2016,Columbus
30,6/7/2015,1.03,187983.88,92110.97,33225.37,29167.30,conventional,2015,Columbus
40,3/27/2016,1.01,153523.03,46922.11,32127.84,29363.76,conventional,2016,Columbus
8,11/8/2015,0.95,152084.79,61494.68,35336.71,29583.90,conventional,2015,Columbus
20,8/16/2015,1.03,155881.73,63291.37,36257.41,32383.88,conventional,2015,Columbus
0,1/3/2016,0.91,192774.07,86025.77,40616.88,32940.14,conventional,2016,Columbus
43,3/6/2016,0.95,173825.82,49586.89,42501.52,35277.07,conventional,2016,Columbus
49,1/24/2016,0.89,213215.40,95511.64,43916.93,35349.80,conventional,2016,Columbus
47,2/7/2016,0.81,233905.62,99884.81,55303.67,36191.68,conventional,2016,Columbus
