avocado (version 1).csv
0,Date,AveragePrice,Total Volume,4046,4225,4770,type,year,region
20,8/20/2017,0.99,1163466.68,624826.63,228512.25,818.97,conventional,2017,Dallas Ft Worth
14,10/1/2017,1.30,893387.50,492841.54,170718.08,876.26,conventional,2017,Dallas Ft Worth
15,9/24/2017,1.29,946384.19,523101.14,168546.34,891.04,conventional,2017,Dallas Ft Worth
18,9/3/2017,1.23,1043009.46,589764.93,185508.07,1205.42,conventional,2017,Dallas Ft Worth
16,9/17/2017,1.24,982833.04,562493.44,181711.95,1213.92,conventional,2017,Dallas Ft Worth
13,10/8/2017,1.29,919708.71,488695.54,194837.09,1217.60,conventional,2017,Dallas Ft Worth
17,9/10/2017,1.20,997274.92,569828.24,167025.65,1360.98,conventional,2017,Dallas Ft Worth
19,8/27/2017,1.13,1090966.44,631381.37,186107.13,1463.79,conventional,2017,Dallas Ft Worth
23,7/30/2017,1.03,1154233.85,636100.17,259717.64,1707.76,conventional,2017,Dallas Ft Worth
14,9/25/2016,0.92,1150789.41,574457.35,228335.93,1797.85,conventional,2016,Dallas Ft Worth
12,10/15/2017,1.28,884631.40,480909.50,174844.63,1813.42,conventional,2017,Dallas Ft Worth
13,10/2/2016,0.95,1033290.02,534106.75,186983.98,1901.89,conventional,2016,Dallas Ft Worth
8,11/6/2016,1.14,894904.55,513465.90,163205.79,1932.20,conventional,2016,Dallas Ft Worth
28,6/25/2017,0.89,1327166.18,688781.77,221432.21,2113.52,conventional,2017,Dallas Ft Worth
24,7/23/2017,0.99,1197803.17,640831.59,275273.34,2162.81,conventional,2017,Dallas Ft Worth
15,9/18/2016,0.80,1382358.00,649265.56,269041.40,2164.71,conventional,2016,Dallas Ft Worth
16,9/11/2016,0.79,1308970.15,714506.15,230292.68,2193.26,conventional,2016,Dallas Ft Worth
31,6/4/2017,0.93,1325912.38,712765.48,227992.90,2256.17,conventional,2017,Dallas Ft Worth
11,10/22/2017,1.10,1037930.19,525021.72,186939.29,2275.11,conventional,2017,Dallas Ft Worth
30,6/11/2017,0.90,1361774.87,734135.94,231555.96,2332.57,conventional,2017,Dallas Ft Worth
11,10/16/2016,0.99,1021028.79,526672.37,188632.73,2336.58,conventional,2016,Dallas Ft Worth
5,11/27/2016,0.90,851579.21,445308.37,158734.01,2459.77,conventional,2016,Dallas Ft Worth
9,10/30/2016,1.14,801081.72,432538.75,156225.53,2502.45,conventional,2016,Dallas Ft Worth
35,5/7/2017,0.89,1473846.78,824175.30,269156.57,2529.17,conventional,2017,Dallas Ft Worth
52,1/8/2017,0.78,1247488.60,556814.80,343124.23,2551.41,conventional,2017,Dallas Ft Worth
2,12/18/2016,0.69,1148251.00,571587.33,250532.87,2578.35,conventional,2016,Dallas Ft Worth
21,8/13/2017,1.00,1263766.23,677058.95,260341.69,2582.06,conventional,2017,Dallas Ft Worth
10,10/29/2017,1.05,1071345.81,548902.52,213645.56,2639.97,conventional,2017,Dallas Ft Worth
22,8/6/2017,0.98,1253537.50,663949.10,307186.94,2723.49,conventional,2017,Dallas Ft Worth
17,9/4/2016,0.74,1390891.44,719597.17,256376.46,2742.25,conventional,2016,Dallas Ft Worth
25,7/16/2017,0.98,1219892.61,572059.17,327858.80,2757.68,conventional,2017,Dallas Ft Worth
6,11/20/2016,1.00,910226.05,503088.59,183916.45,2767.57,conventional,2016,Dallas Ft Worth
51,1/15/2017,0.70,1389716.89,750093.63,313392.54,2775.58,conventional,2017,Dallas Ft Worth
6,11/26/2017,0.95,898548.00,523362.00,160636.00,2920.00,conventional,2017,Dallas Ft Worth
33,5/21/2017,0.91,1291606.06,728358.74,222773.66,2961.89,conventional,2017,Dallas Ft Worth
18,8/28/2016,0.74,1260685.59,624795.23,255433.56,2998.26,conventional,2016,Dallas Ft Worth
4,12/4/2016,0.69,1245471.58,714899.71,187180.30,3035.64,conventional,2016,Dallas Ft Worth
1,12/25/2016,0.76,1199636.75,503168.52,313572.54,3069.14,conventional,2016,Dallas Ft Worth
26,7/9/2017,0.84,1514500.00,675094.64,287850.86,3155.06,conventional,2017,Dallas Ft Worth
3,12/11/2016,0.69,1121306.38,643580.23,188669.07,3182.11,conventional,2016,Dallas Ft Worth
10,10/23/2016,1.08,993986.41,420151.75,240421.45,3183.27,conventional,2016,Dallas Ft Worth
34,5/14/2017,0.95,1292071.56,674072.36,238304.70,3363.89,conventional,2017,Dallas Ft Worth
21,8/7/2016,0.83,1244080.92,711725.98,241321.50,3385.24,conventional,2016,Dallas Ft Worth
7,11/19/2017,0.94,958421.00,561075.00,167540.00,3568.00,conventional,2017,Dallas Ft Worth
20,8/14/2016,0.88,1132112.24,612988.24,240643.34,3600.78,conventional,2016,Dallas Ft Worth
9,11/5/2017,0.96,1142499.74,600272.43,245464.06,3677.48,conventional,2017,Dallas Ft Worth
3,12/17/2017,0.83,1084068.05,540252.14,217661.59,3860.93,conventional,2017,Dallas Ft Worth
32,5/28/2017,0.93,1386906.10,747618.37,269246.45,3945.62,conventional,2017,Dallas Ft Worth
7,11/13/2016,1.08,894000.36,480163.12,199890.31,3946.67,conventional,2016,Dallas Ft Worth
27,7/2/2017,0.90,1378563.61,637767.81,287481.13,4000.61,conventional,2017,Dallas Ft Worth
38,4/16/2017,0.87,1517178.55,756530.97,289149.09,4244.38,conventional,2017,Dallas Ft Worth
0,1/1/2017,0.68,1336539.20,526727.72,438041.57,4254.90,conventional,2017,Dallas Ft Worth
29,6/18/2017,0.90,1441940.59,734956.89,307811.08,4290.60,conventional,2017,Dallas Ft Worth
41,3/26/2017,0.91,1282796.85,700655.11,223658.42,4320.01,conventional,2017,Dallas Ft Worth
25,7/12/2015,0.82,1144448.23,713425.63,319277.99,4382.19,conventional,2015,Dallas Ft Worth
23,7/24/2016,0.94,1188812.12,651630.85,228112.66,4388.77,conventional,2016,Dallas Ft Worth
50,1/22/2017,0.70,1382964.89,850531.30,222669.42,4457.46,conventional,2017,Dallas Ft Worth
22,7/31/2016,0.88,1163785.11,670208.32,213925.85,4548.40,conventional,2016,Dallas Ft Worth
8,11/12/2017,0.96,1054327.00,509106.00,271438.00,4615.00,conventional,2017,Dallas Ft Worth
2,12/24/2017,0.99,1060456.59,565235.94,203334.65,4651.33,conventional,2017,Dallas Ft Worth
22,8/2/2015,0.87,1067498.21,705846.27,253860.70,4688.24,conventional,2015,Dallas Ft Worth
4,12/10/2017,0.75,1288280.85,637875.57,219736.68,4749.97,conventional,2017,Dallas Ft Worth
19,8/21/2016,0.77,1215161.52,625055.33,231496.65,4763.04,conventional,2016,Dallas Ft Worth
1,12/31/2017,0.90,1116393.20,481105.48,307423.18,4818.24,conventional,2017,Dallas Ft Worth
24,7/19/2015,0.82,1186878.88,684455.16,364124.15,4970.49,conventional,2015,Dallas Ft Worth
40,4/2/2017,0.83,1372247.80,798833.39,216633.21,4975.58,conventional,2017,Dallas Ft Worth
2,3/18/2018,0.87,1362250.25,656842.99,247599.72,4978.69,conventional,2018,Dallas Ft Worth
6,2/18/2018,0.77,1421970.53,780856.19,250380.23,5033.93,conventional,2018,Dallas Ft Worth
37,4/23/2017,0.85,1496361.87,673961.13,338732.54,5109.09,conventional,2017,Dallas Ft Worth
5,12/3/2017,0.85,1199422.00,575766.00,258400.00,5217.00,conventional,2017,Dallas Ft Worth
7,2/11/2018,0.72,1553404.16,768415.85,212945.50,5327.13,conventional,2018,Dallas Ft Worth
26,7/5/2015,0.83,1320696.13,835215.79,334916.29,5388.47,conventional,2015,Dallas Ft Worth
0,1/7/2018,0.92,1140210.38,587439.51,258369.66,5543.59,conventional,2018,Dallas Ft Worth
12,10/9/2016,0.93,1162334.53,546920.62,283336.68,5584.96,conventional,2016,Dallas Ft Worth
9,1/28/2018,0.82,1433095.36,781164.88,187033.59,5596.69,conventional,2018,Dallas Ft Worth
3,3/11/2018,0.87,1356159.96,688566.31,213463.41,5709.30,conventional,2018,Dallas Ft Worth
5,11/29/2015,0.80,839818.87,477944.48,244879.52,6211.50,conventional,2015,Dallas Ft Worth
10,1/21/2018,0.85,1437239.09,728035.00,216211.98,6291.83,conventional,2018,Dallas Ft Worth
5,2/25/2018,0.74,1616898.50,807933.71,231111.57,6306.38,conventional,2018,Dallas Ft Worth
4,3/4/2018,0.77,1501141.58,673535.25,263895.18,6341.68,conventional,2018,Dallas Ft Worth
33,5/17/2015,0.73,1219398.43,855871.73,261026.33,6382.50,conventional,2015,Dallas Ft Worth
23,7/26/2015,0.80,1191310.92,661845.98,406523.56,6417.32,conventional,2015,Dallas Ft Worth
1,3/25/2018,0.73,1803351.21,788734.28,219585.81,6423.31,conventional,2018,Dallas Ft Worth
8,2/4/2018,0.67,1885401.44,855815.37,340887.07,6655.47,conventional,2018,Dallas Ft Worth
32,5/24/2015,0.81,1184131.34,775365.99,299938.43,6833.07,conventional,2015,Dallas Ft Worth
36,4/30/2017,0.90,1407490.70,653423.58,337551.65,7032.57,conventional,2017,Dallas Ft Worth
20,8/16/2015,0.88,1122668.33,718594.72,287298.98,7090.26,conventional,2015,Dallas Ft Worth
27,6/28/2015,0.77,1203553.98,760374.24,302577.78,7191.26,conventional,2015,Dallas Ft Worth
31,5/31/2015,0.68,1377670.81,941838.33,315653.39,7287.06,conventional,2015,Dallas Ft Worth
18,8/30/2015,0.82,1101680.91,674670.89,309275.19,7468.25,conventional,2015,Dallas Ft Worth
29,6/14/2015,0.65,1508750.45,1013252.58,353165.21,7557.93,conventional,2015,Dallas Ft Worth
24,7/17/2016,0.96,1070350.11,542103.44,210287.21,7622.87,conventional,2016,Dallas Ft Worth
21,8/9/2015,0.85,1124259.51,674531.14,332173.47,7793.22,conventional,2015,Dallas Ft Worth
34,5/10/2015,0.75,1298826.19,817727.07,357330.30,7803.87,conventional,2015,Dallas Ft Worth
11,1/14/2018,0.93,1333180.68,677477.52,316020.36,7862.07,conventional,2018,Dallas Ft Worth
19,8/23/2015,0.85,1120172.03,679440.88,321325.08,8261.74,conventional,2015,Dallas Ft Worth
39,4/9/2017,0.90,1337046.52,710379.21,275048.24,8443.24,conventional,2017,Dallas Ft Worth
4,12/6/2015,0.74,1054849.97,514160.41,412692.22,8533.47,conventional,2015,Dallas Ft Worth
28,6/21/2015,0.75,1283503.44,755351.26,375820.52,8600.70,conventional,2015,Dallas Ft Worth
16,9/13/2015,0.86,1212585.41,564967.74,494078.53,9094.89,conventional,2015,Dallas Ft Worth
49,1/25/2015,0.80,1008295.47,649344.32,271152.06,9610.83,conventional,2015,Dallas Ft Worth
35,5/3/2015,0.77,1282852.08,652304.49,509069.75,9753.52,conventional,2015,Dallas Ft Worth
17,9/6/2015,0.84,1270739.69,626166.71,505568.94,9815.66,conventional,2015,Dallas Ft Worth
0,1/4/2015,0.74,1086363.97,612795.80,374420.68,9817.28,conventional,2015,Dallas Ft Worth
6,11/22/2015,0.78,885067.49,494872.79,264820.58,9913.68,conventional,2015,Dallas Ft Worth
7,11/15/2015,0.71,1040439.71,642897.96,263132.27,10305.52,conventional,2015,Dallas Ft Worth
42,3/19/2017,0.94,1153699.28,591093.13,237495.22,10579.85,conventional,2017,Dallas Ft Worth
15,9/20/2015,0.77,1155212.67,606586.38,425539.41,10973.08,conventional,2015,Dallas Ft Worth
43,3/8/2015,0.75,1218684.28,724775.83,371564.05,11201.82,conventional,2015,Dallas Ft Worth
41,3/22/2015,0.67,1333424.37,925527.04,297656.40,11678.42,conventional,2015,Dallas Ft Worth
51,1/11/2015,0.76,1128693.04,680572.11,348535.22,11900.83,conventional,2015,Dallas Ft Worth
36,4/26/2015,0.81,1102639.51,717960.82,270228.19,12091.21,conventional,2015,Dallas Ft Worth
47,2/8/2015,0.67,1207167.54,737968.75,376914.26,12106.60,conventional,2015,Dallas Ft Worth
44,3/1/2015,0.82,1144032.03,665032.82,358628.24,12398.67,conventional,2015,Dallas Ft Worth
45,2/22/2015,0.80,1116600.76,695493.39,305788.60,12580.26,conventional,2015,Dallas Ft Worth
38,4/12/2015,0.72,1266899.55,871511.12,288420.79,12596.79,conventional,2015,Dallas Ft Worth
46,2/15/2015,0.77,1020856.87,625813.98,299799.46,12656.97,conventional,2015,Dallas Ft Worth
40,3/29/2015,0.79,1164808.22,645523.05,396361.00,13339.76,conventional,2015,Dallas Ft Worth
30,6/7/2015,0.73,1255575.78,788982.74,319283.75,13350.40,conventional,2015,Dallas Ft Worth
39,4/5/2015,0.77,1324348.89,802917.65,387745.54,13592.62,conventional,2015,Dallas Ft Worth
42,3/15/2015,0.72,1211158.55,726176.09,368421.28,14065.99,conventional,2015,Dallas Ft Worth
50,1/18/2015,0.76,1091677.29,627090.61,374230.89,15550.56,conventional,2015,Dallas Ft Worth
37,4/19/2015,0.80,1137811.87,735235.09,284292.72,16013.68,conventional,2015,Dallas Ft Worth
48,2/1/2015,0.68,1391089.32,786166.90,495262.11,18855.32,conventional,2015,Dallas Ft Worth
14,9/27/2015,0.84,1063583.86,533088.33,390554.54,25647.49,conventional,2015,Dallas Ft Worth
45,2/26/2017,0.73,1372811.19,821922.48,198567.11,32790.32,conventional,2017,Dallas Ft Worth
8,11/8/2015,0.80,977717.36,563069.05,278244.62,33026.94,conventional,2015,Dallas Ft Worth
49,1/29/2017,0.73,1306293.11,789341.03,172742.07,36048.34,conventional,2017,Dallas Ft Worth
44,3/5/2017,0.93,1105083.35,558906.77,208324.30,39374.94,conventional,2017,Dallas Ft Worth
25,7/10/2016,0.91,1080238.02,546253.47,205087.04,40097.24,conventional,2016,Dallas Ft Worth
43,3/12/2017,0.90,1170640.71,617249.46,200229.13,40164.79,conventional,2017,Dallas Ft Worth
47,2/12/2017,0.70,1422345.94,624160.13,276020.88,46940.69,conventional,2017,Dallas Ft Worth
49,1/24/2016,1.02,676032.04,187313.19,289208.53,47421.48,conventional,2016,Dallas Ft Worth
46,2/19/2017,0.76,1177312.94,501922.03,272758.35,48080.50,conventional,2017,Dallas Ft Worth
10,10/25/2015,0.86,1010394.81,557469.46,301143.50,49959.10,conventional,2015,Dallas Ft Worth
13,10/4/2015,0.82,1104602.14,491729.14,439095.32,50993.14,conventional,2015,Dallas Ft Worth
44,2/28/2016,0.74,1199630.68,717451.54,207475.39,53555.69,conventional,2016,Dallas Ft Worth
51,1/10/2016,0.85,1145736.97,558567.39,394770.34,54920.09,conventional,2016,Dallas Ft Worth
31,5/29/2016,0.77,1354696.91,682737.60,292600.25,58729.32,conventional,2016,Dallas Ft Worth
28,6/19/2016,0.87,1236820.38,633636.00,250585.11,61508.01,conventional,2016,Dallas Ft Worth
11,10/18/2015,0.83,992983.76,570732.49,266044.08,61892.18,conventional,2015,Dallas Ft Worth
3,12/13/2015,0.79,980891.18,476178.99,319789.56,62436.80,conventional,2015,Dallas Ft Worth
35,5/1/2016,0.71,1433697.02,671692.86,319831.23,63779.21,conventional,2016,Dallas Ft Worth
43,3/6/2016,0.76,1201768.74,705096.06,198717.99,67156.78,conventional,2016,Dallas Ft Worth
45,2/21/2016,0.83,1006181.04,543538.14,221807.33,70976.84,conventional,2016,Dallas Ft Worth
30,6/5/2016,0.82,1343656.34,655971.77,313963.93,74560.86,conventional,2016,Dallas Ft Worth
33,5/15/2016,0.71,1366439.71,620139.86,308643.70,77616.60,conventional,2016,Dallas Ft Worth
48,1/31/2016,0.80,1128639.48,603099.94,287514.29,78916.52,conventional,2016,Dallas Ft Worth
50,1/17/2016,0.79,1164936.06,600983.92,369825.14,79252.03,conventional,2016,Dallas Ft Worth
0,1/3/2016,0.78,1191927.54,551921.61,411340.37,80184.39,conventional,2016,Dallas Ft Worth
1,12/27/2015,0.80,1020390.64,494425.64,276556.76,84912.97,conventional,2015,Dallas Ft Worth
9,11/1/2015,0.78,1114177.66,546040.25,376913.25,85323.07,conventional,2015,Dallas Ft Worth
27,6/26/2016,0.85,1277488.60,657914.92,213129.74,86435.89,conventional,2016,Dallas Ft Worth
29,6/12/2016,0.84,1272166.49,695737.15,219368.82,87625.31,conventional,2016,Dallas Ft Worth
2,12/20/2015,0.82,928051.16,439792.68,257532.45,91158.34,conventional,2015,Dallas Ft Worth
26,7/3/2016,0.89,1350870.14,609482.85,273911.29,95675.27,conventional,2016,Dallas Ft Worth
48,2/5/2017,0.65,1772501.55,882268.72,362714.58,97315.69,conventional,2017,Dallas Ft Worth
12,10/11/2015,0.81,1100679.15,543166.98,349743.64,99900.94,conventional,2015,Dallas Ft Worth
36,4/24/2016,0.65,1482923.45,672950.33,327965.04,102387.45,conventional,2016,Dallas Ft Worth
32,5/22/2016,0.70,1378888.74,596612.09,352914.52,102484.78,conventional,2016,Dallas Ft Worth
38,4/10/2016,0.69,1424317.64,753607.60,211182.18,112050.00,conventional,2016,Dallas Ft Worth
39,4/3/2016,0.70,1339210.20,690160.92,245283.60,112749.94,conventional,2016,Dallas Ft Worth
37,4/17/2016,0.69,1339725.73,646060.26,232035.65,113528.02,conventional,2016,Dallas Ft Worth
42,3/13/2016,0.78,1177309.05,647713.47,217853.54,118454.22,conventional,2016,Dallas Ft Worth
40,3/27/2016,0.76,1341740.28,631283.52,291595.08,129805.20,conventional,2016,Dallas Ft Worth
34,5/8/2016,0.72,1475782.06,683286.61,307560.70,130305.44,conventional,2016,Dallas Ft Worth
41,3/20/2016,0.74,1347884.14,620848.72,317080.41,134806.08,conventional,2016,Dallas Ft Worth
46,2/14/2016,0.65,1358553.29,749745.24,306905.42,135347.78,conventional,2016,Dallas Ft Worth
47,2/7/2016,0.71,1515264.27,766439.13,410258.37,143875.64,conventional,2016,Dallas Ft Worth
