avocado (version 1).csv
0,Date,AveragePrice,Total Volume,4046,4225,4770,type,year,region
3,12/13/2015,1.36,24285.79,7419.99,3155.41,3.32,organic,2015,Denver
45,2/21/2016,1.07,33868.46,5720.97,2259.38,4.41,organic,2016,Denver
2,12/20/2015,1.35,27173.38,9203.25,3262.41,4.42,organic,2015,Denver
0,1/1/2017,0.91,21449.37,4103.45,775.73,5.71,organic,2017,Denver
6,11/20/2016,1.72,18310.37,14123.33,1492.69,5.76,organic,2016,Denver
15,9/18/2016,1.37,22036.49,10442.96,2216.61,5.80,organic,2016,Denver
0,1/4/2015,1.42,22480.07,3199.35,6916.72,7.56,organic,2015,Denver
21,8/7/2016,1.52,22282.57,12876.46,2651.64,8.06,organic,2016,Denver
14,9/25/2016,1.72,12327.94,9350.55,1694.55,8.12,organic,2016,Denver
40,3/29/2015,1.44,29105.69,5455.77,8344.01,8.64,organic,2015,Denver
47,2/8/2015,1.40,22798.51,3017.93,7175.41,9.63,organic,2015,Denver
20,8/16/2015,1.45,32252.93,10281.75,5062.53,10.40,organic,2015,Denver
4,3/4/2018,1.55,24300.28,5776.81,588.50,10.66,organic,2018,Denver
50,1/22/2017,0.98,29282.55,12519.74,5289.45,11.43,organic,2017,Denver
17,9/6/2015,1.43,27271.95,3820.97,5153.61,11.45,organic,2015,Denver
14,10/1/2017,1.93,10632.88,3685.08,235.65,11.49,organic,2017,Denver
26,7/5/2015,1.42,33660.46,9786.78,3058.60,11.49,organic,2015,Denver
1,12/27/2015,1.43,23728.62,9299.54,2853.98,12.14,organic,2015,Denver
1,12/31/2017,1.48,17906.71,4400.94,482.72,12.67,organic,2017,Denver
20,8/14/2016,1.19,26657.31,8487.50,1648.45,12.68,organic,2016,Denver
7,11/13/2016,1.29,24113.80,8091.95,1338.55,12.70,organic,2016,Denver
46,2/15/2015,1.44,19660.58,2347.47,7061.55,12.76,organic,2015,Denver
12,10/9/2016,1.49,19651.23,11578.91,2259.10,12.78,organic,2016,Denver
15,9/20/2015,1.36,25808.98,6109.72,3509.31,13.70,organic,2015,Denver
49,1/29/2017,1.49,18341.33,13842.27,3182.83,13.72,organic,2017,Denver
16,9/11/2016,1.40,20741.79,10019.08,2407.87,13.89,organic,2016,Denver
11,10/16/2016,1.19,20054.84,6147.83,1283.04,13.93,organic,2016,Denver
44,3/1/2015,1.27,36086.54,15769.31,11650.03,14.93,organic,2015,Denver
19,8/21/2016,1.78,10651.36,8262.74,1735.48,15.00,organic,2016,Denver
9,10/30/2016,1.81,23733.43,21484.74,2146.97,15.05,organic,2016,Denver
13,10/2/2016,1.79,13087.01,11038.28,1697.21,15.10,organic,2016,Denver
5,11/29/2015,0.88,56722.58,5178.73,11715.12,15.54,organic,2015,Denver
39,4/3/2016,1.15,27248.91,6435.15,2257.40,15.61,organic,2016,Denver
47,2/12/2017,1.44,24782.08,15109.73,2067.75,16.06,organic,2017,Denver
3,12/11/2016,0.98,34903.11,14092.31,1601.73,16.07,organic,2016,Denver
7,11/19/2017,2.01,17640.41,4506.50,340.39,16.10,organic,2017,Denver
41,3/22/2015,1.39,29621.90,9365.64,8034.98,16.15,organic,2015,Denver
5,12/3/2017,1.79,23854.79,4565.30,367.50,16.23,organic,2017,Denver
15,9/24/2017,1.69,6554.93,3286.51,244.17,17.19,organic,2017,Denver
25,7/10/2016,1.00,37036.32,10122.11,2278.64,18.29,organic,2016,Denver
33,5/17/2015,1.22,45514.57,19911.52,8929.90,18.89,organic,2015,Denver
32,5/24/2015,1.43,36082.44,13288.77,5497.61,18.94,organic,2015,Denver
39,4/5/2015,1.42,34432.77,8696.59,6633.32,19.54,organic,2015,Denver
46,2/19/2017,1.16,34290.67,10979.36,1473.29,19.80,organic,2017,Denver
18,9/3/2017,2.02,17939.80,5319.90,499.64,20.53,organic,2017,Denver
16,9/17/2017,2.02,22029.46,6551.62,478.17,20.59,organic,2017,Denver
24,7/17/2016,1.60,21484.60,15310.96,3457.28,20.60,organic,2016,Denver
8,11/12/2017,1.99,16859.85,4294.35,411.81,20.71,organic,2017,Denver
38,4/12/2015,1.42,23701.50,6189.81,4728.75,20.72,organic,2015,Denver
48,2/5/2017,1.38,17713.66,9065.62,1335.07,20.82,organic,2017,Denver
31,5/31/2015,1.43,33855.74,11232.12,4800.39,21.27,organic,2015,Denver
30,6/5/2016,1.32,21698.87,12810.26,3097.96,21.51,organic,2016,Denver
19,8/27/2017,2.16,20575.00,5403.05,507.00,21.60,organic,2017,Denver
28,6/21/2015,1.43,31954.94,9953.25,2917.93,21.75,organic,2015,Denver
5,11/27/2016,1.34,23367.39,11121.68,1566.03,21.88,organic,2016,Denver
23,7/26/2015,1.43,28284.23,9085.94,2619.52,21.94,organic,2015,Denver
21,8/9/2015,1.44,34888.66,12490.90,3930.90,21.94,organic,2015,Denver
0,1/7/2018,1.38,39706.28,8896.86,939.38,22.09,organic,2018,Denver
31,5/29/2016,0.96,34072.77,8555.66,1938.53,22.63,organic,2016,Denver
4,12/4/2016,0.85,45324.18,12165.52,1971.17,23.00,organic,2016,Denver
24,7/19/2015,1.45,25375.78,9846.73,2604.75,23.09,organic,2015,Denver
22,8/2/2015,1.43,31424.93,10555.41,2962.63,23.09,organic,2015,Denver
50,1/17/2016,1.15,22059.78,6052.49,3670.46,23.12,organic,2016,Denver
44,2/28/2016,1.06,30084.47,4713.24,1955.11,23.17,organic,2016,Denver
44,3/5/2017,0.94,62976.43,23363.47,3586.20,23.18,organic,2017,Denver
8,2/4/2018,1.51,16458.72,3746.88,496.84,23.49,organic,2018,Denver
33,5/15/2016,0.99,24086.48,11220.31,3023.72,23.73,organic,2016,Denver
18,8/30/2015,1.45,25122.55,5988.79,4070.46,24.06,organic,2015,Denver
8,11/6/2016,1.74,13748.96,11564.81,1279.38,24.27,organic,2016,Denver
42,3/19/2017,0.89,50646.59,9086.75,1631.51,24.46,organic,2017,Denver
51,1/11/2015,1.28,30682.77,8855.89,15070.85,24.80,organic,2015,Denver
5,2/25/2018,1.39,36823.42,8387.30,751.32,24.81,organic,2018,Denver
40,3/27/2016,1.24,30425.90,8689.45,2179.12,25.57,organic,2016,Denver
38,4/10/2016,0.94,40527.10,5150.05,1545.00,25.72,organic,2016,Denver
11,10/18/2015,1.30,25827.35,2156.55,5707.23,26.07,organic,2015,Denver
12,10/11/2015,1.28,24738.50,2269.21,4720.12,26.14,organic,2015,Denver
10,10/29/2017,2.01,16981.94,4980.49,572.15,26.58,organic,2017,Denver
41,3/20/2016,0.98,36797.51,4709.48,3674.36,26.61,organic,2016,Denver
28,6/25/2017,1.17,25446.92,4521.58,3679.04,27.25,organic,2017,Denver
46,2/14/2016,1.18,30537.03,6478.87,3527.28,27.51,organic,2016,Denver
42,3/15/2015,1.12,68533.20,27916.18,27507.13,27.89,organic,2015,Denver
37,4/17/2016,1.00,53454.29,6855.69,2138.82,28.03,organic,2016,Denver
16,9/13/2015,1.36,26282.03,5076.16,3584.05,28.59,organic,2015,Denver
45,2/22/2015,1.40,24794.39,4987.23,6082.18,28.78,organic,2015,Denver
7,11/15/2015,1.33,23789.01,11293.76,3356.13,29.19,organic,2015,Denver
9,11/1/2015,1.26,29803.99,5850.87,6277.42,29.31,organic,2015,Denver
29,6/12/2016,1.46,25862.04,19720.90,3959.24,29.44,organic,2016,Denver
49,1/24/2016,0.86,45127.01,7581.40,5040.24,29.68,organic,2016,Denver
2,12/24/2017,1.61,29466.81,6227.29,528.01,30.11,organic,2017,Denver
6,11/22/2015,1.39,23094.34,6643.41,5729.32,30.25,organic,2015,Denver
13,10/4/2015,1.25,28692.21,1368.83,5986.74,30.75,organic,2015,Denver
14,9/27/2015,1.35,32925.13,5917.80,5527.24,30.80,organic,2015,Denver
13,10/8/2017,1.97,22719.75,7350.34,484.37,30.99,organic,2017,Denver
25,7/12/2015,1.44,27100.80,9772.47,3066.94,32.24,organic,2015,Denver
19,8/23/2015,1.46,37948.74,12000.67,6027.30,32.35,organic,2015,Denver
10,1/21/2018,1.55,30143.30,7841.79,687.20,32.61,organic,2018,Denver
47,2/7/2016,1.08,35694.81,4205.46,3815.33,32.99,organic,2016,Denver
2,3/18/2018,1.67,21352.34,10539.17,797.06,33.21,organic,2018,Denver
4,12/6/2015,0.92,41324.90,3841.78,8059.68,33.27,organic,2015,Denver
27,6/28/2015,1.44,30625.69,10715.21,2929.80,33.28,organic,2015,Denver
43,3/12/2017,0.98,52575.07,14682.30,2307.67,33.70,organic,2017,Denver
32,5/22/2016,0.92,49143.63,25268.60,1852.73,33.92,organic,2016,Denver
7,2/11/2018,1.55,22388.13,5261.02,639.37,35.39,organic,2018,Denver
22,7/31/2016,1.79,17691.72,14012.54,2828.69,35.64,organic,2016,Denver
9,11/5/2017,2.05,15794.46,4139.00,411.73,35.75,organic,2017,Denver
10,10/23/2016,1.71,19881.26,15715.08,1952.50,35.94,organic,2016,Denver
8,11/8/2015,1.14,55351.03,37447.75,9325.92,36.00,organic,2015,Denver
10,10/25/2015,1.27,30032.31,1813.92,6320.58,36.17,organic,2015,Denver
9,1/28/2018,1.51,27513.73,6132.33,550.80,36.18,organic,2018,Denver
41,3/26/2017,0.85,67657.35,10129.43,1677.51,36.31,organic,2017,Denver
17,9/10/2017,2.06,23548.78,6045.36,524.69,38.87,organic,2017,Denver
45,2/26/2017,0.78,64041.86,12233.34,2065.58,39.34,organic,2017,Denver
48,1/31/2016,0.95,55371.00,6587.57,6336.15,40.64,organic,2016,Denver
20,8/20/2017,2.11,17338.59,5178.40,520.11,40.88,organic,2017,Denver
50,1/18/2015,1.10,42234.91,5475.13,32538.95,42.01,organic,2015,Denver
3,12/17/2017,1.46,34524.05,5039.43,435.39,42.84,organic,2017,Denver
1,3/25/2018,1.60,24825.50,6516.40,685.92,44.09,organic,2018,Denver
34,5/10/2015,1.23,46949.06,19400.27,8573.27,45.43,organic,2015,Denver
31,6/4/2017,1.97,15024.27,13420.30,1057.12,45.52,organic,2017,Denver
43,3/8/2015,1.09,70858.71,34792.41,26156.12,45.91,organic,2015,Denver
22,8/6/2017,1.95,19766.00,9900.68,1086.26,46.34,organic,2017,Denver
30,6/7/2015,1.44,30890.93,11955.60,4701.62,48.34,organic,2015,Denver
29,6/14/2015,1.44,33994.64,11488.79,4348.88,49.63,organic,2015,Denver
6,2/18/2018,1.35,36683.22,8065.46,597.63,49.70,organic,2018,Denver
4,12/10/2017,1.67,24471.73,4093.04,451.74,49.81,organic,2017,Denver
0,1/3/2016,1.05,30514.09,7003.19,4240.70,51.80,organic,2016,Denver
34,5/8/2016,0.70,50559.21,14280.12,6750.13,51.92,organic,2016,Denver
3,3/11/2018,1.59,31590.90,7032.90,640.35,52.08,organic,2018,Denver
42,3/13/2016,0.74,100571.11,17624.22,12791.08,53.10,organic,2016,Denver
11,1/14/2018,1.53,36501.82,8395.91,839.11,53.61,organic,2018,Denver
52,1/8/2017,0.80,39403.42,8720.61,1639.28,53.69,organic,2017,Denver
23,7/24/2016,1.47,28452.22,14466.93,3103.21,53.93,organic,2016,Denver
23,7/30/2017,1.83,21925.58,8612.69,1388.86,54.11,organic,2017,Denver
29,6/18/2017,1.25,28462.96,8640.24,2043.28,54.52,organic,2017,Denver
51,1/10/2016,0.77,63531.61,4369.82,10784.78,55.07,organic,2016,Denver
40,4/2/2017,0.84,68627.92,9309.72,2010.11,57.73,organic,2017,Denver
26,7/3/2016,1.20,27913.57,13460.89,3315.60,58.26,organic,2016,Denver
21,8/13/2017,2.08,22375.66,7525.31,864.59,58.85,organic,2017,Denver
43,3/6/2016,0.66,121329.26,10700.89,10988.09,59.64,organic,2016,Denver
27,7/2/2017,1.44,25731.81,11850.59,2544.28,61.31,organic,2017,Denver
37,4/19/2015,1.44,23563.42,6897.03,4706.90,65.71,organic,2015,Denver
37,4/23/2017,0.90,62384.23,12793.11,2126.24,69.71,organic,2017,Denver
11,10/22/2017,1.64,27024.28,5719.08,906.97,75.10,organic,2017,Denver
1,12/25/2016,0.93,23425.81,5412.78,884.75,75.54,organic,2016,Denver
39,4/9/2017,0.89,65820.33,11793.22,2019.38,76.45,organic,2017,Denver
27,6/26/2016,1.52,19132.38,14921.84,4022.39,76.50,organic,2016,Denver
26,7/9/2017,1.94,14908.74,12539.43,1475.09,80.56,organic,2017,Denver
33,5/21/2017,1.38,35664.49,25044.47,4244.27,82.46,organic,2017,Denver
12,10/15/2017,1.55,38937.28,11990.11,1114.77,85.48,organic,2017,Denver
6,11/26/2017,2.01,17421.87,4744.62,393.21,85.58,organic,2017,Denver
36,4/30/2017,1.24,42857.03,24513.67,3402.45,97.18,organic,2017,Denver
25,7/16/2017,1.83,7653.26,3638.11,1154.29,99.49,organic,2017,Denver
28,6/19/2016,1.52,24524.24,20528.30,3777.61,100.40,organic,2016,Denver
2,12/18/2016,1.47,14088.99,9935.96,1781.50,100.88,organic,2016,Denver
30,6/11/2017,1.97,18916.24,16512.70,1809.94,103.26,organic,2017,Denver
48,2/1/2015,1.29,27527.63,4823.79,10709.50,104.48,organic,2015,Denver
38,4/16/2017,0.96,67666.31,16051.02,2802.30,111.53,organic,2017,Denver
36,4/24/2016,0.74,229646.05,62551.80,37420.77,124.69,organic,2016,Denver
34,5/14/2017,0.74,162499.64,22355.83,7368.08,139.39,organic,2017,Denver
35,5/1/2016,0.86,182067.69,85418.52,40808.35,142.93,organic,2016,Denver
35,5/3/2015,1.03,139212.26,88780.66,36428.10,143.56,organic,2015,Denver
32,5/28/2017,1.69,28877.50,25873.17,2438.11,165.37,organic,2017,Denver
35,5/7/2017,0.90,145594.19,32779.19,13318.70,213.66,organic,2017,Denver
24,7/23/2017,1.83,16147.91,8533.77,3419.39,214.84,organic,2017,Denver
36,4/26/2015,1.03,125507.76,75842.24,37729.40,268.30,organic,2015,Denver
51,1/15/2017,0.73,50686.37,18780.82,3010.21,270.75,organic,2017,Denver
17,9/4/2016,1.15,25026.47,8810.53,2263.32,275.18,organic,2016,Denver
18,8/28/2016,1.47,11417.18,5597.07,1246.64,286.40,organic,2016,Denver
49,1/25/2015,1.33,22502.50,4271.13,8412.17,584.78,organic,2015,Denver
