avocado (version 1).csv
0,Date,AveragePrice,Total Volume,4046,4225,4770,type,year,region
13,10/8/2017,1.60,537932.73,133463.10,140121.62,177.88,conventional,2017,Denver
15,9/24/2017,1.60,499761.73,125319.71,161435.81,191.97,conventional,2017,Denver
14,10/1/2017,1.47,605234.66,114291.47,249372.98,198.48,conventional,2017,Denver
12,10/15/2017,1.57,537139.26,126304.77,158787.10,711.14,conventional,2017,Denver
16,9/17/2017,1.47,557213.38,150991.79,156645.07,2422.09,conventional,2017,Denver
50,1/18/2015,0.99,808194.41,151976.70,500683.50,4225.31,conventional,2015,Denver
40,3/29/2015,1.11,627546.30,160679.31,371990.15,4760.21,conventional,2015,Denver
49,1/25/2015,1.02,695658.81,140914.23,422434.82,4944.79,conventional,2015,Denver
42,3/15/2015,1.03,662131.80,160422.27,403060.76,5122.11,conventional,2015,Denver
51,1/11/2015,1.09,666579.35,110974.25,427723.20,5357.69,conventional,2015,Denver
47,2/8/2015,0.95,766576.39,153584.14,466313.49,5420.92,conventional,2015,Denver
44,3/1/2015,1.03,670820.50,101528.39,487873.51,5507.38,conventional,2015,Denver
0,1/4/2015,0.99,668086.00,117454.09,429518.41,5553.60,conventional,2015,Denver
45,2/22/2015,1.00,899302.80,153410.25,584093.63,5686.33,conventional,2015,Denver
48,2/1/2015,0.93,990211.57,217715.85,608156.34,5736.45,conventional,2015,Denver
36,4/26/2015,1.19,620827.49,160372.05,381779.34,5981.19,conventional,2015,Denver
37,4/19/2015,1.08,797021.22,129744.18,544167.43,6231.67,conventional,2015,Denver
39,4/5/2015,1.19,645727.95,156966.84,396449.92,6308.61,conventional,2015,Denver
11,10/22/2017,1.43,638993.72,126273.71,238205.63,6359.85,conventional,2017,Denver
43,3/8/2015,1.03,719792.51,118578.11,491584.39,7264.83,conventional,2015,Denver
4,12/10/2017,0.97,886841.87,150700.53,330683.28,7679.52,conventional,2017,Denver
46,2/15/2015,1.12,629074.28,116907.81,404107.32,7797.57,conventional,2015,Denver
41,3/22/2015,1.15,603112.11,131881.99,380284.50,8461.12,conventional,2015,Denver
9,11/1/2015,0.82,831994.43,140330.11,446007.80,8551.05,conventional,2015,Denver
38,4/12/2015,1.05,858680.51,176304.23,574793.28,8603.75,conventional,2015,Denver
9,11/5/2017,1.07,934570.70,122060.91,320967.57,8617.99,conventional,2017,Denver
4,12/6/2015,0.76,838225.19,111259.34,378124.28,8807.96,conventional,2015,Denver
8,11/12/2017,1.03,847836.00,137872.00,269918.00,8942.00,conventional,2017,Denver
1,12/31/2017,0.94,938481.85,127052.75,355322.20,8950.91,conventional,2017,Denver
5,12/3/2017,1.10,849840.00,149815.00,325073.00,9270.00,conventional,2017,Denver
9,1/28/2018,1.15,773218.13,181751.78,215803.07,9803.85,conventional,2018,Denver
0,1/3/2016,0.60,1295246.27,114121.88,526048.62,10374.52,conventional,2016,Denver
19,8/27/2017,1.10,896083.20,122874.44,379022.88,10439.85,conventional,2017,Denver
10,10/29/2017,1.20,783939.18,130556.48,226576.70,10872.40,conventional,2017,Denver
41,3/20/2016,0.73,1005859.79,138938.88,360370.27,10950.53,conventional,2016,Denver
2,12/18/2016,1.04,705750.83,116069.90,232182.60,10972.28,conventional,2016,Denver
38,4/10/2016,0.77,982817.77,127374.53,353040.81,11020.71,conventional,2016,Denver
10,10/25/2015,0.93,735206.51,106239.17,393920.63,11222.00,conventional,2015,Denver
36,4/24/2016,0.93,661913.55,132550.99,225788.65,11418.75,conventional,2016,Denver
3,12/11/2016,0.95,764135.24,110202.78,219903.74,11427.65,conventional,2016,Denver
4,12/4/2016,0.91,855989.02,129940.92,277374.59,11512.69,conventional,2016,Denver
8,2/4/2018,0.87,1381528.74,234985.26,468889.32,11698.36,conventional,2018,Denver
2,12/24/2017,1.19,675592.64,142027.32,171218.36,11713.70,conventional,2017,Denver
21,8/13/2017,1.46,635905.08,148506.19,198503.52,11830.22,conventional,2017,Denver
11,1/14/2018,1.10,1003142.47,178992.28,323916.08,11963.62,conventional,2018,Denver
6,11/26/2017,1.36,543243.00,125916.00,171383.00,12038.00,conventional,2017,Denver
3,12/17/2017,1.13,646736.55,157024.25,154962.46,12155.00,conventional,2017,Denver
8,11/8/2015,0.93,690633.88,113964.90,354454.62,12294.00,conventional,2015,Denver
0,1/1/2017,0.80,959368.84,138364.14,336467.73,12664.38,conventional,2017,Denver
17,9/10/2017,1.56,585138.06,114529.62,167203.28,12806.42,conventional,2017,Denver
28,6/21/2015,1.16,730826.79,184206.21,405469.62,12854.03,conventional,2015,Denver
6,2/18/2018,1.16,743979.81,159850.99,197244.92,12929.90,conventional,2018,Denver
23,7/30/2017,1.19,787191.53,145887.05,313773.34,12960.79,conventional,2017,Denver
12,10/9/2016,1.08,758236.76,149621.92,240858.41,13026.15,conventional,2016,Denver
18,8/28/2016,0.91,957464.14,138029.18,282568.24,13197.13,conventional,2016,Denver
34,5/8/2016,0.80,1113912.58,181354.77,427697.05,13291.11,conventional,2016,Denver
50,1/22/2017,1.03,906838.40,149313.21,268029.66,13355.19,conventional,2017,Denver
24,7/23/2017,1.15,971350.62,149313.58,353625.53,13389.27,conventional,2017,Denver
20,8/20/2017,1.20,877603.13,113449.77,324067.53,13424.53,conventional,2017,Denver
22,8/6/2017,1.43,638888.58,145450.77,211822.19,13541.62,conventional,2017,Denver
11,10/18/2015,0.87,805437.95,117059.41,435491.56,13693.47,conventional,2015,Denver
19,8/21/2016,1.22,603007.72,150776.14,190694.58,13732.79,conventional,2016,Denver
7,2/11/2018,0.91,1056054.41,234995.54,251174.58,13754.34,conventional,2018,Denver
18,9/3/2017,1.50,588489.26,122402.66,165312.08,13836.18,conventional,2017,Denver
0,1/7/2018,1.01,963849.75,184830.15,292349.16,14102.19,conventional,2018,Denver
5,11/27/2016,1.30,455469.67,86311.53,131940.87,14113.35,conventional,2016,Denver
5,11/29/2015,1.12,429109.64,85241.45,179982.42,14146.28,conventional,2015,Denver
5,2/25/2018,0.99,1018614.31,166753.37,254657.74,14153.31,conventional,2018,Denver
16,9/11/2016,0.98,791566.05,112292.42,227729.26,14432.98,conventional,2016,Denver
25,7/16/2017,1.46,642837.36,108383.89,207831.49,14610.86,conventional,2017,Denver
48,2/5/2017,0.77,1258952.81,239163.63,502457.31,14680.91,conventional,2017,Denver
47,2/12/2017,0.96,821592.06,204917.87,291657.99,14706.94,conventional,2017,Denver
49,1/29/2017,1.05,887964.38,172614.57,214811.63,14725.98,conventional,2017,Denver
35,5/3/2015,1.01,781496.40,182975.49,485743.46,14810.14,conventional,2015,Denver
10,1/21/2018,1.16,872673.39,147297.68,233968.98,14834.26,conventional,2018,Denver
45,2/21/2016,0.73,955582.65,155250.00,331998.14,14973.10,conventional,2016,Denver
45,2/26/2017,1.15,782244.57,139037.76,237453.81,15021.65,conventional,2017,Denver
14,9/27/2015,0.97,694871.74,119089.66,386987.12,15285.72,conventional,2015,Denver
6,11/20/2016,1.28,543816.60,94899.68,146401.28,15291.46,conventional,2016,Denver
35,5/1/2016,0.87,819111.24,153151.67,261525.49,15299.33,conventional,2016,Denver
7,11/19/2017,1.13,701022.00,132242.00,196662.00,15425.00,conventional,2017,Denver
49,1/24/2016,0.60,1195521.28,25727.06,404617.20,15454.69,conventional,2016,Denver
2,3/18/2018,1.02,1010953.71,163394.48,260747.73,15483.84,conventional,2018,Denver
4,3/4/2018,1.01,934460.44,192776.45,258652.66,15526.86,conventional,2018,Denver
1,12/25/2016,1.04,765511.40,123942.37,206365.38,15600.07,conventional,2016,Denver
7,11/13/2016,1.18,661296.80,133528.94,197035.03,16010.33,conventional,2016,Denver
26,7/9/2017,1.11,951407.12,164106.61,267690.26,16221.33,conventional,2017,Denver
15,9/18/2016,1.02,757358.11,134607.83,198214.42,16328.76,conventional,2016,Denver
9,10/30/2016,1.13,576353.94,99369.74,239345.04,16411.08,conventional,2016,Denver
13,10/2/2016,1.18,677071.87,124504.59,172835.74,16447.85,conventional,2016,Denver
52,1/8/2017,0.92,844689.96,169103.67,249167.67,16470.81,conventional,2017,Denver
30,6/5/2016,0.85,939081.28,184534.90,326966.95,16485.85,conventional,2016,Denver
11,10/16/2016,1.15,673392.59,129257.01,156075.34,16490.35,conventional,2016,Denver
1,3/25/2018,1.02,950483.37,176286.79,222958.27,16540.62,conventional,2018,Denver
33,5/21/2017,1.23,750701.05,145486.51,205774.79,16548.73,conventional,2017,Denver
3,3/11/2018,1.16,788107.23,159389.01,205340.23,16598.60,conventional,2018,Denver
22,8/2/2015,1.05,727916.83,153498.68,423519.88,16711.00,conventional,2015,Denver
34,5/10/2015,1.08,735145.02,148762.57,454026.16,16724.31,conventional,2015,Denver
14,9/25/2016,1.15,680946.51,135131.95,168060.00,16829.34,conventional,2016,Denver
46,2/19/2017,1.07,799071.01,153258.18,254318.67,17088.87,conventional,2017,Denver
24,7/19/2015,1.10,857872.86,119266.12,513055.10,17089.18,conventional,2015,Denver
17,9/4/2016,0.91,924278.16,146921.58,254464.01,17239.60,conventional,2016,Denver
35,5/7/2017,1.13,904098.60,147250.97,357127.75,17250.83,conventional,2017,Denver
27,6/26/2016,0.98,773677.84,165858.80,229712.84,17278.44,conventional,2016,Denver
33,5/17/2015,1.21,592588.01,156010.24,305200.86,17377.87,conventional,2015,Denver
30,6/7/2015,1.11,782886.63,167992.06,439309.16,17507.30,conventional,2015,Denver
32,5/22/2016,0.90,932146.56,160299.04,266856.24,17526.17,conventional,2016,Denver
29,6/14/2015,1.16,743005.75,194447.12,401133.25,17694.15,conventional,2015,Denver
16,9/13/2015,1.01,735436.91,115935.68,451936.38,17938.63,conventional,2015,Denver
46,2/14/2016,0.70,966134.31,178547.07,277085.15,17992.56,conventional,2016,Denver
34,5/14/2017,1.23,781305.34,166017.34,223913.99,18080.90,conventional,2017,Denver
51,1/15/2017,1.04,808771.72,147752.34,212522.91,18135.24,conventional,2017,Denver
20,8/16/2015,1.17,648148.15,157630.43,348863.51,18154.64,conventional,2015,Denver
6,11/22/2015,0.85,724865.72,100047.56,323796.50,18215.73,conventional,2015,Denver
44,3/5/2017,1.32,639567.49,142858.33,161939.15,18347.67,conventional,2017,Denver
27,6/28/2015,1.20,696697.65,162885.58,362226.14,18449.63,conventional,2015,Denver
21,8/7/2016,1.14,695116.30,168010.47,183568.83,18624.73,conventional,2016,Denver
43,3/12/2017,1.32,673601.39,138467.07,157143.73,18699.79,conventional,2017,Denver
43,3/6/2016,0.98,671667.78,145893.90,242906.02,18706.34,conventional,2016,Denver
31,5/31/2015,1.26,600377.94,127747.50,365471.20,18725.02,conventional,2015,Denver
32,5/24/2015,1.16,657593.22,198187.29,369924.19,18817.60,conventional,2015,Denver
12,10/11/2015,0.90,775976.51,108538.74,432102.05,18840.69,conventional,2015,Denver
8,11/6/2016,1.31,533947.50,110497.67,148423.26,18858.61,conventional,2016,Denver
47,2/7/2016,0.63,1365558.26,230721.51,557897.36,18935.14,conventional,2016,Denver
24,7/17/2016,1.07,771606.04,145158.79,204309.28,19016.94,conventional,2016,Denver
22,7/31/2016,1.15,673588.45,144730.95,178801.08,19083.49,conventional,2016,Denver
10,10/23/2016,1.24,594392.87,100519.86,166315.87,19086.52,conventional,2016,Denver
17,9/6/2015,1.09,729046.74,138154.55,420365.75,19090.66,conventional,2015,Denver
1,12/27/2015,0.98,625475.10,93034.20,246747.13,19103.69,conventional,2015,Denver
23,7/24/2016,1.17,690893.40,128025.08,187555.04,19241.11,conventional,2016,Denver
18,8/30/2015,1.14,721703.83,119849.97,421032.49,19353.95,conventional,2015,Denver
29,6/18/2017,1.14,890723.20,185315.80,198308.54,19386.07,conventional,2017,Denver
26,7/5/2015,1.19,736913.15,146171.45,428389.18,19546.92,conventional,2015,Denver
20,8/14/2016,1.18,657981.41,120449.87,189114.15,19582.82,conventional,2016,Denver
42,3/19/2017,1.32,678002.96,152538.65,156751.57,19725.12,conventional,2017,Denver
29,6/12/2016,0.96,819664.78,179533.58,242834.17,19838.57,conventional,2016,Denver
7,11/15/2015,0.82,925618.09,98269.82,428998.81,20029.10,conventional,2015,Denver
41,3/26/2017,1.42,630931.96,158588.80,150934.84,20052.83,conventional,2017,Denver
40,3/27/2016,0.95,716900.40,150919.31,208644.01,20423.50,conventional,2016,Denver
25,7/10/2016,1.04,835116.10,190377.09,230361.94,20484.14,conventional,2016,Denver
28,6/25/2017,1.17,841763.42,165523.87,173432.50,20677.83,conventional,2017,Denver
28,6/19/2016,1.00,791013.50,188105.59,224899.28,20738.26,conventional,2016,Denver
26,7/3/2016,1.03,815698.87,170576.29,256861.03,21306.98,conventional,2016,Denver
19,8/23/2015,1.20,598195.03,135261.61,318115.81,21420.30,conventional,2015,Denver
30,6/11/2017,1.18,872407.69,192091.93,212252.78,21884.68,conventional,2017,Denver
25,7/12/2015,1.18,738933.68,123673.43,423853.38,22068.15,conventional,2015,Denver
40,4/2/2017,1.33,681540.61,150610.93,159643.84,22581.97,conventional,2017,Denver
37,4/23/2017,1.15,766941.79,162809.94,163230.47,22772.48,conventional,2017,Denver
39,4/9/2017,1.31,704360.11,136193.81,164298.89,23358.01,conventional,2017,Denver
38,4/16/2017,1.23,813466.54,164060.81,178842.29,23776.10,conventional,2017,Denver
36,4/30/2017,1.33,703503.26,145242.61,162526.92,23984.08,conventional,2017,Denver
21,8/9/2015,1.09,669377.04,131770.05,377129.38,24025.84,conventional,2015,Denver
32,5/28/2017,1.19,835834.41,172557.01,175140.35,24390.21,conventional,2017,Denver
2,12/20/2015,1.05,528944.54,113403.55,188263.20,24477.83,conventional,2015,Denver
27,7/2/2017,1.19,813544.33,124815.87,182812.48,25202.91,conventional,2017,Denver
15,9/20/2015,0.98,760083.16,85382.01,461272.50,25529.99,conventional,2015,Denver
39,4/3/2016,0.83,829424.24,153221.66,209188.36,25632.09,conventional,2016,Denver
23,7/26/2015,1.18,703672.69,138942.76,376355.19,25777.83,conventional,2015,Denver
48,1/31/2016,0.80,892702.46,167669.42,270481.63,27489.66,conventional,2016,Denver
13,10/4/2015,1.02,678935.84,101712.18,364774.25,27621.71,conventional,2015,Denver
37,4/17/2016,0.78,1011265.53,171831.90,285967.94,27995.98,conventional,2016,Denver
3,12/13/2015,0.83,741702.50,96222.34,321764.32,29349.34,conventional,2015,Denver
31,6/4/2017,1.16,895594.90,198732.29,179793.41,30183.22,conventional,2017,Denver
50,1/17/2016,0.66,1245174.24,118599.67,403009.94,31009.77,conventional,2016,Denver
31,5/29/2016,0.85,977871.04,181470.96,282618.43,33023.48,conventional,2016,Denver
42,3/13/2016,0.83,824792.73,158016.76,261685.82,33866.06,conventional,2016,Denver
51,1/10/2016,0.72,1094945.73,146631.13,366330.53,37684.11,conventional,2016,Denver
33,5/15/2016,0.90,952354.86,159348.75,252574.36,39117.61,conventional,2016,Denver
44,2/28/2016,0.74,1058089.41,118099.68,300335.55,62908.07,conventional,2016,Denver
