avocado (version 1).csv
0,Date,AveragePrice,Total Volume,4046,4225,4770,type,year,region
9,10/30/2016,1.40,193940.78,75576.83,41553.71,4805.57,conventional,2016,Detroit
5,11/27/2016,1.18,262530.31,86557.85,47554.19,4974.63,conventional,2016,Detroit
3,12/11/2016,0.95,333109.65,135589.71,44003.60,5245.09,conventional,2016,Detroit
6,11/20/2016,1.35,243576.96,76104.87,46523.68,5327.53,conventional,2016,Detroit
7,11/13/2016,1.39,236523.09,78974.40,43868.31,5687.17,conventional,2016,Detroit
8,11/6/2016,1.40,231422.37,80604.72,46242.75,5688.67,conventional,2016,Detroit
11,10/16/2016,1.26,256744.34,83560.90,51486.24,6767.11,conventional,2016,Detroit
49,1/29/2017,1.01,381506.20,125847.46,70435.94,6902.42,conventional,2017,Detroit
12,10/9/2016,1.27,253886.80,85266.60,50763.68,6966.14,conventional,2016,Detroit
1,12/25/2016,1.06,319957.45,89825.00,59758.69,7121.96,conventional,2016,Detroit
51,1/15/2017,0.98,397115.64,124452.62,72303.07,7243.19,conventional,2017,Detroit
6,11/26/2017,1.21,229292.00,71317.00,40629.00,7259.00,conventional,2017,Detroit
7,11/19/2017,0.99,353938.00,112881.00,39979.00,7326.00,conventional,2017,Detroit
9,11/5/2017,1.00,426643.42,154127.34,42917.02,7701.33,conventional,2017,Detroit
52,1/8/2017,0.90,470643.79,157160.74,76519.91,7819.30,conventional,2017,Detroit
13,10/2/2016,1.25,266892.47,83699.68,49320.17,7837.66,conventional,2016,Detroit
10,10/23/2016,1.35,227233.92,84500.57,51517.10,8023.49,conventional,2016,Detroit
8,11/12/2017,0.93,432903.00,163957.00,42219.00,8156.00,conventional,2017,Detroit
14,9/25/2016,1.24,274937.38,89632.07,50863.12,8202.35,conventional,2016,Detroit
15,9/18/2016,1.10,320748.32,105595.83,53981.52,8602.38,conventional,2016,Detroit
10,10/29/2017,1.28,316276.92,91775.45,40457.01,8828.78,conventional,2017,Detroit
47,2/12/2017,0.74,475602.70,148920.01,87966.44,9992.23,conventional,2017,Detroit
4,12/10/2017,1.13,311949.95,89161.52,44929.63,10001.86,conventional,2017,Detroit
12,10/15/2017,1.79,205378.62,57304.56,33515.01,10114.48,conventional,2017,Detroit
11,10/22/2017,1.59,230384.71,57747.31,39113.60,10512.03,conventional,2017,Detroit
18,8/28/2016,1.01,353420.52,123353.98,54190.11,10761.35,conventional,2016,Detroit
2,12/18/2016,1.05,298755.30,82536.60,85859.26,10805.16,conventional,2016,Detroit
16,9/11/2016,1.09,339890.13,123013.74,57728.78,10905.57,conventional,2016,Detroit
17,9/4/2016,1.08,326335.52,119899.31,56047.32,11880.35,conventional,2016,Detroit
19,8/21/2016,1.15,316859.74,121469.45,53707.30,13151.78,conventional,2016,Detroit
11,1/14/2018,1.18,369628.10,94963.97,60826.16,13812.28,conventional,2018,Detroit
28,6/25/2017,1.01,402914.93,96114.24,58116.71,14203.42,conventional,2017,Detroit
9,1/28/2018,1.14,367456.05,80917.00,70055.35,14554.29,conventional,2018,Detroit
2,12/24/2017,1.25,298146.18,50834.19,57335.28,15610.47,conventional,2017,Detroit
20,8/14/2016,1.08,367007.17,127204.13,53136.76,15900.17,conventional,2016,Detroit
30,6/11/2017,1.28,315240.72,71644.61,61426.82,17894.09,conventional,2017,Detroit
13,10/8/2017,1.94,208300.17,55417.49,17297.60,18345.32,conventional,2017,Detroit
0,1/1/2017,0.75,480612.79,100364.10,165059.57,18804.24,conventional,2017,Detroit
6,2/18/2018,1.11,361966.97,70416.79,33890.23,18889.70,conventional,2018,Detroit
14,10/1/2017,1.88,215840.47,56101.34,24145.02,19204.17,conventional,2017,Detroit
46,2/19/2017,1.07,311270.60,82084.73,46507.12,20143.65,conventional,2017,Detroit
21,8/7/2016,1.13,352764.25,127164.35,60621.61,20552.56,conventional,2016,Detroit
4,12/4/2016,0.81,545216.52,156549.99,173437.90,22752.47,conventional,2016,Detroit
16,9/17/2017,1.84,231672.30,56672.38,29720.64,23010.55,conventional,2017,Detroit
22,7/31/2016,1.16,340176.41,133525.93,51178.25,23139.38,conventional,2016,Detroit
0,1/7/2018,0.92,512142.96,164665.38,81248.88,23315.80,conventional,2018,Detroit
17,9/10/2017,1.80,251097.79,60774.27,32685.75,23392.18,conventional,2017,Detroit
19,8/27/2017,1.32,304000.24,99924.49,29648.99,23558.08,conventional,2017,Detroit
15,9/24/2017,1.82,234792.97,61575.52,32561.28,24622.65,conventional,2017,Detroit
44,3/5/2017,0.97,383170.95,117593.23,42026.91,24897.12,conventional,2017,Detroit
1,12/31/2017,0.84,467584.30,146333.69,91027.90,25276.56,conventional,2017,Detroit
48,2/5/2017,0.65,797699.81,214826.74,228906.58,25712.14,conventional,2017,Detroit
50,1/22/2017,0.84,616589.93,129912.94,202323.91,25797.70,conventional,2017,Detroit
18,9/3/2017,1.68,234930.31,58131.60,35365.15,25800.11,conventional,2017,Detroit
43,3/12/2017,1.44,238211.13,73391.30,40214.51,26073.50,conventional,2017,Detroit
4,3/4/2018,1.18,400047.47,89601.76,41375.29,26105.84,conventional,2018,Detroit
7,2/11/2018,0.92,435384.45,123642.25,73381.42,26265.23,conventional,2018,Detroit
20,8/20/2017,1.25,388250.81,113908.85,34529.25,26555.78,conventional,2017,Detroit
42,3/19/2017,1.48,262116.19,71290.38,45054.51,26987.70,conventional,2017,Detroit
23,7/30/2017,1.29,339850.04,114942.57,39063.15,27664.07,conventional,2017,Detroit
21,8/13/2017,1.55,286679.02,64304.67,33590.30,27839.54,conventional,2017,Detroit
2,3/18/2018,1.09,428600.20,82792.93,43727.67,29920.79,conventional,2018,Detroit
24,7/23/2017,1.55,267254.47,66396.62,40479.00,30384.25,conventional,2017,Detroit
41,3/26/2017,1.48,289107.02,69601.63,44602.74,30844.93,conventional,2017,Detroit
3,12/17/2017,1.08,369196.72,60128.92,98625.18,32609.74,conventional,2017,Detroit
37,4/23/2017,1.46,295788.03,60299.30,42596.28,33427.76,conventional,2017,Detroit
39,4/9/2017,1.51,284715.12,64658.67,48429.11,33629.99,conventional,2017,Detroit
40,4/2/2017,1.48,288639.34,65914.28,45497.47,33828.60,conventional,2017,Detroit
32,5/22/2016,1.07,303330.62,118921.39,40268.68,35077.81,conventional,2016,Detroit
31,6/4/2017,1.26,361513.16,77883.80,57322.69,35156.70,conventional,2017,Detroit
29,6/18/2017,0.85,668936.01,127581.26,129555.86,35982.95,conventional,2017,Detroit
33,5/21/2017,1.32,307674.16,71333.90,44186.58,36112.15,conventional,2017,Detroit
5,12/3/2017,0.97,515907.00,101693.00,183341.00,36621.00,conventional,2017,Detroit
50,1/18/2015,1.10,291788.43,113616.86,45446.17,37740.18,conventional,2015,Detroit
36,4/30/2017,1.48,324983.09,64498.25,50224.27,37837.43,conventional,2017,Detroit
26,7/3/2016,1.17,336701.66,127175.10,42029.92,37960.27,conventional,2016,Detroit
31,5/29/2016,1.04,348557.33,127403.87,45533.00,38082.17,conventional,2016,Detroit
40,3/29/2015,0.97,304048.16,120782.43,28182.89,38352.45,conventional,2015,Detroit
29,6/12/2016,0.98,414532.49,162656.29,38374.42,38384.90,conventional,2016,Detroit
25,7/10/2016,1.18,311241.09,117420.11,41580.84,38634.53,conventional,2016,Detroit
38,4/16/2017,1.45,342545.94,68514.24,51563.48,38761.83,conventional,2017,Detroit
47,2/8/2015,1.11,268195.87,129910.26,35996.84,40515.81,conventional,2015,Detroit
23,7/24/2016,1.15,354577.28,133984.58,39970.66,40559.67,conventional,2016,Detroit
34,5/14/2017,1.03,445350.61,110697.80,44186.84,40589.56,conventional,2017,Detroit
22,8/6/2017,1.25,400745.99,101371.87,45320.08,41542.27,conventional,2017,Detroit
46,2/15/2015,1.16,255597.63,100594.59,31170.09,41639.69,conventional,2015,Detroit
24,7/17/2016,1.17,328237.93,126817.85,41460.73,41888.34,conventional,2016,Detroit
32,5/28/2017,1.29,361905.98,83266.74,48464.11,42531.88,conventional,2017,Detroit
27,7/2/2017,1.22,392513.77,65065.41,63951.02,42737.51,conventional,2017,Detroit
38,4/12/2015,1.02,271182.01,96441.78,24663.50,43008.11,conventional,2015,Detroit
26,7/9/2017,0.99,502774.82,119584.90,56064.04,43719.76,conventional,2017,Detroit
38,4/10/2016,1.03,312995.88,126215.49,30729.07,44982.20,conventional,2016,Detroit
2,12/20/2015,1.10,250436.24,110507.50,42663.06,45459.85,conventional,2015,Detroit
49,1/25/2015,1.19,277325.29,110113.35,47558.40,45889.29,conventional,2015,Detroit
36,4/24/2016,1.00,331109.85,116267.83,50906.17,45925.85,conventional,2016,Detroit
35,5/1/2016,1.00,319391.58,109542.32,48135.67,46048.82,conventional,2016,Detroit
10,1/21/2018,0.96,570161.95,87365.29,220100.47,46163.59,conventional,2018,Detroit
45,2/22/2015,1.15,250888.80,99207.09,34703.33,46471.63,conventional,2015,Detroit
32,5/24/2015,1.03,373245.43,193348.39,34774.04,46503.59,conventional,2015,Detroit
25,7/16/2017,1.18,385966.55,100370.00,55199.44,46609.96,conventional,2017,Detroit
43,3/8/2015,1.01,278695.29,97420.10,29942.92,46763.06,conventional,2015,Detroit
3,3/11/2018,1.14,443295.30,82676.76,65334.67,47721.41,conventional,2018,Detroit
3,12/13/2015,1.05,275587.85,132206.07,38088.87,47788.47,conventional,2015,Detroit
42,3/15/2015,1.13,254974.87,107980.24,31613.46,48302.85,conventional,2015,Detroit
27,6/28/2015,1.00,329753.61,135230.94,30175.61,48618.79,conventional,2015,Detroit
34,5/10/2015,1.11,360917.96,177872.77,42422.72,48825.24,conventional,2015,Detroit
39,4/5/2015,1.11,295385.41,113210.53,62859.83,49925.60,conventional,2015,Detroit
7,11/15/2015,1.10,248933.35,88132.72,35472.80,52490.90,conventional,2015,Detroit
31,5/31/2015,1.09,324400.67,162243.06,28903.88,53233.66,conventional,2015,Detroit
5,2/25/2018,1.08,464413.57,72595.40,90296.46,53864.50,conventional,2018,Detroit
27,6/26/2016,1.13,344391.38,116197.85,50835.79,57169.98,conventional,2016,Detroit
1,12/27/2015,1.08,255499.70,83097.26,50545.78,59789.18,conventional,2015,Detroit
8,2/4/2018,0.67,880540.45,167512.70,287359.89,60027.97,conventional,2018,Detroit
19,8/23/2015,1.11,267968.50,114208.75,36663.35,61914.67,conventional,2015,Detroit
1,3/25/2018,1.15,477637.43,82568.15,72460.60,62078.52,conventional,2018,Detroit
25,7/12/2015,1.02,310049.50,127995.39,36569.66,62708.05,conventional,2015,Detroit
45,2/21/2016,1.20,247820.38,76211.84,42300.46,62843.26,conventional,2016,Detroit
23,7/26/2015,0.99,326233.80,119084.73,38501.17,63099.70,conventional,2015,Detroit
6,11/22/2015,1.09,270529.34,95526.76,55945.23,63404.02,conventional,2015,Detroit
5,11/29/2015,1.11,228427.08,84236.03,38244.11,63664.14,conventional,2015,Detroit
42,3/13/2016,1.12,299527.55,82406.98,42593.59,65646.79,conventional,2016,Detroit
36,4/26/2015,1.01,361243.20,133322.95,61051.45,66651.75,conventional,2015,Detroit
46,2/14/2016,1.00,334544.52,129795.42,51191.64,71030.49,conventional,2016,Detroit
39,4/3/2016,1.02,335108.11,121653.22,33903.57,72329.16,conventional,2016,Detroit
11,10/18/2015,0.97,358143.26,117479.44,97788.02,72553.22,conventional,2015,Detroit
12,10/11/2015,0.99,362400.65,110374.23,105188.14,72960.79,conventional,2015,Detroit
51,1/10/2016,1.10,325997.55,133286.56,49832.73,73427.07,conventional,2016,Detroit
0,1/4/2015,1.01,369694.27,121634.27,117865.11,74062.76,conventional,2015,Detroit
10,10/25/2015,1.17,251336.74,84318.99,49927.69,74327.91,conventional,2015,Detroit
35,5/3/2015,1.06,374659.88,161288.26,71919.54,74593.79,conventional,2015,Detroit
28,6/19/2016,1.00,442961.17,149055.97,60807.90,75225.17,conventional,2016,Detroit
22,8/2/2015,1.04,364735.69,157018.49,58592.28,76533.58,conventional,2015,Detroit
51,1/11/2015,1.08,332165.05,108378.69,90104.73,76985.00,conventional,2015,Detroit
50,1/17/2016,1.11,293246.54,82804.19,46382.59,78514.15,conventional,2016,Detroit
14,9/27/2015,1.17,257472.31,88573.56,43702.48,78776.60,conventional,2015,Detroit
45,2/26/2017,0.83,540315.74,133389.93,105832.88,79598.84,conventional,2017,Detroit
17,9/6/2015,1.09,336982.39,143927.73,51351.12,79770.33,conventional,2015,Detroit
21,8/9/2015,1.07,341289.98,136799.68,56896.42,80145.92,conventional,2015,Detroit
35,5/7/2017,0.99,625475.58,160714.71,82132.76,84740.62,conventional,2017,Detroit
13,10/4/2015,1.10,286400.89,81617.68,60336.35,90271.45,conventional,2015,Detroit
29,6/14/2015,1.04,372413.50,136802.87,58418.17,90747.55,conventional,2015,Detroit
26,7/5/2015,1.06,373691.57,140339.02,62718.27,96051.18,conventional,2015,Detroit
48,1/31/2016,1.04,364612.83,131406.58,59678.32,96298.92,conventional,2016,Detroit
18,8/30/2015,0.96,422762.90,177827.49,75478.01,100520.31,conventional,2015,Detroit
9,11/1/2015,1.04,340746.59,112432.15,67252.29,104529.50,conventional,2015,Detroit
24,7/19/2015,1.04,370830.93,125844.19,66223.96,105281.52,conventional,2015,Detroit
16,9/13/2015,1.03,401472.63,151274.05,73572.68,106452.77,conventional,2015,Detroit
34,5/8/2016,0.96,500424.55,168696.93,84169.69,107930.15,conventional,2016,Detroit
37,4/19/2015,0.96,468643.05,140434.29,139016.06,107930.54,conventional,2015,Detroit
44,2/28/2016,1.13,342465.19,82100.44,66020.00,108296.25,conventional,2016,Detroit
15,9/20/2015,1.00,373545.23,129945.11,71335.62,111298.27,conventional,2015,Detroit
41,3/20/2016,1.09,371639.10,78492.11,67761.91,111819.43,conventional,2016,Detroit
4,12/6/2015,0.98,339797.19,92957.56,78805.63,113791.21,conventional,2015,Detroit
8,11/8/2015,1.03,343645.67,103367.05,72647.24,113928.21,conventional,2015,Detroit
33,5/17/2015,0.95,495155.82,214237.95,98513.10,116503.88,conventional,2015,Detroit
40,3/27/2016,1.05,378431.90,80333.46,65448.49,119488.87,conventional,2016,Detroit
33,5/15/2016,0.86,485653.27,139497.99,86027.72,120894.82,conventional,2016,Detroit
28,6/21/2015,0.97,424580.52,133405.45,87075.84,121664.66,conventional,2015,Detroit
30,6/5/2016,0.92,473131.20,121769.89,90921.04,123670.88,conventional,2016,Detroit
20,8/16/2015,0.97,400251.59,113822.13,86783.96,125069.99,conventional,2015,Detroit
48,2/1/2015,0.92,539750.77,205775.28,136119.82,127173.89,conventional,2015,Detroit
44,3/1/2015,0.97,397899.56,97605.68,101935.17,129285.88,conventional,2015,Detroit
30,6/7/2015,0.97,447813.52,153214.87,87106.49,131114.30,conventional,2015,Detroit
37,4/17/2016,0.97,447346.61,96173.74,116000.57,132061.08,conventional,2016,Detroit
0,1/3/2016,0.86,492699.87,165617.47,93942.49,143911.67,conventional,2016,Detroit
41,3/22/2015,0.97,455372.43,138397.72,109057.90,144745.74,conventional,2015,Detroit
49,1/24/2016,0.94,489584.58,154051.35,95837.97,151279.99,conventional,2016,Detroit
43,3/6/2016,0.97,441920.14,79240.24,86747.64,154833.00,conventional,2016,Detroit
47,2/7/2016,0.77,594784.92,169611.09,118251.74,192417.10,conventional,2016,Detroit
