avocado (version 1).csv
0,Date,AveragePrice,Total Volume,4046,4225,4770,type,year,region
5,11/27/2016,1.44,103697.69,1329.56,62173.50,2035.91,conventional,2016,Grand Rapids
29,6/12/2016,1.36,167703.13,3254.28,93760.09,2234.00,conventional,2016,Grand Rapids
3,12/11/2016,1.20,128166.44,1044.89,60598.79,2268.01,conventional,2016,Grand Rapids
31,5/29/2016,1.32,193459.52,2079.99,117665.38,2496.30,conventional,2016,Grand Rapids
7,11/15/2015,1.20,129448.75,3490.77,74695.44,2506.31,conventional,2015,Grand Rapids
6,11/20/2016,1.46,127392.78,1165.74,82541.69,2576.45,conventional,2016,Grand Rapids
42,3/13/2016,1.15,149119.51,2180.17,91194.54,2607.73,conventional,2016,Grand Rapids
38,4/12/2015,1.13,147494.24,5875.73,66804.31,2717.16,conventional,2015,Grand Rapids
8,11/6/2016,1.67,100001.45,1858.84,58869.42,2785.71,conventional,2016,Grand Rapids
9,10/30/2016,1.42,107013.58,1991.45,80587.89,2821.22,conventional,2016,Grand Rapids
51,1/15/2017,1.29,166158.43,935.22,107348.70,2863.54,conventional,2017,Grand Rapids
7,11/13/2016,1.59,118566.57,1340.96,62841.77,2934.42,conventional,2016,Grand Rapids
35,5/1/2016,1.12,191903.31,1858.07,131194.43,3002.96,conventional,2016,Grand Rapids
40,3/29/2015,1.11,149631.24,1977.68,63600.68,3003.97,conventional,2015,Grand Rapids
52,1/8/2017,1.26,174079.23,1225.77,102134.85,3082.60,conventional,2017,Grand Rapids
36,4/24/2016,1.07,181857.18,2001.47,113325.77,3088.37,conventional,2016,Grand Rapids
32,5/24/2015,1.30,158917.21,7888.33,74169.01,3111.69,conventional,2015,Grand Rapids
10,10/23/2016,1.72,100904.77,1234.72,64735.86,3120.36,conventional,2016,Grand Rapids
2,12/20/2015,1.13,126262.26,2630.11,85259.91,3211.51,conventional,2015,Grand Rapids
39,4/3/2016,1.10,156883.18,2410.14,97646.19,3234.16,conventional,2016,Grand Rapids
3,12/13/2015,1.24,117645.69,3809.88,69582.68,3264.07,conventional,2015,Grand Rapids
5,11/29/2015,1.12,120552.43,3726.77,82760.11,3336.97,conventional,2015,Grand Rapids
31,5/31/2015,1.31,167907.51,7097.00,90411.80,3360.05,conventional,2015,Grand Rapids
12,10/9/2016,1.62,116477.56,1531.38,67528.39,3408.67,conventional,2016,Grand Rapids
38,4/10/2016,1.17,155143.97,2129.18,95776.95,3412.42,conventional,2016,Grand Rapids
1,12/25/2016,1.33,149348.88,1345.56,91323.33,3768.64,conventional,2016,Grand Rapids
11,10/16/2016,1.63,117842.82,1510.90,69625.50,3811.20,conventional,2016,Grand Rapids
34,5/10/2015,1.36,159642.82,7383.85,84947.73,3817.57,conventional,2015,Grand Rapids
43,3/8/2015,1.08,146835.60,1783.51,68592.44,3903.17,conventional,2015,Grand Rapids
51,1/10/2016,1.17,160432.54,3614.64,110381.20,3921.19,conventional,2016,Grand Rapids
45,2/21/2016,1.16,142681.62,3581.34,93603.59,4067.71,conventional,2016,Grand Rapids
13,10/2/2016,1.60,122091.54,1617.76,67660.20,4166.81,conventional,2016,Grand Rapids
42,3/15/2015,1.35,123895.07,1621.03,69452.53,4214.32,conventional,2015,Grand Rapids
46,2/15/2015,1.21,136761.35,1659.05,67025.59,4215.01,conventional,2015,Grand Rapids
41,3/20/2016,1.07,208712.19,2126.48,140410.18,4357.31,conventional,2016,Grand Rapids
2,12/18/2016,1.14,161136.65,908.23,109288.75,4631.16,conventional,2016,Grand Rapids
14,9/25/2016,1.55,137599.07,2757.72,75047.32,4714.89,conventional,2016,Grand Rapids
15,9/18/2016,1.49,139511.61,1406.64,82346.79,4837.74,conventional,2016,Grand Rapids
47,2/8/2015,1.24,132621.01,1155.67,74113.50,4855.23,conventional,2015,Grand Rapids
45,2/22/2015,1.31,129295.86,1593.40,69934.93,4894.78,conventional,2015,Grand Rapids
29,6/14/2015,1.07,197387.76,4446.10,116392.81,4934.17,conventional,2015,Grand Rapids
32,5/22/2016,1.31,151840.62,1949.63,84537.07,4986.35,conventional,2016,Grand Rapids
40,3/27/2016,0.99,216788.92,2298.80,146037.81,5101.46,conventional,2016,Grand Rapids
44,2/28/2016,1.07,202356.13,2248.94,141141.80,5163.51,conventional,2016,Grand Rapids
34,5/8/2016,1.04,272057.12,1949.46,201017.01,5353.11,conventional,2016,Grand Rapids
50,1/17/2016,1.05,172166.36,3810.41,106814.67,5407.00,conventional,2016,Grand Rapids
19,8/23/2015,1.28,128681.94,4847.16,72826.86,5459.79,conventional,2015,Grand Rapids
49,1/29/2017,1.29,168252.20,1391.78,100681.06,5482.22,conventional,2017,Grand Rapids
39,4/5/2015,1.22,157721.54,4487.21,92044.84,5487.61,conventional,2015,Grand Rapids
6,11/22/2015,1.11,140981.22,3734.97,94794.75,5725.81,conventional,2015,Grand Rapids
1,12/27/2015,1.13,147713.85,2992.62,101109.84,5754.75,conventional,2015,Grand Rapids
17,9/6/2015,1.09,170309.30,3673.53,111964.57,6016.37,conventional,2015,Grand Rapids
16,9/11/2016,1.58,136492.43,1710.59,76987.54,6085.40,conventional,2016,Grand Rapids
49,1/25/2015,1.19,144301.73,1112.09,78092.72,6374.01,conventional,2015,Grand Rapids
50,1/18/2015,1.07,150201.39,970.13,78433.37,6411.99,conventional,2015,Grand Rapids
36,4/26/2015,1.09,189609.49,4480.46,105590.91,6421.76,conventional,2015,Grand Rapids
33,5/15/2016,0.88,295706.69,1673.41,211337.24,6471.52,conventional,2016,Grand Rapids
35,5/3/2015,1.06,238550.81,6301.92,176717.87,6727.83,conventional,2015,Grand Rapids
30,6/5/2016,0.93,310903.80,1814.45,218134.77,6825.69,conventional,2016,Grand Rapids
8,11/8/2015,0.93,198257.69,3970.87,149876.75,7556.57,conventional,2015,Grand Rapids
0,1/1/2017,0.77,306129.40,1217.67,224774.25,7582.69,conventional,2017,Grand Rapids
43,3/6/2016,0.91,259568.21,1974.52,191952.31,7752.62,conventional,2016,Grand Rapids
48,2/5/2017,0.81,391313.63,1573.98,298897.77,8303.14,conventional,2017,Grand Rapids
47,2/12/2017,1.13,176589.86,1277.43,107963.46,8309.17,conventional,2017,Grand Rapids
17,9/4/2016,1.52,142913.72,2698.76,79726.85,8313.96,conventional,2016,Grand Rapids
21,8/9/2015,1.08,186733.16,4807.41,120579.39,8389.85,conventional,2015,Grand Rapids
9,11/1/2015,0.91,205592.10,3731.64,147281.28,8605.43,conventional,2015,Grand Rapids
37,4/17/2016,0.89,332191.52,1877.71,256399.93,8605.75,conventional,2016,Grand Rapids
4,12/4/2016,0.92,263904.24,1092.97,189101.70,9125.63,conventional,2016,Grand Rapids
10,10/25/2015,1.14,134921.44,3899.73,86434.90,9431.21,conventional,2015,Grand Rapids
15,9/20/2015,0.88,244696.01,3612.73,177686.12,9651.55,conventional,2015,Grand Rapids
25,7/12/2015,1.19,153112.84,4663.59,66045.81,9833.58,conventional,2015,Grand Rapids
27,6/28/2015,1.10,155972.38,3089.50,55014.27,9941.32,conventional,2015,Grand Rapids
23,7/26/2015,1.12,153868.79,3192.59,66065.84,9957.92,conventional,2015,Grand Rapids
22,8/2/2015,1.05,184067.49,4122.95,109853.88,10359.57,conventional,2015,Grand Rapids
30,6/7/2015,1.14,212599.11,6926.42,134230.11,10407.58,conventional,2015,Grand Rapids
18,8/28/2016,1.45,143049.62,2477.85,68530.49,10744.95,conventional,2016,Grand Rapids
6,11/26/2017,1.65,96700.00,1864.00,50330.00,11404.00,conventional,2017,Grand Rapids
22,7/31/2016,1.60,142302.47,2218.73,78075.95,12112.22,conventional,2016,Grand Rapids
0,1/3/2016,0.92,258889.23,3985.19,191590.43,12294.17,conventional,2016,Grand Rapids
33,5/17/2015,0.97,277502.12,5515.43,202939.01,12421.42,conventional,2015,Grand Rapids
50,1/22/2017,0.92,322366.88,1152.99,227003.50,12962.62,conventional,2017,Grand Rapids
14,9/27/2015,1.15,137849.61,2977.77,87274.97,13024.28,conventional,2015,Grand Rapids
51,1/11/2015,1.03,185135.41,972.96,127984.25,13798.90,conventional,2015,Grand Rapids
46,2/14/2016,1.13,154975.46,3573.23,98244.04,14048.13,conventional,2016,Grand Rapids
27,6/26/2016,1.26,183547.10,2370.43,104539.76,14725.39,conventional,2016,Grand Rapids
48,1/31/2016,1.13,182986.71,3588.83,126342.36,14941.42,conventional,2016,Grand Rapids
37,4/19/2015,0.93,310672.40,5547.29,217323.81,15023.71,conventional,2015,Grand Rapids
4,12/6/2015,0.93,217174.66,4026.57,165454.45,15635.86,conventional,2015,Grand Rapids
7,11/19/2017,1.40,139279.00,2688.00,68242.00,15683.00,conventional,2017,Grand Rapids
49,1/24/2016,0.94,260598.64,2407.36,195585.66,16377.20,conventional,2016,Grand Rapids
18,8/30/2015,0.91,226898.73,3931.20,152332.20,16719.44,conventional,2015,Grand Rapids
8,11/12/2017,1.59,110784.00,2585.00,49202.00,17062.00,conventional,2017,Grand Rapids
11,10/18/2015,0.94,184806.99,3821.47,118521.96,17329.17,conventional,2015,Grand Rapids
4,12/10/2017,1.61,107018.62,2211.54,52467.15,17501.90,conventional,2017,Grand Rapids
46,2/19/2017,1.42,141775.80,1224.48,80219.40,17743.37,conventional,2017,Grand Rapids
44,3/5/2017,1.50,128203.51,1498.24,59098.06,17801.40,conventional,2017,Grand Rapids
13,10/4/2015,0.99,160322.48,3241.70,102316.58,18103.36,conventional,2015,Grand Rapids
19,8/21/2016,1.63,132894.77,2041.86,66472.24,18506.96,conventional,2016,Grand Rapids
12,10/15/2017,2.07,94071.58,3559.98,37970.75,18550.88,conventional,2017,Grand Rapids
9,11/5/2017,1.70,103715.88,2335.02,46898.66,18583.72,conventional,2017,Grand Rapids
28,6/19/2016,1.26,216299.96,3034.67,130169.29,18998.81,conventional,2016,Grand Rapids
41,3/22/2015,0.91,311876.75,1930.32,231211.70,19097.99,conventional,2015,Grand Rapids
48,2/1/2015,0.94,309471.69,1621.68,240215.65,19211.54,conventional,2015,Grand Rapids
14,10/1/2017,2.09,97411.58,3178.13,35898.69,19397.32,conventional,2017,Grand Rapids
21,8/7/2016,1.59,145207.86,2219.98,72545.05,19401.04,conventional,2016,Grand Rapids
13,10/8/2017,2.19,86753.64,2689.21,30568.23,19624.56,conventional,2017,Grand Rapids
26,7/3/2016,1.49,159566.90,2334.70,79978.16,20020.38,conventional,2016,Grand Rapids
20,8/16/2015,0.89,268902.14,5134.58,177609.75,20395.04,conventional,2015,Grand Rapids
16,9/13/2015,0.95,219380.93,4113.50,143018.46,20439.94,conventional,2015,Grand Rapids
43,3/12/2017,1.73,129820.93,1645.17,64057.69,21287.24,conventional,2017,Grand Rapids
25,7/10/2016,1.60,133747.66,1971.43,70502.43,21317.82,conventional,2016,Grand Rapids
10,10/29/2017,1.55,138190.33,2263.72,65813.83,21510.67,conventional,2017,Grand Rapids
11,10/22/2017,1.96,97132.42,2538.84,37656.26,21937.70,conventional,2017,Grand Rapids
0,1/4/2015,0.95,258979.63,1097.00,189348.60,22612.46,conventional,2015,Grand Rapids
16,9/17/2017,1.99,100498.79,1713.76,40378.99,23054.23,conventional,2017,Grand Rapids
17,9/10/2017,1.86,111733.79,2360.30,46227.08,23127.70,conventional,2017,Grand Rapids
42,3/19/2017,1.73,141712.21,1749.65,70210.67,23436.73,conventional,2017,Grand Rapids
20,8/14/2016,1.53,147711.44,1835.81,61893.13,23661.83,conventional,2016,Grand Rapids
24,7/17/2016,1.58,146730.62,2136.76,69205.50,24890.18,conventional,2016,Grand Rapids
15,9/24/2017,1.96,113272.89,2101.47,48552.76,24966.57,conventional,2017,Grand Rapids
40,4/2/2017,1.73,140629.70,1804.04,68299.15,25528.00,conventional,2017,Grand Rapids
41,3/26/2017,1.71,149479.58,1890.37,71916.37,25542.69,conventional,2017,Grand Rapids
19,8/27/2017,1.74,112023.41,1978.65,45102.68,25971.21,conventional,2017,Grand Rapids
23,7/24/2016,1.60,149002.57,2349.93,66146.50,26206.73,conventional,2016,Grand Rapids
6,2/18/2018,1.52,143871.75,1921.26,46210.79,26232.82,conventional,2018,Grand Rapids
44,3/1/2015,0.95,263987.21,1355.20,182093.72,26454.42,conventional,2015,Grand Rapids
2,12/24/2017,1.64,130735.97,2190.40,59470.20,28289.38,conventional,2017,Grand Rapids
18,9/3/2017,1.65,127147.57,2659.69,52612.04,28692.10,conventional,2017,Grand Rapids
37,4/23/2017,1.67,146024.28,1826.18,67510.44,28859.88,conventional,2017,Grand Rapids
20,8/20/2017,1.70,124908.76,2503.59,47876.89,29038.08,conventional,2017,Grand Rapids
39,4/9/2017,1.73,144360.97,2187.70,69915.75,29243.42,conventional,2017,Grand Rapids
24,7/19/2015,1.05,215736.47,2680.70,122122.69,29478.33,conventional,2015,Grand Rapids
4,3/4/2018,1.74,137419.70,2687.59,54299.89,29572.84,conventional,2018,Grand Rapids
28,6/25/2017,1.74,142258.18,2010.17,54017.53,29866.67,conventional,2017,Grand Rapids
9,1/28/2018,1.55,162674.55,2937.98,86845.82,30069.97,conventional,2018,Grand Rapids
21,8/13/2017,1.70,125212.99,3912.70,48945.22,30208.75,conventional,2017,Grand Rapids
11,1/14/2018,1.63,132716.65,2444.54,60928.74,30487.47,conventional,2018,Grand Rapids
23,7/30/2017,1.63,127602.86,2162.74,49417.90,30794.05,conventional,2017,Grand Rapids
33,5/21/2017,1.88,148499.08,1972.51,64369.19,30992.24,conventional,2017,Grand Rapids
28,6/21/2015,0.96,265555.66,2552.14,167585.16,32903.12,conventional,2015,Grand Rapids
36,4/30/2017,1.83,157868.62,2008.80,72819.17,33054.67,conventional,2017,Grand Rapids
24,7/23/2017,1.68,136088.12,2240.69,56572.58,33294.94,conventional,2017,Grand Rapids
34,5/14/2017,1.87,151273.21,1659.83,68015.22,33883.15,conventional,2017,Grand Rapids
38,4/16/2017,1.67,175861.50,1857.22,80672.38,34537.85,conventional,2017,Grand Rapids
30,6/11/2017,1.79,158876.02,2308.29,64251.02,34921.76,conventional,2017,Grand Rapids
26,7/5/2015,1.16,202842.97,2709.26,109357.57,34986.30,conventional,2015,Grand Rapids
2,3/18/2018,1.40,175969.31,3261.54,64300.91,35087.55,conventional,2018,Grand Rapids
31,6/4/2017,1.88,162051.09,2254.78,74167.19,35468.43,conventional,2017,Grand Rapids
32,5/28/2017,1.85,165718.77,1824.13,70747.33,36364.98,conventional,2017,Grand Rapids
7,2/11/2018,1.40,167604.60,3619.40,80530.30,42489.31,conventional,2018,Grand Rapids
47,2/7/2016,0.94,290555.59,3935.71,205006.57,43866.57,conventional,2016,Grand Rapids
22,8/6/2017,1.45,167234.75,2082.16,69687.29,45132.06,conventional,2017,Grand Rapids
0,1/7/2018,1.35,169476.04,2865.76,75494.46,45133.04,conventional,2018,Grand Rapids
26,7/9/2017,1.43,178186.11,2225.40,71380.42,47480.65,conventional,2017,Grand Rapids
3,12/17/2017,1.25,162923.49,2042.43,74185.34,48181.44,conventional,2017,Grand Rapids
45,2/26/2017,1.02,238305.05,1386.96,140947.20,48369.80,conventional,2017,Grand Rapids
12,10/11/2015,0.97,198769.54,3638.99,106363.84,49279.06,conventional,2015,Grand Rapids
27,7/2/2017,1.51,192007.39,2073.97,71125.60,51887.02,conventional,2017,Grand Rapids
25,7/16/2017,1.42,169837.53,2520.38,70377.13,52300.71,conventional,2017,Grand Rapids
3,3/11/2018,1.43,191286.89,3195.61,75173.54,55327.24,conventional,2018,Grand Rapids
1,12/31/2017,1.09,202635.01,2522.84,103361.16,58453.24,conventional,2017,Grand Rapids
1,3/25/2018,1.47,207028.28,2946.60,85213.80,63349.05,conventional,2018,Grand Rapids
5,2/25/2018,1.27,208279.53,2534.14,86121.81,63728.61,conventional,2018,Grand Rapids
5,12/3/2017,0.99,301527.00,2268.00,182507.00,65476.00,conventional,2017,Grand Rapids
35,5/7/2017,1.46,254982.52,2037.53,134403.02,68209.70,conventional,2017,Grand Rapids
29,6/18/2017,1.29,245293.35,2180.87,96015.63,81813.26,conventional,2017,Grand Rapids
10,1/21/2018,1.01,349565.06,2991.23,143928.98,137321.51,conventional,2018,Grand Rapids
8,2/4/2018,0.88,408921.57,4371.02,193222.08,143538.35,conventional,2018,Grand Rapids
