avocado (version 1).csv
0,Date,AveragePrice,Total Volume,4046,4225,4770,type,year,region
37,4/19/2015,1.57,85825.52,3155.93,68315.02,1.54,organic,2015,Great Lakes
34,5/10/2015,1.13,171746.76,4838.87,99557.66,1.56,organic,2015,Great Lakes
28,6/21/2015,1.62,72563.98,4039.33,57352.16,1.58,organic,2015,Great Lakes
24,7/17/2016,1.33,139949.09,5230.59,67804.19,1.59,organic,2016,Great Lakes
13,10/2/2016,1.76,105453.89,4376.33,63611.12,1.60,organic,2016,Great Lakes
12,10/9/2016,1.36,146094.87,4016.81,65448.07,1.60,organic,2016,Great Lakes
13,10/8/2017,1.70,191866.10,3603.46,56237.45,1.62,organic,2017,Great Lakes
3,12/17/2017,1.42,161673.33,4205.91,42009.63,1.63,organic,2017,Great Lakes
6,2/18/2018,1.45,157146.89,4271.27,44540.75,1.63,organic,2018,Great Lakes
7,2/11/2018,1.44,175088.87,4475.83,46711.13,1.63,organic,2018,Great Lakes
35,5/7/2017,1.74,146983.33,3712.17,80827.19,1.64,organic,2017,Great Lakes
0,1/3/2016,1.44,83325.98,8479.65,56407.64,3.09,organic,2016,Great Lakes
4,12/6/2015,1.60,71502.74,7269.30,53935.30,3.12,organic,2015,Great Lakes
30,6/7/2015,1.55,81945.35,4002.95,58492.04,3.15,organic,2015,Great Lakes
27,6/28/2015,1.59,71801.27,3449.40,58422.40,3.16,organic,2015,Great Lakes
26,7/3/2016,1.22,110335.56,3912.39,57062.77,3.22,organic,2016,Great Lakes
28,6/25/2017,1.59,130430.60,2504.36,60395.45,3.23,organic,2017,Great Lakes
38,4/16/2017,1.36,221705.72,4259.78,103729.98,3.32,organic,2017,Great Lakes
1,12/27/2015,1.49,66775.85,6557.08,43451.67,4.66,organic,2015,Great Lakes
38,4/10/2016,1.36,119113.13,3179.07,78515.93,4.67,organic,2016,Great Lakes
19,8/23/2015,1.59,107306.08,16868.78,74972.26,4.72,organic,2015,Great Lakes
22,8/2/2015,1.64,82380.97,4097.55,68639.13,4.73,organic,2015,Great Lakes
25,7/10/2016,1.16,130838.45,4126.55,56807.60,4.80,organic,2016,Great Lakes
24,7/23/2017,1.68,208558.03,3639.54,80400.82,4.82,organic,2017,Great Lakes
30,6/11/2017,1.13,261363.34,3502.12,79186.28,4.83,organic,2017,Great Lakes
31,6/4/2017,1.69,156456.85,4036.03,78626.62,4.84,organic,2017,Great Lakes
20,8/20/2017,1.60,133248.29,3356.90,26728.65,4.85,organic,2017,Great Lakes
22,8/6/2017,1.65,125026.87,3724.58,32794.35,4.87,organic,2017,Great Lakes
2,3/18/2018,1.30,320320.99,6924.59,101003.84,4.97,organic,2018,Great Lakes
42,3/13/2016,1.33,106057.37,3540.99,67123.23,6.11,organic,2016,Great Lakes
41,3/20/2016,1.24,131022.13,3227.12,75092.85,6.13,organic,2016,Great Lakes
2,12/20/2015,1.55,62669.16,7341.18,45409.35,6.23,organic,2015,Great Lakes
20,8/14/2016,1.67,116220.19,6686.26,68598.93,6.35,organic,2016,Great Lakes
21,8/7/2016,1.57,126449.62,6209.59,65472.42,6.36,organic,2016,Great Lakes
21,8/9/2015,1.70,84089.07,6759.99,64669.41,7.88,organic,2015,Great Lakes
21,8/13/2017,1.54,129785.91,3726.68,29839.21,8.09,organic,2017,Great Lakes
47,2/7/2016,1.41,94983.64,9750.65,64417.17,9.18,organic,2016,Great Lakes
35,5/3/2015,1.22,143144.15,4609.70,106059.64,9.31,organic,2015,Great Lakes
18,8/28/2016,1.29,151771.49,7010.98,66489.42,9.54,organic,2016,Great Lakes
37,4/23/2017,1.71,134773.11,3619.94,81050.43,9.87,organic,2017,Great Lakes
43,3/8/2015,1.60,74152.81,3590.18,46265.47,10.54,organic,2015,Great Lakes
23,7/24/2016,1.67,112800.57,5835.96,65676.84,11.15,organic,2016,Great Lakes
50,1/17/2016,1.46,91071.06,11712.29,60713.76,12.29,organic,2016,Great Lakes
37,4/17/2016,1.33,122388.94,2776.24,73943.65,12.53,organic,2016,Great Lakes
7,11/15/2015,1.54,72434.15,7998.72,54649.47,12.57,organic,2015,Great Lakes
18,9/3/2017,1.82,157087.22,3819.64,33363.97,12.96,organic,2017,Great Lakes
49,1/24/2016,1.31,102833.87,8871.32,55777.93,15.33,organic,2016,Great Lakes
35,5/1/2016,1.40,121983.64,2819.59,74390.65,22.17,organic,2016,Great Lakes
27,6/26/2016,1.34,129807.80,3994.35,71081.68,24.15,organic,2016,Great Lakes
22,7/31/2016,1.66,116608.12,5611.64,67958.96,25.44,organic,2016,Great Lakes
40,3/27/2016,1.33,122736.25,2876.58,76732.95,29.22,organic,2016,Great Lakes
19,8/27/2017,1.73,150638.77,3141.89,41060.13,32.22,organic,2017,Great Lakes
34,5/8/2016,1.39,123789.24,2728.52,79832.73,39.76,organic,2016,Great Lakes
19,8/21/2016,1.65,119045.99,6118.03,69626.28,41.27,organic,2016,Great Lakes
36,4/24/2016,1.28,150140.95,4611.56,87073.08,44.08,organic,2016,Great Lakes
33,5/15/2016,1.42,119264.62,2617.15,73990.73,54.29,organic,2016,Great Lakes
32,5/22/2016,1.26,141771.45,3108.88,90216.06,62.50,organic,2016,Great Lakes
10,10/25/2015,1.58,77066.63,9037.35,54687.19,108.75,organic,2015,Great Lakes
29,6/12/2016,1.34,152083.91,4237.01,93651.84,123.81,organic,2016,Great Lakes
8,11/8/2015,1.54,77222.36,7904.17,54952.16,127.35,organic,2015,Great Lakes
28,6/19/2016,1.23,160564.92,4587.03,89031.53,140.23,organic,2016,Great Lakes
31,5/29/2016,1.24,161868.25,3502.16,119123.75,163.81,organic,2016,Great Lakes
30,6/5/2016,1.13,170250.47,3717.47,93039.69,171.41,organic,2016,Great Lakes
9,11/1/2015,1.59,75586.78,7785.24,54952.19,261.30,organic,2015,Great Lakes
