avocado (version 1).csv
0,Date,AveragePrice,Total Volume,4046,4225,4770,type,year,region
9,10/30/2016,1.36,2275351.91,456451.30,955805.27,88514.18,conventional,2016,Great Lakes
8,11/6/2016,1.48,2222383.47,398012.36,946981.93,91683.48,conventional,2016,Great Lakes
7,11/13/2016,1.41,2348814.17,378864.27,1003256.02,103230.89,conventional,2016,Great Lakes
10,10/23/2016,1.35,2528597.22,480949.33,1062333.36,105335.31,conventional,2016,Great Lakes
6,11/20/2016,1.23,2637621.79,482408.81,1176230.69,109089.43,conventional,2016,Great Lakes
5,11/27/2016,1.18,2385048.43,528089.35,937488.16,109137.29,conventional,2016,Great Lakes
11,10/16/2016,1.40,2517672.23,399216.44,1126801.36,111904.83,conventional,2016,Great Lakes
6,11/26/2017,1.38,2254700.00,483896.00,837408.00,128863.00,conventional,2017,Great Lakes
12,10/9/2016,1.35,2624202.90,419930.06,1162528.89,129381.16,conventional,2016,Great Lakes
13,10/2/2016,1.38,2618805.67,389791.16,1183844.04,129395.86,conventional,2016,Great Lakes
3,12/11/2016,1.03,3048518.15,593674.17,1251696.43,134247.97,conventional,2016,Great Lakes
9,11/5/2017,1.26,3225071.95,696600.38,1043530.21,144063.19,conventional,2017,Great Lakes
14,9/25/2016,1.37,2834326.48,484580.09,1282328.66,144883.20,conventional,2016,Great Lakes
2,12/18/2016,1.11,2791515.27,466186.32,1327455.76,146478.91,conventional,2016,Great Lakes
1,12/25/2016,1.11,2954314.99,446144.28,1256639.93,146507.02,conventional,2016,Great Lakes
15,9/18/2016,1.28,2996317.15,536657.14,1278413.08,150023.52,conventional,2016,Great Lakes
8,11/12/2017,1.19,3284210.00,699961.00,1049661.00,151409.00,conventional,2017,Great Lakes
7,11/19/2017,1.23,2983690.00,581511.00,991256.00,155562.00,conventional,2017,Great Lakes
16,9/11/2016,1.30,3078051.63,552133.48,1351448.10,156892.83,conventional,2016,Great Lakes
4,12/10/2017,1.18,3258080.63,609987.32,926924.56,158478.97,conventional,2017,Great Lakes
17,9/4/2016,1.30,3084199.23,512921.31,1430594.08,158776.84,conventional,2016,Great Lakes
10,10/29/2017,1.52,2739607.48,570308.79,901889.60,159959.25,conventional,2017,Great Lakes
12,10/15/2017,1.86,2221613.58,446922.80,801194.66,160272.53,conventional,2017,Great Lakes
15,9/24/2017,1.83,2415482.04,458465.32,895147.87,165462.95,conventional,2017,Great Lakes
18,8/28/2016,1.27,3025330.44,456513.05,1330166.96,166364.88,conventional,2016,Great Lakes
13,10/8/2017,1.98,2063573.51,419515.35,658131.80,166808.35,conventional,2017,Great Lakes
14,10/1/2017,1.89,2289168.77,444534.18,780137.97,169347.13,conventional,2017,Great Lakes
11,10/22/2017,1.75,2247856.71,444286.92,806545.92,170360.42,conventional,2017,Great Lakes
4,12/4/2016,0.97,3854099.90,674158.39,1769353.76,179768.34,conventional,2016,Great Lakes
19,8/21/2016,1.34,2933973.86,450526.72,1308748.45,180362.15,conventional,2016,Great Lakes
49,1/29/2017,1.01,3799154.10,593815.23,1631554.73,181118.90,conventional,2017,Great Lakes
51,1/15/2017,1.05,3893220.87,667328.63,1705655.80,182713.77,conventional,2017,Great Lakes
0,1/1/2017,0.88,4225245.40,636277.70,2157249.60,189356.95,conventional,2017,Great Lakes
38,4/12/2015,1.11,2895992.90,548501.37,1403326.56,190091.28,conventional,2015,Great Lakes
52,1/8/2017,0.99,4067134.96,725716.77,1755106.40,195159.52,conventional,2017,Great Lakes
44,3/5/2017,1.24,3197341.66,563498.27,1313704.16,195550.24,conventional,2017,Great Lakes
40,3/29/2015,1.09,2971443.88,456518.93,1472879.42,196545.04,conventional,2015,Great Lakes
16,9/17/2017,1.86,2358162.43,421369.74,851995.69,199189.12,conventional,2017,Great Lakes
22,7/31/2016,1.34,3013426.04,448128.25,1374844.51,207792.14,conventional,2016,Great Lakes
43,3/12/2017,1.38,2883466.63,460240.32,1259335.82,211090.34,conventional,2017,Great Lakes
42,3/19/2017,1.39,2975356.86,463863.64,1224340.81,212871.38,conventional,2017,Great Lakes
17,9/10/2017,1.81,2589499.71,441483.65,913391.31,215802.18,conventional,2017,Great Lakes
20,8/14/2016,1.30,3134414.15,459026.42,1316694.09,217555.14,conventional,2016,Great Lakes
21,8/7/2016,1.33,3106108.92,449400.31,1387946.82,219477.32,conventional,2016,Great Lakes
39,4/5/2015,1.18,2938918.81,504487.79,1595354.39,221603.31,conventional,2015,Great Lakes
41,3/26/2017,1.42,3002195.77,474956.60,1228379.13,223458.77,conventional,2017,Great Lakes
42,3/15/2015,1.10,2948199.23,475449.58,1626922.95,223788.70,conventional,2015,Great Lakes
40,4/2/2017,1.41,3081036.18,504640.46,1212295.86,224247.43,conventional,2017,Great Lakes
37,4/23/2017,1.38,3193269.98,536784.83,1228762.83,224335.83,conventional,2017,Great Lakes
46,2/19/2017,1.10,3184221.55,458082.87,1329999.72,224790.76,conventional,2017,Great Lakes
19,8/27/2017,1.49,2973144.04,629034.10,996526.74,225401.10,conventional,2017,Great Lakes
3,12/13/2015,1.03,2608448.06,463349.67,1342449.84,228576.54,conventional,2015,Great Lakes
50,1/22/2017,0.95,4696372.14,680490.86,2241043.46,234650.47,conventional,2017,Great Lakes
18,9/3/2017,1.73,2638911.89,445855.59,975125.15,235105.19,conventional,2017,Great Lakes
39,4/9/2017,1.41,3149013.04,583906.30,1255688.28,235145.52,conventional,2017,Great Lakes
46,2/15/2015,1.15,2610004.41,390973.21,1331420.43,237030.33,conventional,2015,Great Lakes
47,2/8/2015,1.07,2856456.35,515789.01,1541252.99,238780.53,conventional,2015,Great Lakes
2,12/20/2015,1.01,2504745.45,383701.76,1337404.03,241580.61,conventional,2015,Great Lakes
4,3/4/2018,1.27,3654450.88,753405.33,984160.83,246085.46,conventional,2018,Great Lakes
45,2/22/2015,1.16,2730224.03,391400.93,1482033.31,246541.13,conventional,2015,Great Lakes
7,11/15/2015,1.09,2494044.41,342002.87,1322818.28,248635.49,conventional,2015,Great Lakes
5,11/29/2015,1.07,2198408.92,318661.40,1199426.12,248818.72,conventional,2015,Great Lakes
30,6/11/2017,1.27,3714237.95,596035.19,1338515.62,248948.07,conventional,2017,Great Lakes
47,2/12/2017,0.88,4129136.03,765348.23,1694610.53,249248.52,conventional,2017,Great Lakes
6,2/18/2018,1.20,3351722.04,639056.82,856103.82,251048.73,conventional,2018,Great Lakes
28,6/25/2017,1.15,3938985.06,718886.46,1270259.61,253074.81,conventional,2017,Great Lakes
43,3/8/2015,1.04,3134752.64,380674.20,1675102.29,253978.78,conventional,2015,Great Lakes
1,12/27/2015,1.01,2580602.96,336673.70,1411808.83,254629.93,conventional,2015,Great Lakes
38,4/16/2017,1.36,3543152.49,561509.96,1337527.18,255439.70,conventional,2017,Great Lakes
50,1/18/2015,1.08,3006207.02,401683.43,1650327.26,257105.89,conventional,2015,Great Lakes
9,1/28/2018,1.18,3857262.14,818434.82,1243174.16,259671.42,conventional,2018,Great Lakes
27,6/28/2015,1.07,3336314.35,476721.82,1631460.30,261863.52,conventional,2015,Great Lakes
32,5/24/2015,1.15,3574050.61,758183.50,1764210.85,263068.72,conventional,2015,Great Lakes
20,8/20/2017,1.44,3378088.25,666458.42,1089386.32,263855.97,conventional,2017,Great Lakes
21,8/13/2017,1.57,2971011.18,504445.27,1051826.50,264838.37,conventional,2017,Great Lakes
23,7/30/2017,1.44,3127451.33,628374.02,1159890.30,265494.92,conventional,2017,Great Lakes
24,7/23/2017,1.47,3014558.52,557159.67,1180490.16,267511.89,conventional,2017,Great Lakes
33,5/21/2017,1.34,3415474.26,605625.06,1302177.14,268428.07,conventional,2017,Great Lakes
32,5/28/2017,1.37,3562841.46,580440.94,1365403.08,269625.44,conventional,2017,Great Lakes
49,1/25/2015,1.13,2928692.32,390289.67,1649082.75,271642.56,conventional,2015,Great Lakes
34,5/10/2015,1.15,3501344.46,766730.70,1723310.79,274259.73,conventional,2015,Great Lakes
2,12/24/2017,1.30,2860693.26,507534.15,1076521.40,274898.24,conventional,2017,Great Lakes
36,4/30/2017,1.38,3584134.90,633332.25,1431880.81,277355.63,conventional,2017,Great Lakes
19,8/23/2015,1.14,2849127.29,404182.26,1596909.93,279710.88,conventional,2015,Great Lakes
31,5/31/2015,1.20,3151714.00,667193.97,1478975.82,280464.92,conventional,2015,Great Lakes
6,11/22/2015,1.03,2601821.63,347803.29,1471865.16,280543.97,conventional,2015,Great Lakes
31,5/29/2016,1.05,3925300.14,583307.07,1952011.72,280608.56,conventional,2016,Great Lakes
23,7/26/2015,1.10,3135698.38,475306.73,1616355.00,281882.10,conventional,2015,Great Lakes
32,5/22/2016,1.00,3705262.31,565308.46,1785951.31,285242.59,conventional,2016,Great Lakes
29,6/12/2016,1.15,3443333.94,593779.04,1519607.27,285261.84,conventional,2016,Great Lakes
31,6/4/2017,1.33,3649478.04,559144.79,1336833.13,287895.63,conventional,2017,Great Lakes
25,7/12/2015,1.14,3077237.12,456044.50,1617124.36,288141.07,conventional,2015,Great Lakes
24,7/17/2016,1.25,3267857.63,429390.43,1441657.56,291136.56,conventional,2016,Great Lakes
23,7/24/2016,1.32,3212818.19,457452.90,1381175.94,293304.81,conventional,2016,Great Lakes
36,4/26/2015,1.14,3234024.32,609506.22,1580854.41,294073.96,conventional,2015,Great Lakes
11,1/14/2018,1.31,3437563.27,778207.19,1040627.93,294793.29,conventional,2018,Great Lakes
45,2/21/2016,1.07,2837626.92,339775.05,1566426.52,295941.81,conventional,2016,Great Lakes
38,4/10/2016,1.05,3126127.34,497880.34,1454195.66,299669.72,conventional,2016,Great Lakes
34,5/14/2017,1.19,3901825.70,649626.44,1290414.96,302082.61,conventional,2017,Great Lakes
3,12/17/2017,1.22,3023285.74,605188.35,1037403.48,314592.44,conventional,2017,Great Lakes
51,1/11/2015,1.10,3067638.32,416900.30,1818618.04,316856.73,conventional,2015,Great Lakes
5,12/3/2017,1.15,3837027.00,603156.00,1732528.00,317891.00,conventional,2017,Great Lakes
0,1/4/2015,1.02,3382800.12,467259.47,2059657.71,318102.38,conventional,2015,Great Lakes
42,3/13/2016,1.03,3145897.89,370032.77,1668502.58,319148.88,conventional,2016,Great Lakes
35,5/1/2016,0.94,3801508.26,573869.79,1927106.29,320732.21,conventional,2016,Great Lakes
22,8/2/2015,1.14,3162447.64,490577.01,1722754.95,321610.93,conventional,2015,Great Lakes
48,2/5/2017,0.73,6575186.76,1338529.97,3117639.02,322305.24,conventional,2017,Great Lakes
36,4/24/2016,0.96,3735389.44,624804.28,1787143.44,323412.26,conventional,2016,Great Lakes
35,5/3/2015,1.05,3901054.42,719493.66,2200706.49,327171.65,conventional,2015,Great Lakes
22,8/6/2017,1.42,3357719.29,574437.85,1199617.75,327392.03,conventional,2017,Great Lakes
25,7/10/2016,1.24,3327062.20,478536.66,1500516.86,328564.87,conventional,2016,Great Lakes
10,10/25/2015,1.10,2671535.94,383559.81,1460066.36,331096.84,conventional,2015,Great Lakes
21,8/9/2015,1.12,3230139.65,420919.70,1839862.82,331336.66,conventional,2015,Great Lakes
7,2/11/2018,1.05,4104031.93,998859.86,1221482.58,336456.51,conventional,2018,Great Lakes
25,7/16/2017,1.38,3372297.92,613737.91,1337473.31,342667.93,conventional,2017,Great Lakes
14,9/27/2015,1.10,2770074.76,343271.52,1605775.14,344488.51,conventional,2015,Great Lakes
29,6/14/2015,1.12,3511185.14,604782.48,1744519.06,346867.18,conventional,2015,Great Lakes
2,3/18/2018,1.16,3944850.17,784915.67,952233.04,348177.94,conventional,2018,Great Lakes
17,9/6/2015,1.07,3272555.01,432770.76,1876392.91,348448.68,conventional,2015,Great Lakes
0,1/7/2018,1.11,4123104.83,1112028.17,1238992.50,350648.99,conventional,2018,Great Lakes
51,1/10/2016,1.06,3310201.06,503914.83,1753942.06,352247.15,conventional,2016,Great Lakes
46,2/14/2016,0.96,3386951.48,502690.77,1784879.10,352376.13,conventional,2016,Great Lakes
11,10/18/2015,1.03,2981549.94,396690.54,1695841.56,353741.96,conventional,2015,Great Lakes
27,7/2/2017,1.18,4250394.01,740503.01,1423924.97,356791.68,conventional,2017,Great Lakes
50,1/17/2016,1.05,3166941.66,364949.96,1695887.65,357831.91,conventional,2016,Great Lakes
39,4/3/2016,1.04,2968139.47,441199.94,1373509.11,360264.17,conventional,2016,Great Lakes
1,12/31/2017,0.92,4398887.92,1092011.22,1740608.60,364049.45,conventional,2017,Great Lakes
26,7/3/2016,1.13,4020724.58,574425.88,1781703.48,367119.34,conventional,2016,Great Lakes
45,2/26/2017,1.08,3848715.52,565282.75,1692494.90,368973.25,conventional,2017,Great Lakes
26,7/9/2017,1.20,4104371.46,695313.32,1385858.46,373472.43,conventional,2017,Great Lakes
27,6/26/2016,1.13,3643417.33,609218.12,1609911.48,376048.28,conventional,2016,Great Lakes
3,3/11/2018,1.22,3953699.57,741349.12,1112605.39,380229.80,conventional,2018,Great Lakes
13,10/4/2015,1.05,2814678.93,296032.66,1632488.05,381986.61,conventional,2015,Great Lakes
37,4/19/2015,1.06,3857605.11,615564.03,2140254.41,383840.98,conventional,2015,Great Lakes
9,11/1/2015,1.00,3229124.75,436343.74,1825512.93,388703.05,conventional,2015,Great Lakes
4,12/6/2015,1.00,2981347.20,401676.14,1680591.43,398320.64,conventional,2015,Great Lakes
29,6/18/2017,1.12,4668135.31,707122.82,1685604.76,403401.16,conventional,2017,Great Lakes
33,5/17/2015,1.09,3753201.03,787079.55,1939235.30,406338.23,conventional,2015,Great Lakes
5,2/25/2018,1.19,3920643.53,663042.81,1184034.99,408305.47,conventional,2018,Great Lakes
15,9/20/2015,1.02,3336245.24,460475.95,1887110.85,418235.21,conventional,2015,Great Lakes
18,8/30/2015,1.04,3388803.79,478858.03,1877733.21,419390.50,conventional,2015,Great Lakes
48,1/31/2016,1.04,3330752.29,496596.01,1762047.32,422063.61,conventional,2016,Great Lakes
8,11/8/2015,0.98,3184946.53,410061.00,1794703.20,425242.73,conventional,2015,Great Lakes
41,3/20/2016,1.06,3368333.60,372244.77,1730562.82,425736.86,conventional,2016,Great Lakes
44,2/28/2016,1.05,3419909.75,369566.69,1862761.88,427177.00,conventional,2016,Great Lakes
28,6/19/2016,1.10,3955098.89,608467.47,1766243.34,431784.45,conventional,2016,Great Lakes
26,7/5/2015,1.13,3774004.27,502233.05,2055125.98,442059.88,conventional,2015,Great Lakes
16,9/13/2015,1.03,3532480.92,492741.15,1958150.00,447108.50,conventional,2015,Great Lakes
30,6/7/2015,1.13,3602112.79,689242.14,1723625.04,447117.42,conventional,2015,Great Lakes
41,3/22/2015,1.04,3746598.18,543151.72,2146436.50,451798.84,conventional,2015,Great Lakes
24,7/19/2015,1.12,3436864.41,449090.82,1843047.36,454643.18,conventional,2015,Great Lakes
12,10/11/2015,1.02,3004133.39,355508.86,1652244.40,456771.26,conventional,2015,Great Lakes
1,3/25/2018,1.18,4245947.20,860997.47,1144066.23,459002.28,conventional,2018,Great Lakes
40,3/27/2016,0.97,3557777.32,370933.32,1846740.22,464302.08,conventional,2016,Great Lakes
35,5/7/2017,1.10,5308891.12,923002.11,1932630.68,469332.59,conventional,2017,Great Lakes
34,5/8/2016,0.94,4460481.53,610996.39,2239470.60,471428.29,conventional,2016,Great Lakes
20,8/16/2015,1.03,3653376.07,414756.68,2087149.52,475383.38,conventional,2015,Great Lakes
44,3/1/2015,1.02,3566752.43,353818.94,2135517.89,478701.64,conventional,2015,Great Lakes
30,6/5/2016,1.01,4188245.99,467971.13,2147776.06,487106.11,conventional,2016,Great Lakes
33,5/15/2016,0.91,4324700.33,541979.64,2165410.51,491344.53,conventional,2016,Great Lakes
28,6/21/2015,1.08,3720458.83,487936.68,1958437.10,493928.69,conventional,2015,Great Lakes
37,4/17/2016,0.98,4154218.26,441314.08,2322236.11,508030.41,conventional,2016,Great Lakes
48,2/1/2015,0.91,4874124.41,768874.35,2948564.71,510153.65,conventional,2015,Great Lakes
43,3/6/2016,0.98,3818114.32,372605.84,2069786.74,534051.03,conventional,2016,Great Lakes
0,1/3/2016,0.92,4065583.41,604697.28,2200074.78,543717.88,conventional,2016,Great Lakes
49,1/24/2016,0.95,3806974.62,473647.35,2043221.89,553447.22,conventional,2016,Great Lakes
10,1/21/2018,1.08,4824586.17,939693.95,1678615.71,599358.14,conventional,2018,Great Lakes
8,2/4/2018,0.81,7094764.73,1410647.88,2875747.93,667141.61,conventional,2018,Great Lakes
47,2/7/2016,0.85,4865296.26,652666.36,2644419.02,704466.56,conventional,2016,Great Lakes
