avocado (version 1).csv
0,Date,AveragePrice,Total Volume,4046,4225,4770,type,year,region
11,10/22/2017,1.43,206115.08,30373.68,111836.53,29.48,conventional,2017,Harrisburg Scranton
19,8/27/2017,1.48,214056.41,40614.08,112224.82,30.39,conventional,2017,Harrisburg Scranton
10,10/29/2017,1.47,203026.62,30541.03,117170.48,36.92,conventional,2017,Harrisburg Scranton
18,9/3/2017,1.53,212828.72,39153.66,117858.62,49.90,conventional,2017,Harrisburg Scranton
37,4/23/2017,1.49,225681.54,53508.78,103642.10,52.70,conventional,2017,Harrisburg Scranton
16,9/17/2017,1.46,189035.91,32973.74,107531.22,54.93,conventional,2017,Harrisburg Scranton
23,7/30/2017,1.36,222758.77,41369.26,115565.26,55.81,conventional,2017,Harrisburg Scranton
1,12/31/2017,1.37,195897.40,35962.67,106173.46,56.99,conventional,2017,Harrisburg Scranton
21,8/13/2017,1.43,238229.99,42116.11,127782.88,58.29,conventional,2017,Harrisburg Scranton
22,8/6/2017,1.37,235902.96,42012.76,129112.23,58.47,conventional,2017,Harrisburg Scranton
17,9/10/2017,1.51,180874.92,32675.66,97799.79,61.90,conventional,2017,Harrisburg Scranton
20,8/20/2017,1.47,212934.98,40413.35,104200.02,62.76,conventional,2017,Harrisburg Scranton
15,9/24/2017,1.44,209982.19,36336.43,122032.96,70.71,conventional,2017,Harrisburg Scranton
0,1/7/2018,1.33,257281.38,57546.66,128633.39,70.97,conventional,2018,Harrisburg Scranton
4,12/4/2016,1.40,172416.11,27161.44,93528.53,71.39,conventional,2016,Harrisburg Scranton
3,12/17/2017,1.37,196746.00,35590.92,101937.40,71.96,conventional,2017,Harrisburg Scranton
8,11/12/2017,1.38,201442.00,31166.00,99684.00,74.00,conventional,2017,Harrisburg Scranton
12,10/15/2017,1.48,205858.60,32691.30,112916.52,74.12,conventional,2017,Harrisburg Scranton
40,4/2/2017,1.46,239412.64,53424.06,110824.96,74.27,conventional,2017,Harrisburg Scranton
9,11/5/2017,1.45,191459.87,31048.20,99317.22,76.31,conventional,2017,Harrisburg Scranton
2,12/24/2017,1.37,217968.19,37343.09,115065.17,82.00,conventional,2017,Harrisburg Scranton
38,4/16/2017,1.56,261861.07,50600.52,123726.97,83.48,conventional,2017,Harrisburg Scranton
5,11/27/2016,1.40,155286.15,26022.48,81008.09,83.97,conventional,2016,Harrisburg Scranton
4,12/10/2017,1.13,274939.00,43089.18,163729.22,84.84,conventional,2017,Harrisburg Scranton
29,6/18/2017,1.50,238389.11,45186.48,131057.91,86.44,conventional,2017,Harrisburg Scranton
9,10/30/2016,1.59,171652.40,35332.98,78894.91,87.59,conventional,2016,Harrisburg Scranton
39,4/3/2016,1.13,186673.69,36366.56,88833.96,90.37,conventional,2016,Harrisburg Scranton
5,12/3/2017,1.27,231977.00,39382.00,127730.00,91.00,conventional,2017,Harrisburg Scranton
28,6/25/2017,1.46,222447.25,40132.56,121032.80,92.67,conventional,2017,Harrisburg Scranton
30,6/11/2017,1.50,232728.73,50902.99,115824.28,93.56,conventional,2017,Harrisburg Scranton
7,11/15/2015,1.09,189916.88,25483.85,113515.58,93.58,conventional,2015,Harrisburg Scranton
6,11/26/2017,1.30,191490.00,30488.00,89564.00,97.00,conventional,2017,Harrisburg Scranton
52,1/8/2017,1.30,275064.65,51590.90,153751.13,98.83,conventional,2017,Harrisburg Scranton
24,7/23/2017,1.38,224207.07,44426.16,116786.25,100.44,conventional,2017,Harrisburg Scranton
45,2/26/2017,1.29,260743.16,52855.29,139066.59,100.84,conventional,2017,Harrisburg Scranton
19,8/21/2016,1.28,258309.18,41521.93,119685.36,101.31,conventional,2016,Harrisburg Scranton
43,3/12/2017,1.42,245928.12,51306.88,126552.09,107.88,conventional,2017,Harrisburg Scranton
5,11/29/2015,1.17,146103.34,23707.06,82015.89,110.54,conventional,2015,Harrisburg Scranton
6,2/18/2018,1.25,277022.82,67138.92,129856.77,111.37,conventional,2018,Harrisburg Scranton
3,12/11/2016,1.26,202600.72,27491.67,115422.37,112.85,conventional,2016,Harrisburg Scranton
10,10/23/2016,1.60,195809.34,35724.11,99575.79,113.66,conventional,2016,Harrisburg Scranton
7,2/11/2018,1.09,321368.64,77585.95,165153.24,116.39,conventional,2018,Harrisburg Scranton
6,11/20/2016,1.37,191755.51,29191.47,91102.95,117.32,conventional,2016,Harrisburg Scranton
4,12/6/2015,1.10,171195.76,25260.16,99013.86,118.19,conventional,2015,Harrisburg Scranton
36,4/30/2017,1.48,268831.64,54369.02,135977.00,123.86,conventional,2017,Harrisburg Scranton
16,9/11/2016,1.19,272611.45,108308.69,103071.11,124.41,conventional,2016,Harrisburg Scranton
29,6/12/2016,1.24,250231.06,43253.79,114426.76,124.76,conventional,2016,Harrisburg Scranton
39,4/9/2017,1.48,251676.02,47837.77,121350.21,124.82,conventional,2017,Harrisburg Scranton
7,11/19/2017,1.30,216608.00,30820.00,97308.00,125.00,conventional,2017,Harrisburg Scranton
7,11/13/2016,1.42,197920.72,39007.12,92584.51,127.17,conventional,2016,Harrisburg Scranton
9,1/28/2018,1.15,299069.36,101247.63,112796.55,129.60,conventional,2018,Harrisburg Scranton
25,7/16/2017,1.38,224434.92,42951.31,120360.02,131.85,conventional,2017,Harrisburg Scranton
1,3/25/2018,1.21,330371.24,87782.44,137599.47,131.89,conventional,2018,Harrisburg Scranton
31,5/29/2016,1.13,280015.07,44168.80,143022.78,136.56,conventional,2016,Harrisburg Scranton
37,4/17/2016,1.05,257743.57,42204.53,135971.63,137.93,conventional,2016,Harrisburg Scranton
13,10/8/2017,1.54,164699.75,34256.95,79474.31,139.28,conventional,2017,Harrisburg Scranton
31,6/4/2017,1.55,247060.03,50484.86,118452.04,139.39,conventional,2017,Harrisburg Scranton
51,1/10/2016,1.14,231258.40,38270.32,113995.58,142.14,conventional,2016,Harrisburg Scranton
48,1/31/2016,1.07,240911.84,30150.26,141567.72,148.18,conventional,2016,Harrisburg Scranton
1,12/27/2015,1.16,173645.55,22694.58,98629.20,149.11,conventional,2015,Harrisburg Scranton
4,3/4/2018,1.21,289090.98,65788.57,130046.74,150.90,conventional,2018,Harrisburg Scranton
8,11/6/2016,1.55,174837.42,40523.19,82049.79,151.56,conventional,2016,Harrisburg Scranton
34,5/14/2017,1.54,239036.52,52237.47,95012.50,152.37,conventional,2017,Harrisburg Scranton
27,7/2/2017,1.48,226114.96,40997.57,111399.05,155.12,conventional,2017,Harrisburg Scranton
40,3/27/2016,1.15,247389.76,35550.74,135847.91,156.57,conventional,2016,Harrisburg Scranton
8,2/4/2018,1.16,395673.05,92062.94,211176.35,157.51,conventional,2018,Harrisburg Scranton
45,2/21/2016,1.15,235440.15,33667.84,136616.59,158.14,conventional,2016,Harrisburg Scranton
2,12/20/2015,1.11,180186.23,24111.34,100758.01,158.29,conventional,2015,Harrisburg Scranton
5,2/25/2018,1.24,281655.48,63582.79,127685.46,166.92,conventional,2018,Harrisburg Scranton
38,4/10/2016,1.05,237139.23,42096.16,116591.89,168.03,conventional,2016,Harrisburg Scranton
10,1/21/2018,1.14,345436.84,125847.54,136876.39,168.16,conventional,2018,Harrisburg Scranton
8,11/8/2015,1.09,214993.36,27837.88,137670.52,169.50,conventional,2015,Harrisburg Scranton
32,5/28/2017,1.56,275488.47,53527.90,137082.84,170.20,conventional,2017,Harrisburg Scranton
9,11/1/2015,1.13,219970.37,28916.15,140625.82,173.18,conventional,2015,Harrisburg Scranton
3,3/11/2018,1.22,279645.04,65731.37,115236.06,174.48,conventional,2018,Harrisburg Scranton
11,10/16/2016,1.49,205728.40,43579.25,95964.80,176.04,conventional,2016,Harrisburg Scranton
15,9/18/2016,1.26,220697.92,75557.67,73638.24,176.87,conventional,2016,Harrisburg Scranton
26,7/9/2017,1.47,237446.62,41065.78,129466.37,176.98,conventional,2017,Harrisburg Scranton
33,5/21/2017,1.51,244638.89,52736.28,119601.86,179.49,conventional,2017,Harrisburg Scranton
32,5/22/2016,1.12,257598.79,40865.69,124677.68,182.79,conventional,2016,Harrisburg Scranton
14,9/25/2016,1.37,222019.37,68045.46,89410.32,183.69,conventional,2016,Harrisburg Scranton
46,2/19/2017,1.28,224541.20,56042.20,104680.99,184.45,conventional,2017,Harrisburg Scranton
10,10/25/2015,1.11,183276.68,27595.50,101618.92,185.61,conventional,2015,Harrisburg Scranton
49,1/24/2016,1.13,269859.91,30857.91,145118.66,187.20,conventional,2016,Harrisburg Scranton
11,1/14/2018,1.25,277616.71,80067.78,121405.45,189.01,conventional,2018,Harrisburg Scranton
30,6/5/2016,1.23,267225.88,40843.23,134735.41,191.75,conventional,2016,Harrisburg Scranton
13,10/2/2016,1.40,214726.86,42262.02,106682.04,191.99,conventional,2016,Harrisburg Scranton
14,10/1/2017,1.45,213952.02,37491.09,115716.48,192.67,conventional,2017,Harrisburg Scranton
20,8/14/2016,1.22,272099.07,49712.54,114887.12,193.77,conventional,2016,Harrisburg Scranton
6,11/22/2015,1.16,162429.43,26601.95,85742.43,198.26,conventional,2015,Harrisburg Scranton
2,3/18/2018,1.18,299740.63,75911.89,121945.84,200.48,conventional,2018,Harrisburg Scranton
42,3/13/2016,1.13,256785.76,35473.08,148078.39,202.18,conventional,2016,Harrisburg Scranton
24,7/17/2016,1.25,249117.51,37155.26,99016.77,207.30,conventional,2016,Harrisburg Scranton
35,5/7/2017,1.51,301180.77,53636.12,140316.58,208.35,conventional,2017,Harrisburg Scranton
2,12/18/2016,1.21,210917.45,25826.37,133480.10,208.63,conventional,2016,Harrisburg Scranton
43,3/6/2016,1.17,240849.91,40527.53,130174.89,211.56,conventional,2016,Harrisburg Scranton
44,2/28/2016,1.11,254954.35,36910.75,157390.10,213.14,conventional,2016,Harrisburg Scranton
50,1/17/2016,1.15,251772.19,37242.50,127825.35,215.42,conventional,2016,Harrisburg Scranton
12,10/9/2016,1.42,219089.52,43010.81,111487.02,218.09,conventional,2016,Harrisburg Scranton
46,2/14/2016,1.09,264904.19,39983.90,155336.11,224.20,conventional,2016,Harrisburg Scranton
33,5/15/2016,1.08,270638.76,34543.04,159858.65,227.18,conventional,2016,Harrisburg Scranton
3,12/13/2015,1.14,187058.65,27053.78,107144.99,229.97,conventional,2015,Harrisburg Scranton
17,9/4/2016,1.15,311176.62,77540.78,112618.27,230.96,conventional,2016,Harrisburg Scranton
36,4/24/2016,1.09,283535.19,50495.46,157366.58,235.32,conventional,2016,Harrisburg Scranton
42,3/19/2017,1.40,243265.50,59161.21,118545.42,245.20,conventional,2017,Harrisburg Scranton
12,10/11/2015,1.05,225079.92,32042.53,137367.20,267.77,conventional,2015,Harrisburg Scranton
41,3/20/2016,1.08,269456.81,35428.08,159452.29,270.23,conventional,2016,Harrisburg Scranton
23,7/24/2016,1.36,247275.14,42713.11,103033.69,272.62,conventional,2016,Harrisburg Scranton
15,9/20/2015,1.17,188314.24,31925.36,101200.97,279.75,conventional,2015,Harrisburg Scranton
16,9/13/2015,1.07,254744.58,33047.61,170884.40,294.21,conventional,2015,Harrisburg Scranton
14,9/27/2015,1.15,192478.26,30410.27,108385.85,294.60,conventional,2015,Harrisburg Scranton
28,6/19/2016,1.26,267235.79,41124.61,132642.19,298.49,conventional,2016,Harrisburg Scranton
0,1/3/2016,1.09,252693.38,36241.25,157969.24,315.45,conventional,2016,Harrisburg Scranton
13,10/4/2015,1.16,188436.91,32554.49,95392.40,323.79,conventional,2015,Harrisburg Scranton
43,3/8/2015,1.15,192277.92,38517.23,75750.79,334.13,conventional,2015,Harrisburg Scranton
47,2/7/2016,1.10,310166.32,42668.36,186545.28,334.31,conventional,2016,Harrisburg Scranton
41,3/26/2017,1.38,254599.21,52944.04,131659.03,340.26,conventional,2017,Harrisburg Scranton
22,7/31/2016,1.37,253671.67,48175.70,110154.96,346.77,conventional,2016,Harrisburg Scranton
34,5/8/2016,0.91,373544.69,47270.41,247409.27,357.62,conventional,2016,Harrisburg Scranton
35,5/1/2016,0.99,316410.59,52276.59,185445.08,362.87,conventional,2016,Harrisburg Scranton
47,2/12/2017,1.13,276755.29,105170.96,106548.49,367.91,conventional,2017,Harrisburg Scranton
38,4/12/2015,1.18,201544.53,35513.59,101051.47,400.34,conventional,2015,Harrisburg Scranton
20,8/16/2015,1.09,247813.45,37089.49,161018.66,402.50,conventional,2015,Harrisburg Scranton
11,10/18/2015,0.93,264223.22,27640.26,186372.86,408.03,conventional,2015,Harrisburg Scranton
36,4/26/2015,1.21,234322.13,45102.26,118533.62,415.14,conventional,2015,Harrisburg Scranton
40,3/29/2015,1.14,197282.25,31891.81,102587.16,418.10,conventional,2015,Harrisburg Scranton
0,1/1/2017,1.35,235430.29,41800.77,136109.66,420.83,conventional,2017,Harrisburg Scranton
49,1/25/2015,1.17,206074.14,33193.27,89075.29,426.35,conventional,2015,Harrisburg Scranton
25,7/10/2016,1.21,274783.17,43879.44,118215.77,436.85,conventional,2016,Harrisburg Scranton
17,9/6/2015,1.19,225494.59,37453.63,128772.37,465.01,conventional,2015,Harrisburg Scranton
42,3/15/2015,1.20,190760.30,31225.82,84433.44,470.53,conventional,2015,Harrisburg Scranton
23,7/26/2015,1.17,225227.57,39346.13,123455.52,480.44,conventional,2015,Harrisburg Scranton
41,3/22/2015,1.08,219149.75,28701.47,129731.50,481.59,conventional,2015,Harrisburg Scranton
39,4/5/2015,1.21,216376.66,35705.85,112157.42,485.39,conventional,2015,Harrisburg Scranton
33,5/17/2015,1.19,252843.56,44842.47,120942.94,487.01,conventional,2015,Harrisburg Scranton
37,4/19/2015,1.17,237429.16,45693.41,112023.17,501.77,conventional,2015,Harrisburg Scranton
46,2/15/2015,1.22,187671.77,28592.73,85311.10,503.53,conventional,2015,Harrisburg Scranton
45,2/22/2015,1.20,191040.19,32241.22,83702.91,506.96,conventional,2015,Harrisburg Scranton
21,8/9/2015,1.07,247575.06,40320.20,149595.95,510.58,conventional,2015,Harrisburg Scranton
35,5/3/2015,1.17,255913.63,46183.27,130134.66,527.56,conventional,2015,Harrisburg Scranton
50,1/18/2015,1.24,182604.68,30928.18,85410.46,535.87,conventional,2015,Harrisburg Scranton
21,8/7/2016,1.24,267082.86,56263.05,109039.94,538.07,conventional,2016,Harrisburg Scranton
51,1/11/2015,1.26,178735.25,34535.57,78778.96,582.30,conventional,2015,Harrisburg Scranton
19,8/23/2015,1.10,222637.15,37213.90,128402.42,584.81,conventional,2015,Harrisburg Scranton
34,5/10/2015,1.19,299147.73,53021.23,158314.43,585.43,conventional,2015,Harrisburg Scranton
27,6/26/2016,1.24,277479.27,38571.49,141142.92,592.96,conventional,2016,Harrisburg Scranton
44,3/1/2015,1.07,230913.14,28899.98,134019.55,614.07,conventional,2015,Harrisburg Scranton
18,8/30/2015,1.18,219908.82,34595.95,125106.29,614.86,conventional,2015,Harrisburg Scranton
30,6/7/2015,1.21,265638.42,40587.95,138950.26,675.56,conventional,2015,Harrisburg Scranton
47,2/8/2015,1.02,239756.62,35933.38,126557.74,722.59,conventional,2015,Harrisburg Scranton
22,8/2/2015,1.10,242281.36,40387.93,143352.05,733.22,conventional,2015,Harrisburg Scranton
44,3/5/2017,1.19,273485.30,53961.57,151537.00,745.71,conventional,2017,Harrisburg Scranton
26,7/3/2016,1.23,287688.42,41551.50,129783.55,762.14,conventional,2016,Harrisburg Scranton
32,5/24/2015,1.21,270097.92,43499.81,132429.70,777.66,conventional,2015,Harrisburg Scranton
51,1/15/2017,1.44,251547.43,47536.54,126095.12,791.62,conventional,2017,Harrisburg Scranton
31,5/31/2015,1.22,260058.34,42572.44,125281.89,804.17,conventional,2015,Harrisburg Scranton
48,2/1/2015,1.06,283137.88,42732.12,168621.69,851.33,conventional,2015,Harrisburg Scranton
24,7/19/2015,1.19,229650.57,42405.80,119272.94,1020.51,conventional,2015,Harrisburg Scranton
18,8/28/2016,1.32,269377.79,45946.25,114244.06,1086.91,conventional,2016,Harrisburg Scranton
0,1/4/2015,1.05,203939.14,32679.84,121020.54,1286.19,conventional,2015,Harrisburg Scranton
1,12/25/2016,1.45,186180.00,28999.77,97383.52,1529.57,conventional,2016,Harrisburg Scranton
49,1/29/2017,1.25,267917.78,64322.44,129735.77,1855.78,conventional,2017,Harrisburg Scranton
29,6/14/2015,1.13,277578.88,42766.16,140403.76,2028.31,conventional,2015,Harrisburg Scranton
27,6/28/2015,1.20,243537.29,42688.00,124701.97,2556.60,conventional,2015,Harrisburg Scranton
25,7/12/2015,1.17,233638.96,42200.05,119798.85,2740.31,conventional,2015,Harrisburg Scranton
28,6/21/2015,1.19,255431.85,44179.19,128614.97,3182.40,conventional,2015,Harrisburg Scranton
26,7/5/2015,1.19,275844.88,49829.42,142250.13,3215.99,conventional,2015,Harrisburg Scranton
50,1/22/2017,1.40,266851.77,49774.50,135845.63,3688.76,conventional,2017,Harrisburg Scranton
48,2/5/2017,1.14,348380.90,117876.11,153442.16,4525.24,conventional,2017,Harrisburg Scranton
