avocado (version 1).csv
0,Date,AveragePrice,Total Volume,4046,4225,4770,type,year,region
37,4/19/2015,2.27,3253.43,82.48,2636.67,1.29,organic,2015,Hartford Springfield
30,6/7/2015,2.34,3478.25,276.38,2787.48,1.32,organic,2015,Hartford Springfield
36,4/24/2016,2.24,10677.34,134.18,3140.18,1.33,organic,2016,Hartford Springfield
22,8/2/2015,2.42,2676.30,82.67,2503.23,1.36,organic,2015,Hartford Springfield
21,8/9/2015,2.31,5078.46,1941.88,2656.17,1.36,organic,2015,Hartford Springfield
25,7/10/2016,2.33,9578.06,202.21,3689.57,1.36,organic,2016,Hartford Springfield
22,7/31/2016,2.19,5524.69,134.45,3695.32,1.36,organic,2016,Hartford Springfield
10,10/23/2016,1.98,1494.63,65.87,897.05,1.38,organic,2016,Hartford Springfield
6,11/22/2015,2.31,2318.13,138.16,2079.91,1.38,organic,2015,Hartford Springfield
9,10/30/2016,2.34,4272.13,275.57,2734.41,1.38,organic,2016,Hartford Springfield
25,7/16/2017,1.94,15128.14,308.21,4236.13,1.38,organic,2017,Hartford Springfield
10,1/21/2018,2.12,12308.98,97.64,4096.79,1.39,organic,2018,Hartford Springfield
5,12/3/2017,1.83,14089.35,288.44,5155.12,1.39,organic,2017,Hartford Springfield
45,2/26/2017,2.18,13475.25,208.52,7176.67,1.39,organic,2017,Hartford Springfield
7,11/19/2017,2.09,11380.20,34.59,2619.92,1.40,organic,2017,Hartford Springfield
17,9/10/2017,2.08,18016.66,87.47,3878.36,1.40,organic,2017,Hartford Springfield
0,1/7/2018,2.03,15204.66,76.07,4721.42,1.40,organic,2018,Hartford Springfield
43,3/12/2017,2.57,13395.70,109.82,5604.12,1.40,organic,2017,Hartford Springfield
11,10/22/2017,1.53,21441.78,35.03,2862.72,1.41,organic,2017,Hartford Springfield
8,11/12/2017,2.09,12486.38,36.11,2880.01,1.41,organic,2017,Hartford Springfield
14,10/1/2017,2.06,13827.70,72.05,3318.15,1.41,organic,2017,Hartford Springfield
39,4/5/2015,2.18,2789.49,99.80,1927.65,2.59,organic,2015,Hartford Springfield
33,5/17/2015,2.30,3485.39,46.31,2854.86,2.61,organic,2015,Hartford Springfield
44,3/1/2015,2.17,3050.04,59.15,2158.92,2.63,organic,2015,Hartford Springfield
45,2/22/2015,2.38,4834.37,670.44,3747.31,2.64,organic,2015,Hartford Springfield
48,2/1/2015,1.54,6084.48,88.08,5406.05,2.67,organic,2015,Hartford Springfield
41,3/20/2016,2.30,6407.43,160.54,3228.32,2.68,organic,2016,Hartford Springfield
20,8/16/2015,2.39,3753.16,1360.60,2053.79,2.72,organic,2015,Hartford Springfield
23,7/24/2016,2.30,7492.17,28.58,3330.69,2.72,organic,2016,Hartford Springfield
21,8/7/2016,2.36,5402.37,35.74,3832.23,2.73,organic,2016,Hartford Springfield
5,11/27/2016,2.67,7148.30,46.61,3046.39,2.74,organic,2016,Hartford Springfield
4,12/4/2016,2.42,8036.44,103.64,3639.96,2.74,organic,2016,Hartford Springfield
17,9/6/2015,2.37,4058.62,172.82,3667.53,2.74,organic,2015,Hartford Springfield
19,8/21/2016,2.09,6181.23,151.97,4182.89,2.74,organic,2016,Hartford Springfield
23,7/30/2017,2.10,13864.42,72.64,4282.77,2.74,organic,2017,Hartford Springfield
16,9/13/2015,2.36,2868.18,49.48,2509.01,2.75,organic,2015,Hartford Springfield
15,9/20/2015,2.31,2700.77,179.18,2459.91,2.76,organic,2015,Hartford Springfield
20,8/20/2017,2.19,16040.58,333.17,6341.29,2.76,organic,2017,Hartford Springfield
35,5/7/2017,2.51,15173.18,198.47,7086.04,2.76,organic,2017,Hartford Springfield
8,11/6/2016,2.57,6674.17,73.43,3159.34,2.77,organic,2016,Hartford Springfield
12,10/9/2016,2.34,6836.11,48.42,3841.72,2.77,organic,2016,Hartford Springfield
19,8/27/2017,2.40,13994.90,74.89,4981.75,2.77,organic,2017,Hartford Springfield
9,1/28/2018,1.90,18973.89,468.61,10161.69,2.79,organic,2018,Hartford Springfield
3,3/11/2018,2.15,17722.27,147.46,8428.14,2.80,organic,2018,Hartford Springfield
9,11/5/2017,2.17,12289.27,26.70,3106.60,2.81,organic,2017,Hartford Springfield
34,5/10/2015,2.31,4484.97,79.20,3796.60,3.89,organic,2015,Hartford Springfield
31,5/29/2016,2.36,8731.75,108.44,4143.31,4.02,organic,2016,Hartford Springfield
24,7/19/2015,2.45,2960.69,80.90,2832.42,4.04,organic,2015,Hartford Springfield
49,1/24/2016,2.28,4508.30,98.73,2428.94,4.06,organic,2016,Hartford Springfield
50,1/17/2016,2.21,3834.56,384.59,3048.31,4.06,organic,2016,Hartford Springfield
27,6/26/2016,2.32,7355.55,37.86,3299.19,4.06,organic,2016,Hartford Springfield
2,12/18/2016,2.36,8155.56,152.23,3987.70,4.11,organic,2016,Hartford Springfield
34,5/14/2017,2.58,12456.71,310.12,4316.89,4.13,organic,2017,Hartford Springfield
14,9/27/2015,2.41,4559.35,53.88,4317.30,4.14,organic,2015,Hartford Springfield
37,4/23/2017,2.49,13284.59,44.18,6007.49,4.14,organic,2017,Hartford Springfield
44,3/5/2017,2.17,13783.11,255.27,7325.00,4.19,organic,2017,Hartford Springfield
12,10/15/2017,1.81,16619.70,60.56,2147.55,4.22,organic,2017,Hartford Springfield
36,4/26/2015,2.24,2843.96,52.97,2160.59,5.16,organic,2015,Hartford Springfield
34,5/8/2016,2.16,8622.92,25.33,3861.42,5.33,organic,2016,Hartford Springfield
15,9/18/2016,2.36,10644.73,83.96,3101.07,5.51,organic,2016,Hartford Springfield
38,4/16/2017,2.00,26638.93,997.33,18975.35,5.51,organic,2017,Hartford Springfield
13,10/4/2015,2.30,2855.32,64.28,2269.13,5.54,organic,2015,Hartford Springfield
4,12/10/2017,1.81,13690.78,77.91,3133.36,5.58,organic,2017,Hartford Springfield
45,2/21/2016,2.24,4735.53,127.66,2709.06,6.72,organic,2016,Hartford Springfield
51,1/10/2016,2.08,3984.77,149.26,2769.26,6.78,organic,2016,Hartford Springfield
1,12/27/2015,2.32,5526.50,88.59,3733.01,6.81,organic,2015,Hartford Springfield
29,6/18/2017,2.14,23752.11,549.98,14022.37,6.86,organic,2017,Hartford Springfield
51,1/15/2017,2.43,11203.27,119.46,4601.08,6.87,organic,2017,Hartford Springfield
13,10/2/2016,2.33,7328.91,61.79,3168.72,6.91,organic,2016,Hartford Springfield
13,10/8/2017,1.93,17346.22,52.43,3324.46,7.00,organic,2017,Hartford Springfield
29,6/14/2015,2.25,3551.66,123.54,2957.88,7.93,organic,2015,Hartford Springfield
26,7/3/2016,2.33,9168.90,167.86,3744.45,8.12,organic,2016,Hartford Springfield
24,7/17/2016,2.39,12209.90,19.02,3863.13,8.15,organic,2016,Hartford Springfield
24,7/23/2017,1.95,17461.66,97.20,4468.49,8.21,organic,2017,Hartford Springfield
26,7/9/2017,2.67,11842.55,43.92,4563.44,8.23,organic,2017,Hartford Springfield
7,2/11/2018,2.10,11883.93,23.95,4455.68,8.38,organic,2018,Hartford Springfield
6,2/18/2018,1.48,49348.86,1201.04,40277.25,8.40,organic,2018,Hartford Springfield
49,1/25/2015,2.21,1920.19,73.54,1602.72,9.36,organic,2015,Hartford Springfield
0,1/3/2016,1.51,5895.92,95.21,4683.24,9.52,organic,2016,Hartford Springfield
20,8/14/2016,2.19,5131.72,65.19,3573.57,9.56,organic,2016,Hartford Springfield
17,9/4/2016,2.34,9021.82,167.34,4191.66,9.60,organic,2016,Hartford Springfield
50,1/22/2017,2.44,9583.77,101.61,3410.70,9.61,organic,2017,Hartford Springfield
49,1/29/2017,2.43,9412.37,96.15,3494.43,9.62,organic,2017,Hartford Springfield
10,10/25/2015,1.98,3885.53,54.15,2232.58,9.72,organic,2015,Hartford Springfield
9,11/1/2015,1.96,4177.83,88.45,2399.47,9.72,organic,2015,Hartford Springfield
42,3/13/2016,2.18,6620.70,716.95,2830.90,10.72,organic,2016,Hartford Springfield
3,12/11/2016,2.54,7514.40,19.71,3180.04,10.97,organic,2016,Hartford Springfield
16,9/11/2016,2.27,12509.69,218.44,5314.04,10.99,organic,2016,Hartford Springfield
16,9/17/2017,1.96,18572.79,68.70,4275.95,11.18,organic,2017,Hartford Springfield
50,1/18/2015,2.35,2552.09,39.56,2233.79,12.07,organic,2015,Hartford Springfield
0,1/1/2017,2.44,11977.13,152.32,7697.10,12.35,organic,2017,Hartford Springfield
47,2/12/2017,2.35,9386.83,45.30,3547.50,12.36,organic,2017,Hartford Springfield
39,4/9/2017,2.60,11045.91,198.37,4395.88,12.40,organic,2017,Hartford Springfield
33,5/21/2017,2.62,12234.45,107.67,4361.38,12.42,organic,2017,Hartford Springfield
11,10/16/2016,2.33,5131.43,35.26,3657.66,12.47,organic,2016,Hartford Springfield
47,2/7/2016,2.32,7536.30,190.13,5285.63,13.48,organic,2016,Hartford Springfield
30,6/11/2017,2.62,13040.76,89.07,4953.62,13.70,organic,2017,Hartford Springfield
1,12/25/2016,2.41,8403.07,64.48,3552.13,13.72,organic,2016,Hartford Springfield
14,9/25/2016,2.34,9905.86,188.52,3116.08,13.79,organic,2016,Hartford Springfield
33,5/15/2016,2.34,7461.06,22.70,3504.75,14.69,organic,2016,Hartford Springfield
29,6/12/2016,2.31,5799.45,121.61,3428.72,14.86,organic,2016,Hartford Springfield
4,12/6/2015,2.16,2739.09,192.25,2179.25,15.11,organic,2015,Hartford Springfield
36,4/30/2017,2.25,18568.03,477.36,10235.91,15.13,organic,2017,Hartford Springfield
8,2/4/2018,1.94,17404.84,142.97,8510.44,15.34,organic,2018,Hartford Springfield
47,2/8/2015,2.37,5223.36,49.13,4531.32,15.93,organic,2015,Hartford Springfield
48,1/31/2016,2.27,4585.28,126.99,2375.58,16.21,organic,2016,Hartford Springfield
28,6/25/2017,2.61,12883.38,64.48,5815.43,16.46,organic,2017,Hartford Springfield
52,1/8/2017,2.43,9880.58,38.45,4063.04,17.85,organic,2017,Hartford Springfield
32,5/24/2015,2.36,3550.25,84.97,3012.17,18.30,organic,2015,Hartford Springfield
31,5/31/2015,2.24,3193.41,274.09,2489.29,18.36,organic,2015,Hartford Springfield
35,5/3/2015,1.55,6372.85,45.29,5832.35,20.71,organic,2015,Hartford Springfield
7,11/13/2016,2.68,5260.62,15.23,3074.13,20.77,organic,2016,Hartford Springfield
48,2/5/2017,1.79,14825.89,94.97,7579.97,23.39,organic,2017,Hartford Springfield
27,7/2/2017,2.67,11745.45,120.76,5069.38,35.68,organic,2017,Hartford Springfield
42,3/19/2017,2.04,24796.80,604.48,17563.18,45.65,organic,2017,Hartford Springfield
32,5/28/2017,2.67,12930.59,148.98,4613.70,57.94,organic,2017,Hartford Springfield
2,12/20/2015,2.24,3998.59,222.69,1874.44,230.89,organic,2015,Hartford Springfield
3,12/13/2015,2.34,6923.91,75.32,2154.16,2410.25,organic,2015,Hartford Springfield
