avocado (version 1).csv
0,Date,AveragePrice,Total Volume,4046,4225,4770,type,year,region
24,7/23/2017,1.59,264308.37,8142.48,201585.67,62.70,conventional,2017,Hartford Springfield
19,8/27/2017,1.78,220520.33,4245.98,160115.84,67.41,conventional,2017,Hartford Springfield
12,10/15/2017,1.58,236604.19,7043.32,177668.62,73.00,conventional,2017,Hartford Springfield
16,9/17/2017,1.54,222593.17,7488.87,162728.73,73.10,conventional,2017,Hartford Springfield
14,10/1/2017,1.60,250057.54,6770.97,189987.47,76.86,conventional,2017,Hartford Springfield
18,9/3/2017,1.74,224635.60,4476.51,165217.63,79.27,conventional,2017,Hartford Springfield
20,8/20/2017,1.74,223619.15,3659.65,155326.78,79.42,conventional,2017,Hartford Springfield
15,9/24/2017,1.59,228615.67,4809.81,181192.01,81.52,conventional,2017,Hartford Springfield
6,11/26/2017,1.38,229399.00,5695.00,153323.00,88.00,conventional,2017,Hartford Springfield
37,4/17/2016,1.18,284479.69,3817.60,212803.93,95.30,conventional,2016,Hartford Springfield
9,11/5/2017,1.53,240615.51,5209.01,161648.13,106.23,conventional,2017,Hartford Springfield
7,11/13/2016,1.82,184928.64,3119.08,129123.05,107.47,conventional,2016,Hartford Springfield
3,12/17/2017,1.44,228292.45,6271.96,160129.76,112.41,conventional,2017,Hartford Springfield
5,11/27/2016,1.57,195221.04,4269.91,149413.39,119.71,conventional,2016,Hartford Springfield
6,11/20/2016,1.62,240655.78,4755.30,168091.33,122.40,conventional,2016,Hartford Springfield
29,6/18/2017,1.79,256900.68,5734.57,195637.72,124.60,conventional,2017,Hartford Springfield
14,9/25/2016,1.63,224391.93,42274.18,125999.46,127.05,conventional,2016,Hartford Springfield
38,4/16/2017,1.80,257405.41,6808.85,189287.26,128.05,conventional,2017,Hartford Springfield
11,1/14/2018,1.53,289124.31,6006.14,215891.85,128.82,conventional,2018,Hartford Springfield
25,7/16/2017,1.59,265615.87,10004.17,205771.60,129.66,conventional,2017,Hartford Springfield
17,9/10/2017,1.57,243134.01,5195.18,182049.97,130.21,conventional,2017,Hartford Springfield
23,7/30/2017,1.56,258166.40,5477.90,190639.60,130.79,conventional,2017,Hartford Springfield
7,11/19/2017,1.38,264765.00,4591.00,169972.00,131.00,conventional,2017,Hartford Springfield
15,9/18/2016,1.51,233869.17,37691.02,130354.21,132.81,conventional,2016,Hartford Springfield
38,4/12/2015,1.25,251083.39,3432.34,182584.86,133.93,conventional,2015,Hartford Springfield
28,6/25/2017,1.68,275912.97,8658.16,220849.19,134.57,conventional,2017,Hartford Springfield
30,6/11/2017,1.75,296173.79,11601.99,218427.65,135.11,conventional,2017,Hartford Springfield
0,1/7/2018,1.52,283678.88,5732.13,214934.82,136.28,conventional,2018,Hartford Springfield
41,3/22/2015,1.11,292821.36,5900.60,230143.88,139.93,conventional,2015,Hartford Springfield
26,7/9/2017,1.72,273059.91,10848.33,198967.11,142.40,conventional,2017,Hartford Springfield
31,5/31/2015,1.33,319502.82,4974.69,237651.14,142.52,conventional,2015,Hartford Springfield
43,3/8/2015,1.43,210375.08,3253.02,125712.73,145.30,conventional,2015,Hartford Springfield
31,6/4/2017,1.81,288516.73,10922.08,216912.96,148.68,conventional,2017,Hartford Springfield
23,7/24/2016,1.70,254686.05,3244.19,165702.62,149.30,conventional,2016,Hartford Springfield
11,10/22/2017,1.50,244786.18,7441.12,179802.05,151.61,conventional,2017,Hartford Springfield
42,3/15/2015,1.40,225761.68,6740.23,150490.66,160.54,conventional,2015,Hartford Springfield
8,11/6/2016,1.83,173620.97,3070.78,119662.41,161.73,conventional,2016,Hartford Springfield
39,4/9/2017,1.74,284522.31,7409.75,199909.01,161.85,conventional,2017,Hartford Springfield
4,12/10/2017,1.14,447122.29,18098.00,359319.53,162.16,conventional,2017,Hartford Springfield
43,3/12/2017,1.65,248805.91,4902.42,186372.61,162.89,conventional,2017,Hartford Springfield
21,8/13/2017,1.63,263624.63,4240.00,193118.61,164.97,conventional,2017,Hartford Springfield
0,1/4/2015,1.06,332208.14,6387.60,267593.62,165.35,conventional,2015,Hartford Springfield
5,11/29/2015,1.32,213631.54,3572.70,172790.41,169.10,conventional,2015,Hartford Springfield
33,5/21/2017,1.80,279086.43,10370.09,208423.40,169.35,conventional,2017,Hartford Springfield
1,12/27/2015,1.27,243556.57,4427.27,194438.24,169.66,conventional,2015,Hartford Springfield
5,12/3/2017,1.55,231210.00,5716.00,166828.00,171.00,conventional,2017,Hartford Springfield
8,11/8/2015,1.16,309186.06,5048.20,260745.71,171.88,conventional,2015,Hartford Springfield
38,4/10/2016,1.17,280729.03,4510.47,213983.22,172.03,conventional,2016,Hartford Springfield
10,10/29/2017,1.53,247946.32,5938.74,188044.00,173.60,conventional,2017,Hartford Springfield
13,10/8/2017,1.60,217988.15,7540.43,159211.65,174.29,conventional,2017,Hartford Springfield
37,4/19/2015,1.35,271198.73,3625.55,196720.42,175.12,conventional,2015,Hartford Springfield
10,1/21/2018,1.18,474554.55,8065.55,407711.57,175.38,conventional,2018,Hartford Springfield
32,5/24/2015,1.34,314930.61,4532.15,229800.24,177.56,conventional,2015,Hartford Springfield
1,12/31/2017,1.42,245203.25,4805.09,183945.55,178.97,conventional,2017,Hartford Springfield
42,3/13/2016,1.30,315394.32,4317.14,253676.96,179.09,conventional,2016,Hartford Springfield
3,3/11/2018,1.42,314847.26,17765.06,215834.18,183.31,conventional,2018,Hartford Springfield
2,12/20/2015,1.18,264155.74,4806.75,212205.34,184.96,conventional,2015,Hartford Springfield
9,10/30/2016,1.81,180113.35,2704.79,130995.75,191.97,conventional,2016,Hartford Springfield
4,12/6/2015,1.19,239945.42,4269.91,199395.25,192.36,conventional,2015,Hartford Springfield
10,10/23/2016,1.78,213547.17,4201.36,152903.95,194.14,conventional,2016,Hartford Springfield
39,4/5/2015,1.33,246967.21,4021.27,183801.36,194.45,conventional,2015,Hartford Springfield
40,3/27/2016,1.31,294602.42,3703.75,234448.80,196.63,conventional,2016,Hartford Springfield
16,9/11/2016,1.22,364052.46,84826.25,225724.26,197.17,conventional,2016,Hartford Springfield
7,11/15/2015,1.12,275217.97,4680.06,228183.77,197.29,conventional,2015,Hartford Springfield
2,12/24/2017,1.50,225990.67,5610.69,161963.18,198.18,conventional,2017,Hartford Springfield
22,7/31/2016,1.72,255025.51,3820.18,170920.70,200.04,conventional,2016,Hartford Springfield
37,4/23/2017,1.76,267468.69,8180.90,201383.54,202.50,conventional,2017,Hartford Springfield
8,11/12/2017,1.56,226866.00,6490.00,162389.00,206.00,conventional,2017,Hartford Springfield
16,9/13/2015,1.11,341176.21,4326.64,283221.20,206.25,conventional,2015,Hartford Springfield
7,2/11/2018,1.48,352731.83,14675.90,270215.97,208.10,conventional,2018,Hartford Springfield
32,5/28/2017,1.85,304340.56,10672.40,225753.07,210.84,conventional,2017,Hartford Springfield
6,2/18/2018,1.42,283265.66,11150.75,209791.73,212.96,conventional,2018,Hartford Springfield
47,2/8/2015,1.09,364571.57,6791.17,289098.22,215.13,conventional,2015,Hartford Springfield
46,2/15/2015,1.39,223170.31,3681.09,138690.77,216.75,conventional,2015,Hartford Springfield
40,3/29/2015,1.22,241495.12,3980.50,184277.87,217.08,conventional,2015,Hartford Springfield
2,3/18/2018,1.43,308716.16,16506.01,218357.11,217.92,conventional,2018,Hartford Springfield
30,6/7/2015,1.29,353474.52,4435.64,281285.58,219.26,conventional,2015,Hartford Springfield
50,1/17/2016,1.18,352472.83,4186.80,265631.34,222.86,conventional,2016,Hartford Springfield
51,1/11/2015,1.38,232640.15,4365.27,143001.84,223.15,conventional,2015,Hartford Springfield
22,8/6/2017,1.60,262304.20,5057.28,200007.70,223.22,conventional,2017,Hartford Springfield
19,8/21/2016,1.46,299545.98,2617.98,191018.33,223.90,conventional,2016,Hartford Springfield
36,4/30/2017,1.66,300311.86,7020.54,234305.43,228.33,conventional,2017,Hartford Springfield
36,4/26/2015,1.36,277178.42,4159.50,206008.87,229.90,conventional,2015,Hartford Springfield
49,1/25/2015,1.35,241174.11,4305.86,150044.76,231.99,conventional,2015,Hartford Springfield
44,2/28/2016,1.17,357504.15,5558.93,305866.90,232.83,conventional,2016,Hartford Springfield
9,1/28/2018,1.18,432600.10,7854.32,360244.35,237.31,conventional,2018,Hartford Springfield
51,1/10/2016,1.26,284119.04,3361.85,213814.50,238.17,conventional,2016,Hartford Springfield
11,10/16/2016,1.82,208966.36,4396.67,148210.67,239.04,conventional,2016,Hartford Springfield
1,3/25/2018,1.44,345963.16,17715.06,243023.15,242.20,conventional,2018,Hartford Springfield
30,6/5/2016,1.46,303118.06,4757.39,219463.03,245.51,conventional,2016,Hartford Springfield
35,5/1/2016,1.18,353240.26,4163.82,286951.48,246.85,conventional,2016,Hartford Springfield
14,9/27/2015,1.29,247141.63,3978.86,196807.93,248.86,conventional,2015,Hartford Springfield
33,5/17/2015,1.20,358753.17,4623.90,281567.10,249.30,conventional,2015,Hartford Springfield
48,1/31/2016,1.12,390134.81,5276.30,322397.86,255.75,conventional,2016,Hartford Springfield
27,6/26/2016,1.41,329620.35,3520.61,245341.16,263.38,conventional,2016,Hartford Springfield
44,3/5/2017,1.25,373924.25,8437.42,316785.84,265.30,conventional,2017,Hartford Springfield
34,5/14/2017,1.76,285282.20,4501.51,193014.31,269.13,conventional,2017,Hartford Springfield
15,9/20/2015,1.25,241532.74,3716.84,179938.31,270.67,conventional,2015,Hartford Springfield
44,3/1/2015,1.12,314917.55,4547.97,250129.65,271.71,conventional,2015,Hartford Springfield
4,3/4/2018,1.17,432095.58,15615.69,347650.33,272.95,conventional,2018,Hartford Springfield
12,10/9/2016,1.62,231063.21,7855.45,171100.57,274.57,conventional,2016,Hartford Springfield
18,8/28/2016,1.59,287629.57,3266.96,209240.07,277.62,conventional,2016,Hartford Springfield
41,3/20/2016,1.17,373372.96,5155.65,315607.91,278.31,conventional,2016,Hartford Springfield
45,2/21/2016,1.28,288176.27,4492.49,214537.05,279.57,conventional,2016,Hartford Springfield
45,2/22/2015,1.38,220210.32,3632.57,142741.20,285.70,conventional,2015,Hartford Springfield
50,1/18/2015,1.39,229216.05,3347.41,160683.80,286.52,conventional,2015,Hartford Springfield
24,7/17/2016,1.63,259416.65,3078.92,173492.18,287.31,conventional,2016,Hartford Springfield
13,10/4/2015,1.30,262638.61,5369.78,205512.49,287.31,conventional,2015,Hartford Springfield
9,11/1/2015,1.16,326067.03,4471.30,271817.93,288.44,conventional,2015,Hartford Springfield
43,3/6/2016,1.27,311503.06,4867.45,241128.23,295.40,conventional,2016,Hartford Springfield
0,1/3/2016,1.07,322752.02,4199.14,275680.97,297.23,conventional,2016,Hartford Springfield
10,10/25/2015,1.20,234361.36,3444.57,183080.97,300.22,conventional,2015,Hartford Springfield
49,1/24/2016,1.27,317932.59,2330.83,234916.68,304.10,conventional,2016,Hartford Springfield
52,1/8/2017,1.25,369468.59,5105.33,315473.05,306.22,conventional,2017,Hartford Springfield
28,6/19/2016,1.50,335704.35,4764.39,253641.06,308.34,conventional,2016,Hartford Springfield
35,5/7/2017,1.61,369499.67,6754.65,251849.93,310.83,conventional,2017,Hartford Springfield
5,2/25/2018,1.45,289607.63,13661.98,196776.63,314.45,conventional,2018,Hartford Springfield
46,2/14/2016,1.10,398441.13,6064.88,326486.66,316.89,conventional,2016,Hartford Springfield
29,6/12/2016,1.47,324963.11,7760.32,242441.41,318.57,conventional,2016,Hartford Springfield
6,11/22/2015,1.27,212091.14,3720.08,176358.45,319.25,conventional,2015,Hartford Springfield
3,12/13/2015,1.24,238558.16,4439.86,186550.43,332.83,conventional,2015,Hartford Springfield
40,4/2/2017,1.71,269090.51,10131.30,204310.58,345.18,conventional,2017,Hartford Springfield
45,2/26/2017,1.59,259318.66,11083.37,193422.27,350.50,conventional,2017,Hartford Springfield
48,2/1/2015,1.32,297969.31,4803.72,216923.02,364.83,conventional,2015,Hartford Springfield
34,5/10/2015,1.25,370924.13,5262.94,288462.56,390.91,conventional,2015,Hartford Springfield
19,8/23/2015,1.14,298493.22,4337.08,248478.66,422.19,conventional,2015,Hartford Springfield
31,5/29/2016,1.15,382443.83,5717.38,310084.06,433.03,conventional,2016,Hartford Springfield
34,5/8/2016,0.86,522565.33,6157.76,449501.24,436.34,conventional,2016,Hartford Springfield
39,4/3/2016,1.36,254201.52,4183.85,204807.91,449.34,conventional,2016,Hartford Springfield
12,10/11/2015,1.38,264227.78,4555.33,206738.06,491.68,conventional,2015,Hartford Springfield
17,9/6/2015,1.27,281256.19,3976.35,221997.70,497.89,conventional,2015,Hartford Springfield
32,5/22/2016,1.26,296893.56,3701.05,224262.53,521.90,conventional,2016,Hartford Springfield
47,2/7/2016,1.16,393866.28,4834.86,306373.73,530.92,conventional,2016,Hartford Springfield
35,5/3/2015,1.25,329589.03,4005.44,255378.50,539.00,conventional,2015,Hartford Springfield
27,7/2/2017,1.76,259782.83,9173.43,191483.01,549.47,conventional,2017,Hartford Springfield
21,8/7/2016,1.50,288155.59,4285.19,183604.52,565.14,conventional,2016,Hartford Springfield
4,12/4/2016,1.54,207482.67,3426.07,160247.20,591.16,conventional,2016,Hartford Springfield
18,8/30/2015,1.26,292827.27,3882.25,241162.58,593.94,conventional,2015,Hartford Springfield
11,10/18/2015,0.93,407866.27,4980.03,357183.34,594.12,conventional,2015,Hartford Springfield
46,2/19/2017,1.30,249027.94,30000.58,167971.32,598.22,conventional,2017,Hartford Springfield
13,10/2/2016,1.69,216818.99,17695.92,145719.43,620.47,conventional,2016,Hartford Springfield
20,8/14/2016,1.46,298015.34,6429.23,186844.14,655.42,conventional,2016,Hartford Springfield
36,4/24/2016,1.25,342796.24,4251.65,277215.89,684.59,conventional,2016,Hartford Springfield
42,3/19/2017,1.66,253838.30,5615.33,195073.06,691.53,conventional,2017,Hartford Springfield
25,7/10/2016,1.46,292611.92,3434.74,192338.60,700.24,conventional,2016,Hartford Springfield
21,8/9/2015,1.12,354490.75,4619.78,292318.39,706.64,conventional,2015,Hartford Springfield
33,5/15/2016,1.24,416264.79,5224.33,353742.70,778.99,conventional,2016,Hartford Springfield
17,9/4/2016,1.54,279628.17,10730.88,199814.20,842.34,conventional,2016,Hartford Springfield
20,8/16/2015,1.12,351074.46,4402.25,292976.90,886.72,conventional,2015,Hartford Springfield
2,12/18/2016,1.22,304051.46,4769.87,256345.63,995.37,conventional,2016,Hartford Springfield
8,2/4/2018,1.38,427950.71,11605.62,345582.17,1100.67,conventional,2018,Hartford Springfield
22,8/2/2015,1.16,323449.77,4543.97,268797.64,1283.94,conventional,2015,Hartford Springfield
26,7/3/2016,1.47,309896.68,3261.81,212724.95,1330.76,conventional,2016,Hartford Springfield
41,3/26/2017,1.58,270398.76,7860.88,203663.76,1524.94,conventional,2017,Hartford Springfield
23,7/26/2015,1.30,266049.58,3579.93,205203.65,2171.08,conventional,2015,Hartford Springfield
47,2/12/2017,1.14,395980.22,85641.41,249990.68,2290.06,conventional,2017,Hartford Springfield
3,12/11/2016,1.42,245721.90,3321.92,186954.78,2350.45,conventional,2016,Hartford Springfield
0,1/1/2017,1.64,232663.88,2772.36,188107.91,2695.77,conventional,2017,Hartford Springfield
49,1/29/2017,1.46,292710.38,4741.29,220159.57,3935.43,conventional,2017,Hartford Springfield
24,7/19/2015,1.32,258239.10,3759.04,189919.51,5496.69,conventional,2015,Hartford Springfield
29,6/14/2015,1.15,338036.94,4926.58,253423.88,6839.64,conventional,2015,Hartford Springfield
51,1/15/2017,1.43,284386.03,4665.17,223678.05,7893.25,conventional,2017,Hartford Springfield
1,12/25/2016,1.49,238100.22,2977.57,178949.08,7914.45,conventional,2016,Hartford Springfield
27,6/28/2015,1.27,304624.07,4253.95,226699.55,9682.22,conventional,2015,Hartford Springfield
28,6/21/2015,1.25,341628.84,4030.52,258200.71,10100.06,conventional,2015,Hartford Springfield
25,7/12/2015,1.06,389782.20,4947.35,299937.47,11286.35,conventional,2015,Hartford Springfield
26,7/5/2015,1.25,339064.22,4847.80,250696.56,11793.14,conventional,2015,Hartford Springfield
50,1/22/2017,1.47,332672.05,4349.36,247185.31,13325.62,conventional,2017,Hartford Springfield
48,2/5/2017,1.20,486542.38,52460.96,356398.62,23027.59,conventional,2017,Hartford Springfield
