avocado (version 1).csv
0,Date,AveragePrice,Total Volume,4046,4225,4770,type,year,region
13,10/8/2017,1.29,1042700.75,491561.89,146966.38,1449.29,conventional,2017,Houston
20,8/20/2017,1.01,1096227.54,458024.37,216584.11,1575.76,conventional,2017,Houston
15,9/24/2017,1.25,949769.71,470511.08,145808.34,1812.37,conventional,2017,Houston
11,10/22/2017,1.16,1008358.03,492168.22,128029.43,1834.84,conventional,2017,Houston
18,9/3/2017,1.19,852110.88,426423.84,171139.39,1860.58,conventional,2017,Houston
12,10/15/2017,1.26,1029556.13,476686.67,149935.14,1866.10,conventional,2017,Houston
19,8/27/2017,1.16,1109914.22,510226.80,195358.46,1867.94,conventional,2017,Houston
27,6/28/2015,0.74,1135915.03,613485.76,337700.09,1935.65,conventional,2015,Houston
10,10/29/2017,1.12,1126402.78,481864.71,189258.96,2105.74,conventional,2017,Houston
14,10/1/2017,1.29,991939.31,472251.74,141695.25,2169.62,conventional,2017,Houston
28,6/21/2015,0.74,1196121.27,578767.93,449584.59,2227.98,conventional,2015,Houston
16,9/17/2017,1.20,964460.21,460806.95,171011.56,2264.51,conventional,2017,Houston
17,9/10/2017,1.10,1138315.80,606027.02,165584.72,2452.10,conventional,2017,Houston
16,9/11/2016,0.76,1217346.73,729949.45,188318.97,2466.22,conventional,2016,Houston
10,10/23/2016,1.00,777847.84,371566.37,145059.25,2488.59,conventional,2016,Houston
3,12/17/2017,0.98,928716.60,429276.67,184347.17,2606.12,conventional,2017,Houston
23,7/30/2017,1.00,1117345.60,536258.78,203627.59,2676.17,conventional,2017,Houston
52,1/8/2017,0.57,1417208.02,933181.79,198434.84,2690.98,conventional,2017,Houston
6,11/26/2017,0.88,991547.00,501157.00,134619.00,2692.00,conventional,2017,Houston
51,1/15/2017,0.53,1613159.67,1134750.48,184545.50,2711.50,conventional,2017,Houston
7,11/19/2017,0.89,1142126.00,620361.00,134476.00,2776.00,conventional,2017,Houston
2,12/18/2016,0.63,1212933.22,576578.21,258779.48,2885.86,conventional,2016,Houston
14,9/25/2016,0.96,1027782.31,463607.55,266059.25,2894.23,conventional,2016,Houston
8,11/6/2016,1.12,782911.25,430098.78,168814.95,2921.98,conventional,2016,Houston
31,5/31/2015,0.72,1262932.78,757230.93,383626.57,2927.27,conventional,2015,Houston
28,6/25/2017,0.82,1352318.90,569850.04,285476.88,2928.68,conventional,2017,Houston
24,7/23/2017,1.02,1088792.51,510127.52,214165.71,3006.89,conventional,2017,Houston
26,7/9/2017,0.78,1513596.50,565234.20,223073.67,3020.20,conventional,2017,Houston
2,12/24/2017,0.99,1063384.61,486643.36,150511.24,3020.72,conventional,2017,Houston
15,9/18/2016,0.83,1127109.48,702367.94,203949.08,3023.74,conventional,2016,Houston
18,8/28/2016,0.88,1021607.04,610762.01,216733.12,3065.44,conventional,2016,Houston
9,10/30/2016,1.15,709890.11,346283.28,181578.62,3192.69,conventional,2016,Houston
13,10/2/2016,0.98,1023030.28,446276.97,260176.71,3196.13,conventional,2016,Houston
25,7/12/2015,0.79,999607.51,559622.59,307628.06,3226.08,conventional,2015,Houston
33,5/17/2015,0.82,1025659.59,676510.74,263395.46,3241.06,conventional,2015,Houston
34,5/14/2017,0.79,1444023.34,625728.18,231431.19,3248.89,conventional,2017,Houston
1,12/25/2016,0.72,1126850.62,571303.56,238201.66,3257.69,conventional,2016,Houston
11,10/16/2016,0.98,992992.79,492462.88,223737.35,3348.82,conventional,2016,Houston
35,5/7/2017,0.74,1789051.94,732114.63,350523.80,3364.51,conventional,2017,Houston
38,4/16/2017,0.76,1402904.54,820487.46,207708.35,3383.48,conventional,2017,Houston
17,9/4/2016,0.72,1351649.96,782982.90,265697.02,3439.75,conventional,2016,Houston
20,8/16/2015,0.92,968899.09,565965.79,297434.65,3479.25,conventional,2015,Houston
3,12/11/2016,0.73,1015973.91,413907.52,275659.29,3480.07,conventional,2016,Houston
22,8/2/2015,0.90,948126.90,568694.81,281941.22,3494.60,conventional,2015,Houston
5,11/27/2016,0.82,854629.64,525324.65,173401.51,3567.44,conventional,2016,Houston
0,1/7/2018,0.80,1390616.83,658828.73,171364.98,3656.03,conventional,2018,Houston
33,5/21/2017,0.83,1262476.33,579270.57,219956.52,3706.26,conventional,2017,Houston
22,8/6/2017,0.99,1192888.53,552895.89,251754.00,3739.05,conventional,2017,Houston
34,5/10/2015,0.76,1201673.17,654227.60,424395.94,3776.21,conventional,2015,Houston
20,8/14/2016,0.90,1015264.05,590138.40,218435.64,3815.84,conventional,2016,Houston
4,3/4/2018,0.71,1501699.41,701418.48,176206.50,3827.34,conventional,2018,Houston
37,4/19/2015,0.82,933033.17,566197.65,250464.55,3898.56,conventional,2015,Houston
30,6/7/2015,0.72,1172177.72,675888.37,364707.14,3899.67,conventional,2015,Houston
40,4/2/2017,0.70,1543050.06,879079.77,183771.99,3906.52,conventional,2017,Houston
38,4/12/2015,0.79,1096074.97,631292.63,353794.42,3936.53,conventional,2015,Houston
26,7/5/2015,0.79,1173819.67,652959.91,371700.87,3957.20,conventional,2015,Houston
5,2/25/2018,0.67,1657524.28,855570.87,147837.21,3976.08,conventional,2018,Houston
2,3/18/2018,0.79,1243926.96,630826.45,184825.84,4011.21,conventional,2018,Houston
6,2/18/2018,0.68,1572064.61,931553.80,160780.41,4045.42,conventional,2018,Houston
6,11/20/2016,0.99,827345.76,466960.66,202860.35,4070.15,conventional,2016,Houston
51,1/11/2015,0.78,1062071.65,463272.52,441785.80,4094.47,conventional,2015,Houston
44,3/1/2015,0.87,991328.46,481279.09,391780.92,4149.71,conventional,2015,Houston
22,7/31/2016,0.98,941066.42,547468.50,203888.47,4165.35,conventional,2016,Houston
3,3/11/2018,0.83,1324475.69,614152.38,162269.94,4184.08,conventional,2018,Houston
1,3/25/2018,0.56,2120511.03,837700.97,162473.38,4190.48,conventional,2018,Houston
1,12/31/2017,0.78,1391181.63,564063.25,209000.62,4194.25,conventional,2017,Houston
49,1/25/2015,0.77,983910.94,549415.32,309974.97,4231.47,conventional,2015,Houston
24,7/19/2015,0.78,1093424.59,517797.01,424786.53,4233.66,conventional,2015,Houston
19,8/23/2015,0.89,933166.17,509472.17,321616.50,4323.68,conventional,2015,Houston
5,11/29/2015,0.79,783225.98,391616.95,289533.68,4334.89,conventional,2015,Houston
9,11/5/2017,0.95,1363261.11,526090.63,264224.32,4359.04,conventional,2017,Houston
0,1/4/2015,0.71,1062990.62,506426.58,436347.57,4378.92,conventional,2015,Houston
7,2/11/2018,0.58,1870874.72,801390.67,156458.96,4407.32,conventional,2018,Houston
4,12/4/2016,0.71,1130895.62,592360.27,274633.90,4508.75,conventional,2016,Houston
18,8/30/2015,0.88,926124.93,559048.70,260761.33,4514.17,conventional,2015,Houston
35,5/3/2015,0.74,1296308.05,651055.45,502617.22,4521.86,conventional,2015,Houston
25,7/16/2017,1.01,1143310.87,475986.48,251487.71,4545.50,conventional,2017,Houston
7,11/15/2015,0.72,998801.78,530464.33,332541.11,4611.00,conventional,2015,Houston
40,3/29/2015,0.79,1116225.29,502389.02,480447.28,4633.28,conventional,2015,Houston
29,6/14/2015,0.62,1533409.28,924661.29,439063.48,4700.10,conventional,2015,Houston
50,1/22/2017,0.68,1119168.10,798585.87,170357.81,4719.74,conventional,2017,Houston
27,7/2/2017,0.83,1348652.11,559731.32,240188.70,4720.91,conventional,2017,Houston
7,11/13/2016,1.05,828866.80,431731.62,231630.38,4850.40,conventional,2016,Houston
39,4/5/2015,0.83,1249645.20,608887.60,496479.07,4878.20,conventional,2015,Houston
31,6/4/2017,0.83,1377530.34,603106.83,192105.68,4926.04,conventional,2017,Houston
42,3/15/2015,0.77,1043172.77,526390.61,401259.86,5000.20,conventional,2015,Houston
21,8/7/2016,0.92,1040953.31,614770.18,239657.73,5032.97,conventional,2016,Houston
23,7/26/2015,0.79,1086740.19,522819.52,443177.18,5096.53,conventional,2015,Houston
32,5/24/2015,0.83,1089679.39,662438.33,324447.92,5151.72,conventional,2015,Houston
47,2/8/2015,0.70,1180723.02,525259.71,535768.93,5175.33,conventional,2015,Houston
41,3/22/2015,0.80,1036663.77,514614.47,393974.61,5199.15,conventional,2015,Houston
23,7/24/2016,0.96,985027.91,555709.68,218179.57,5208.69,conventional,2016,Houston
21,8/9/2015,0.92,935149.69,474778.09,356592.63,5288.30,conventional,2015,Houston
43,3/8/2015,0.78,1166055.83,507328.95,517669.77,5321.52,conventional,2015,Houston
30,6/11/2017,0.89,1240308.02,627610.50,201534.03,5451.76,conventional,2017,Houston
36,4/26/2015,0.79,1082231.89,689172.94,295785.80,5527.28,conventional,2015,Houston
32,5/28/2017,0.87,1315258.80,627786.36,268181.39,5549.79,conventional,2017,Houston
16,9/13/2015,0.89,1095790.27,421533.83,540499.39,5559.36,conventional,2015,Houston
46,2/15/2015,0.73,1062387.72,571823.28,364817.51,5598.15,conventional,2015,Houston
37,4/23/2017,0.68,1776220.69,665435.93,352920.48,5646.02,conventional,2017,Houston
19,8/21/2016,0.90,1046506.77,583161.00,248160.18,5697.25,conventional,2016,Houston
41,3/26/2017,0.83,1074520.66,663134.30,182628.92,5896.58,conventional,2017,Houston
11,1/14/2018,0.95,1316347.07,548774.22,292561.60,6066.33,conventional,2018,Houston
17,9/6/2015,0.89,1090493.39,460377.08,495487.54,6230.70,conventional,2015,Houston
0,1/1/2017,0.51,1475741.07,985040.19,290583.75,6313.88,conventional,2017,Houston
45,2/22/2015,0.82,978807.74,520034.92,346617.64,6532.39,conventional,2015,Houston
8,11/12/2017,0.88,1256897.00,514065.00,251034.00,6534.00,conventional,2017,Houston
21,8/13/2017,0.99,1332232.95,406049.08,395755.28,6723.26,conventional,2017,Houston
4,12/10/2017,0.79,1266364.71,459265.36,294180.18,6828.23,conventional,2017,Houston
6,11/22/2015,0.73,913002.96,402191.51,391110.76,6924.43,conventional,2015,Houston
15,9/20/2015,0.83,967228.05,417701.88,445473.03,6959.50,conventional,2015,Houston
29,6/18/2017,0.77,1755331.30,583952.66,412002.26,7010.41,conventional,2017,Houston
4,12/6/2015,0.74,989676.85,368528.91,490805.00,7041.19,conventional,2015,Houston
39,4/9/2017,0.81,1244695.02,684059.72,272460.29,7690.78,conventional,2017,Houston
5,12/3/2017,0.77,1398400.00,540763.00,289729.00,7694.00,conventional,2017,Houston
8,2/4/2018,0.56,2381742.59,952746.89,300383.28,7990.32,conventional,2018,Houston
48,2/1/2015,0.72,1280364.01,540024.17,597855.73,8063.40,conventional,2015,Houston
24,7/17/2016,0.92,1006984.22,551921.40,219856.17,8567.51,conventional,2016,Houston
50,1/18/2015,0.77,1017854.16,458532.19,429687.47,9353.74,conventional,2015,Houston
12,10/9/2016,0.98,1075303.77,483285.47,344448.92,9670.82,conventional,2016,Houston
36,4/30/2017,0.72,1832450.40,576270.01,451254.61,10440.51,conventional,2017,Houston
10,1/21/2018,0.78,1584416.56,651432.75,153445.45,10598.32,conventional,2018,Houston
14,9/27/2015,0.86,968988.09,383218.43,458982.90,16780.90,conventional,2015,Houston
9,1/28/2018,0.71,1647858.32,832418.81,103716.17,17666.27,conventional,2018,Houston
8,11/8/2015,0.75,983909.85,427828.16,411365.91,20404.29,conventional,2015,Houston
42,3/19/2017,0.85,1016536.61,653306.71,183349.68,21365.41,conventional,2017,Houston
43,3/12/2017,0.90,903586.21,619358.06,151499.32,29781.99,conventional,2017,Houston
44,3/5/2017,0.74,1110895.97,697103.02,161909.48,40611.87,conventional,2017,Houston
25,7/10/2016,0.89,1101543.61,607069.90,208421.56,41628.96,conventional,2016,Houston
45,2/26/2017,0.53,1547337.25,1067091.80,116819.32,42393.74,conventional,2017,Houston
13,10/4/2015,0.82,1019283.99,411727.49,435388.05,43558.15,conventional,2015,Houston
49,1/29/2017,0.70,1258481.11,789020.20,215934.35,58981.08,conventional,2017,Houston
46,2/19/2017,0.67,1190708.83,565042.04,142847.65,63757.91,conventional,2017,Houston
47,2/12/2017,0.58,1420811.06,781130.12,148459.74,71472.30,conventional,2017,Houston
28,6/19/2016,0.89,1153583.30,627217.28,228843.15,74763.08,conventional,2016,Houston
49,1/24/2016,0.91,867294.64,259465.21,363892.04,79193.39,conventional,2016,Houston
11,10/18/2015,0.90,847813.12,436132.20,242842.91,80895.03,conventional,2015,Houston
10,10/25/2015,0.88,933623.58,437329.85,313129.29,81274.85,conventional,2015,Houston
3,12/13/2015,0.73,998752.95,412187.80,386865.21,81450.04,conventional,2015,Houston
51,1/10/2016,0.84,1095287.56,434471.89,437751.47,85368.80,conventional,2016,Houston
44,2/28/2016,0.76,1048304.10,674833.15,180298.41,85511.83,conventional,2016,Houston
43,3/6/2016,0.76,1091432.18,698789.73,182050.77,86477.82,conventional,2016,Houston
35,5/1/2016,0.68,1308614.45,601670.10,368703.63,89821.94,conventional,2016,Houston
45,2/21/2016,0.80,966990.90,566062.35,200934.84,90645.64,conventional,2016,Houston
33,5/15/2016,0.69,1343566.69,614769.67,335853.13,95672.31,conventional,2016,Houston
29,6/12/2016,0.83,1209996.42,589477.04,236621.03,110054.59,conventional,2016,Houston
30,6/5/2016,0.85,1182841.54,555561.07,242491.36,110457.58,conventional,2016,Houston
9,11/1/2015,0.77,1007805.74,395945.00,365506.02,111263.81,conventional,2015,Houston
0,1/3/2016,0.78,1061566.78,356962.48,454200.44,113069.09,conventional,2016,Houston
27,6/26/2016,0.88,1186692.39,586635.99,216133.71,113474.29,conventional,2016,Houston
31,5/29/2016,0.82,1128598.95,554092.01,247279.64,116263.41,conventional,2016,Houston
50,1/17/2016,0.83,1071138.98,447913.43,369479.18,116440.70,conventional,2016,Houston
41,3/20/2016,0.76,1162026.04,538380.61,327365.45,121838.72,conventional,2016,Houston
1,12/27/2015,0.78,944506.54,389773.22,288003.62,126150.81,conventional,2015,Houston
12,10/11/2015,0.79,1036269.51,410949.18,385629.69,126765.96,conventional,2015,Houston
2,12/20/2015,0.75,922355.67,382444.22,278067.11,127372.19,conventional,2015,Houston
26,7/3/2016,0.92,1189787.36,545799.65,245931.82,139911.14,conventional,2016,Houston
48,2/5/2017,0.55,1977923.65,1026765.08,406006.03,140962.93,conventional,2017,Houston
38,4/10/2016,0.70,1271741.46,757578.32,188936.32,151966.39,conventional,2016,Houston
37,4/17/2016,0.69,1310677.68,782313.51,191432.45,153134.81,conventional,2016,Houston
48,1/31/2016,0.74,1131583.12,484446.28,348542.55,161506.54,conventional,2016,Houston
36,4/24/2016,0.67,1393042.56,656322.91,324423.04,163347.75,conventional,2016,Houston
32,5/22/2016,0.68,1378761.67,569011.09,339100.41,169713.69,conventional,2016,Houston
40,3/27/2016,0.75,1345865.16,553962.21,406713.30,177919.58,conventional,2016,Houston
39,4/3/2016,0.72,1256919.10,684633.13,264272.37,181951.34,conventional,2016,Houston
42,3/13/2016,0.76,1136963.49,585649.37,247461.63,185545.01,conventional,2016,Houston
34,5/8/2016,0.65,1406283.85,670565.88,293098.85,185667.35,conventional,2016,Houston
47,2/7/2016,0.69,1323490.25,528669.72,424427.32,203797.87,conventional,2016,Houston
46,2/14/2016,0.67,1191352.20,518192.10,334137.36,210029.30,conventional,2016,Houston
