avocado (version 1).csv
0,Date,AveragePrice,Total Volume,4046,4225,4770,type,year,region
11,10/22/2017,1.67,125746.37,8944.76,57230.12,603.48,conventional,2017,Indianapolis
13,10/8/2017,1.97,105043.74,10071.88,37063.61,607.85,conventional,2017,Indianapolis
6,11/26/2017,1.40,115688.00,7132.00,51923.00,608.00,conventional,2017,Indianapolis
7,11/19/2017,1.08,178437.00,7408.00,76810.00,613.00,conventional,2017,Indianapolis
12,10/15/2017,1.76,120662.74,9351.20,52216.91,631.41,conventional,2017,Indianapolis
49,1/25/2015,1.06,149473.79,3642.56,108152.40,724.50,conventional,2015,Indianapolis
9,11/5/2017,1.26,194103.11,8575.56,86633.97,752.93,conventional,2017,Indianapolis
17,9/10/2017,1.86,139315.43,8832.22,60421.90,787.37,conventional,2017,Indianapolis
16,9/17/2017,1.86,126434.16,7889.87,55951.98,800.26,conventional,2017,Indianapolis
21,8/13/2017,1.49,154354.18,7053.96,68255.91,800.61,conventional,2017,Indianapolis
23,7/30/2017,1.41,159525.40,7452.61,74597.93,807.32,conventional,2017,Indianapolis
24,7/23/2017,1.36,155196.74,7482.96,70451.99,843.55,conventional,2017,Indianapolis
15,9/24/2017,1.74,135854.22,7948.80,63487.06,867.35,conventional,2017,Indianapolis
10,10/29/2017,1.63,152558.08,8565.38,65715.28,870.81,conventional,2017,Indianapolis
18,9/3/2017,1.70,145552.03,7686.15,61680.49,879.27,conventional,2017,Indianapolis
14,10/1/2017,1.84,128999.95,9051.01,53986.11,972.08,conventional,2017,Indianapolis
28,6/25/2017,1.04,197095.32,7378.96,72671.18,1002.29,conventional,2017,Indianapolis
8,11/12/2017,1.03,202129.00,11814.00,89236.00,1037.00,conventional,2017,Indianapolis
19,8/27/2017,1.29,179853.82,8671.85,83185.36,1093.00,conventional,2017,Indianapolis
30,6/11/2017,0.98,224873.96,11584.14,72043.56,1097.13,conventional,2017,Indianapolis
39,4/9/2017,1.30,160389.47,11776.20,69900.70,1133.76,conventional,2017,Indianapolis
20,8/20/2017,1.39,174633.06,7182.87,83860.57,1162.61,conventional,2017,Indianapolis
0,1/4/2015,1.02,160130.15,4007.41,118435.79,1201.50,conventional,2015,Indianapolis
33,5/21/2017,1.09,185608.56,13080.23,71966.19,1202.57,conventional,2017,Indianapolis
5,11/27/2016,1.34,103728.70,8422.19,43655.05,1231.47,conventional,2016,Indianapolis
37,4/23/2017,1.06,211977.98,11831.88,72470.48,1240.51,conventional,2017,Indianapolis
22,8/6/2017,1.35,170536.59,7818.03,78546.10,1301.64,conventional,2017,Indianapolis
41,3/26/2017,1.27,181489.14,12342.94,68119.93,1326.07,conventional,2017,Indianapolis
46,2/19/2017,0.94,179250.21,12336.44,74485.41,1362.80,conventional,2017,Indianapolis
25,7/16/2017,1.35,166601.37,9861.88,82250.49,1367.59,conventional,2017,Indianapolis
34,5/14/2017,0.85,268519.12,17926.54,93535.99,1422.94,conventional,2017,Indianapolis
40,4/2/2017,1.26,166588.45,11375.50,61512.67,1452.17,conventional,2017,Indianapolis
42,3/19/2017,1.25,168330.50,12798.54,60511.72,1516.39,conventional,2017,Indianapolis
6,11/20/2016,1.29,124674.05,9062.48,52842.30,1517.40,conventional,2016,Indianapolis
43,3/12/2017,1.35,149318.47,10979.78,65279.45,1539.77,conventional,2017,Indianapolis
32,5/28/2017,1.19,188284.12,11651.62,77776.16,1540.83,conventional,2017,Indianapolis
36,4/30/2017,1.18,212879.47,14827.79,86660.77,1564.77,conventional,2017,Indianapolis
8,11/6/2016,1.37,126205.09,9100.10,55557.73,1578.23,conventional,2016,Indianapolis
27,7/2/2017,1.09,194572.17,8629.27,78472.44,1678.38,conventional,2017,Indianapolis
9,10/30/2016,1.20,139574.84,9278.40,61450.22,1682.81,conventional,2016,Indianapolis
7,11/13/2016,1.29,127579.36,8852.56,56481.59,1724.70,conventional,2016,Indianapolis
4,12/10/2017,1.26,167890.91,9368.90,83042.64,1754.24,conventional,2017,Indianapolis
44,3/5/2017,1.35,150301.80,12865.79,66251.59,1756.45,conventional,2017,Indianapolis
31,6/4/2017,1.07,218092.41,11334.96,79916.60,1766.11,conventional,2017,Indianapolis
51,1/11/2015,1.25,138617.04,3024.88,100509.97,1771.71,conventional,2015,Indianapolis
38,4/16/2017,1.14,205429.57,13018.13,79071.99,1773.31,conventional,2017,Indianapolis
26,7/9/2017,1.08,209047.97,8754.14,85278.67,1835.09,conventional,2017,Indianapolis
45,2/26/2017,1.02,188900.46,12096.22,83033.68,1923.56,conventional,2017,Indianapolis
29,6/18/2017,1.03,223221.90,11623.93,96522.44,1944.09,conventional,2017,Indianapolis
11,10/16/2016,1.27,138921.48,10968.01,60049.75,1952.54,conventional,2016,Indianapolis
1,12/25/2016,1.13,135848.61,9560.82,59100.87,1962.89,conventional,2016,Indianapolis
2,12/18/2016,1.19,122035.89,9114.00,56820.04,1973.93,conventional,2016,Indianapolis
51,1/15/2017,0.96,210793.64,15258.94,102478.51,2034.41,conventional,2017,Indianapolis
50,1/18/2015,1.14,149319.82,2910.77,103890.90,2048.78,conventional,2015,Indianapolis
13,10/2/2016,1.31,146709.18,14488.94,66598.01,2091.96,conventional,2016,Indianapolis
12,10/9/2016,1.20,143911.76,11357.01,61269.72,2173.86,conventional,2016,Indianapolis
10,10/23/2016,1.31,142946.23,7986.60,65584.52,2219.92,conventional,2016,Indianapolis
5,12/3/2017,1.25,182891.00,8806.00,103238.00,2338.00,conventional,2017,Indianapolis
35,5/7/2017,0.93,290014.77,22284.54,116928.39,2348.18,conventional,2017,Indianapolis
38,4/12/2015,1.15,146422.18,13496.90,86722.03,2457.50,conventional,2015,Indianapolis
14,9/25/2016,1.39,150804.60,16855.29,68404.44,2557.07,conventional,2016,Indianapolis
15,9/18/2016,1.26,153211.68,16666.21,67688.59,2707.32,conventional,2016,Indianapolis
49,1/29/2017,0.87,224036.18,12914.29,93252.53,2759.02,conventional,2017,Indianapolis
3,12/11/2016,1.17,133480.18,10029.30,61398.63,2771.39,conventional,2016,Indianapolis
47,2/12/2017,0.77,237575.64,17435.10,116691.02,2796.88,conventional,2017,Indianapolis
18,8/28/2016,1.27,167401.86,13732.36,78138.81,2802.01,conventional,2016,Indianapolis
39,4/5/2015,1.17,151260.15,12623.45,95213.63,2843.96,conventional,2015,Indianapolis
52,1/8/2017,0.86,222849.42,17783.95,112339.02,3127.01,conventional,2017,Indianapolis
16,9/11/2016,1.29,157333.39,17414.42,70736.72,3134.92,conventional,2016,Indianapolis
17,9/4/2016,1.31,160672.02,17530.05,75640.39,3252.69,conventional,2016,Indianapolis
19,8/21/2016,1.30,160968.73,15022.11,73966.50,3405.65,conventional,2016,Indianapolis
50,1/22/2017,0.93,204570.78,13553.31,92880.57,3909.40,conventional,2017,Indianapolis
6,2/18/2018,0.91,186523.76,48716.42,27782.65,4155.93,conventional,2018,Indianapolis
20,8/14/2016,1.27,169421.10,15863.47,79507.42,4255.36,conventional,2016,Indianapolis
46,2/15/2015,1.30,121767.82,5833.67,75495.03,4664.15,conventional,2015,Indianapolis
0,1/1/2017,0.91,186464.64,16193.14,97953.50,5029.22,conventional,2017,Indianapolis
4,12/4/2016,1.18,144732.39,9441.16,70441.52,5143.87,conventional,2016,Indianapolis
45,2/22/2015,1.34,127501.04,4269.36,80442.92,5161.84,conventional,2015,Indianapolis
7,2/11/2018,0.81,258008.01,86439.93,52397.39,5258.07,conventional,2018,Indianapolis
34,5/10/2015,1.06,195532.38,16899.58,127193.06,5271.20,conventional,2015,Indianapolis
48,2/5/2017,0.84,276051.64,19443.88,146037.65,5353.25,conventional,2017,Indianapolis
42,3/15/2015,1.21,140487.57,4942.49,88080.11,5551.28,conventional,2015,Indianapolis
4,3/4/2018,1.09,207466.39,52161.49,35083.44,5581.83,conventional,2018,Indianapolis
21,8/7/2016,1.33,163338.94,20926.28,77899.46,5741.75,conventional,2016,Indianapolis
3,3/11/2018,1.00,227995.61,56419.41,46098.37,6226.22,conventional,2018,Indianapolis
22,7/31/2016,1.27,159573.77,16079.16,80211.44,6277.21,conventional,2016,Indianapolis
5,2/25/2018,1.06,196615.34,37683.05,50954.95,6621.44,conventional,2018,Indianapolis
31,5/31/2015,1.37,142817.83,13199.86,80053.62,6630.76,conventional,2015,Indianapolis
1,3/25/2018,1.05,228837.36,53795.52,53103.06,7008.97,conventional,2018,Indianapolis
25,7/12/2015,1.05,161431.59,4181.35,101947.17,7053.06,conventional,2015,Indianapolis
35,5/3/2015,1.13,178889.83,18025.82,113204.30,7488.56,conventional,2015,Indianapolis
23,7/26/2015,1.22,144476.44,3840.10,84797.31,7897.34,conventional,2015,Indianapolis
40,3/29/2015,1.09,161288.59,5382.76,97691.27,8095.81,conventional,2015,Indianapolis
47,2/8/2015,0.98,158792.02,7650.86,109166.71,8455.43,conventional,2015,Indianapolis
2,3/18/2018,1.01,209169.31,51782.00,34392.89,8471.15,conventional,2018,Indianapolis
9,1/28/2018,0.92,265600.20,64276.57,83870.54,8592.12,conventional,2018,Indianapolis
45,2/21/2016,1.03,153498.43,10806.76,91309.12,8892.49,conventional,2016,Indianapolis
26,7/3/2016,1.10,205562.64,15757.59,97347.96,9152.69,conventional,2016,Indianapolis
3,12/17/2017,1.26,143975.58,18371.92,58045.77,9259.69,conventional,2017,Indianapolis
27,6/28/2015,0.95,198267.13,5514.89,121148.60,9267.12,conventional,2015,Indianapolis
2,12/20/2015,1.10,116353.68,3702.20,67983.94,9327.71,conventional,2015,Indianapolis
24,7/17/2016,1.08,195710.39,15914.63,93315.97,9427.32,conventional,2016,Indianapolis
25,7/10/2016,1.12,191786.29,15126.45,96588.25,9530.83,conventional,2016,Indianapolis
6,11/22/2015,1.11,115384.56,3979.57,68939.61,9639.94,conventional,2015,Indianapolis
23,7/24/2016,1.20,178389.87,14627.32,82110.02,9886.51,conventional,2016,Indianapolis
37,4/19/2015,1.08,179103.30,12091.85,106308.89,10136.69,conventional,2015,Indianapolis
19,8/23/2015,1.22,131935.23,4293.59,77251.43,10288.24,conventional,2015,Indianapolis
30,6/7/2015,1.28,155730.59,16121.10,80781.48,10648.98,conventional,2015,Indianapolis
43,3/8/2015,1.07,160438.38,6082.65,97697.59,10846.32,conventional,2015,Indianapolis
5,11/29/2015,1.08,108444.41,3079.44,65254.08,10854.59,conventional,2015,Indianapolis
38,4/10/2016,1.07,168009.21,15421.40,84833.75,11125.19,conventional,2016,Indianapolis
1,12/27/2015,1.04,123096.09,4647.28,69384.73,11206.40,conventional,2015,Indianapolis
3,12/13/2015,1.03,125342.89,4904.51,69984.32,11398.44,conventional,2015,Indianapolis
10,1/21/2018,1.03,233732.16,62385.12,66055.88,11433.91,conventional,2018,Indianapolis
8,2/4/2018,0.79,335442.41,90305.67,110035.27,12010.66,conventional,2018,Indianapolis
35,5/1/2016,0.92,207488.02,16727.66,106590.22,12071.46,conventional,2016,Indianapolis
2,12/24/2017,1.30,148389.14,22248.67,58457.91,12103.69,conventional,2017,Indianapolis
11,10/18/2015,0.97,159463.52,4397.88,102117.87,12142.13,conventional,2015,Indianapolis
21,8/9/2015,1.20,148384.89,3553.34,91631.60,12389.35,conventional,2015,Indianapolis
50,1/17/2016,0.97,171404.92,5231.37,105606.63,12443.20,conventional,2016,Indianapolis
31,5/29/2016,1.01,210386.61,13152.88,109784.28,12495.73,conventional,2016,Indianapolis
7,11/15/2015,1.08,124218.61,3478.99,71346.37,12795.08,conventional,2015,Indianapolis
26,7/5/2015,1.05,190716.43,4890.33,119457.27,13495.86,conventional,2015,Indianapolis
13,10/4/2015,0.98,139679.01,3645.90,87385.31,13528.83,conventional,2015,Indianapolis
4,12/6/2015,0.92,145740.44,4067.00,89452.99,13570.12,conventional,2015,Indianapolis
29,6/14/2015,1.15,173545.33,10382.27,97079.96,13744.21,conventional,2015,Indianapolis
1,12/31/2017,0.96,205202.95,67904.72,57394.76,13768.33,conventional,2017,Indianapolis
22,8/2/2015,1.21,151883.21,3914.24,94006.28,13847.90,conventional,2015,Indianapolis
12,10/11/2015,1.10,128848.68,4270.64,75604.83,13860.26,conventional,2015,Indianapolis
11,1/14/2018,1.20,188231.39,42103.61,39886.19,14213.38,conventional,2018,Indianapolis
44,3/1/2015,1.13,169556.49,4876.24,110740.95,14372.16,conventional,2015,Indianapolis
39,4/3/2016,0.99,154098.59,13073.15,73683.93,14509.10,conventional,2016,Indianapolis
28,6/21/2015,1.03,205199.16,7214.14,124628.24,14564.30,conventional,2015,Indianapolis
48,2/1/2015,0.92,245352.56,7245.61,181784.28,14761.53,conventional,2015,Indianapolis
32,5/24/2015,1.29,168797.97,19662.17,92856.90,14814.07,conventional,2015,Indianapolis
27,6/26/2016,1.15,183555.06,14452.83,90386.24,15029.71,conventional,2016,Indianapolis
24,7/19/2015,1.07,168164.47,4866.47,101983.73,15100.98,conventional,2015,Indianapolis
0,1/7/2018,0.95,241296.05,77536.48,52880.27,15323.48,conventional,2018,Indianapolis
18,8/30/2015,1.17,147066.48,3709.10,86767.95,15531.08,conventional,2015,Indianapolis
41,3/22/2015,1.11,160557.81,3961.00,102319.13,15542.64,conventional,2015,Indianapolis
46,2/14/2016,0.83,219871.64,13525.56,133956.97,15621.58,conventional,2016,Indianapolis
33,5/17/2015,1.26,164076.81,18666.08,89510.92,16162.78,conventional,2015,Indianapolis
14,9/27/2015,1.04,139490.52,2961.25,85578.17,16176.43,conventional,2015,Indianapolis
10,10/25/2015,1.02,151558.74,4333.17,89943.26,16586.30,conventional,2015,Indianapolis
36,4/26/2015,1.24,158499.41,12319.28,88398.02,16641.02,conventional,2015,Indianapolis
17,9/6/2015,1.11,156608.28,3361.77,92568.64,16662.01,conventional,2015,Indianapolis
44,2/28/2016,0.99,188077.25,11031.35,107091.35,16742.17,conventional,2016,Indianapolis
41,3/20/2016,1.12,168886.56,12095.89,91015.53,16824.67,conventional,2016,Indianapolis
9,11/1/2015,1.01,147459.62,5224.61,84968.04,16933.14,conventional,2015,Indianapolis
42,3/13/2016,1.03,179067.02,11923.34,97729.32,17713.83,conventional,2016,Indianapolis
32,5/22/2016,0.87,214847.19,10857.82,105336.69,17819.68,conventional,2016,Indianapolis
16,9/13/2015,0.87,201620.58,3668.07,130327.72,17967.91,conventional,2015,Indianapolis
51,1/10/2016,1.00,173238.20,4590.25,101117.07,18454.86,conventional,2016,Indianapolis
34,5/8/2016,0.93,228601.39,17356.36,106300.33,18838.87,conventional,2016,Indianapolis
28,6/19/2016,1.13,193533.04,17469.30,91178.24,19044.12,conventional,2016,Indianapolis
29,6/12/2016,1.12,186723.32,19442.51,89225.97,19115.07,conventional,2016,Indianapolis
20,8/16/2015,1.14,160059.77,5270.74,90141.76,20017.79,conventional,2015,Indianapolis
8,11/8/2015,0.96,147799.55,4337.57,84844.19,20220.42,conventional,2015,Indianapolis
30,6/5/2016,1.05,208086.58,16444.14,100386.68,21893.15,conventional,2016,Indianapolis
36,4/24/2016,0.95,217736.25,12802.85,116190.57,22243.74,conventional,2016,Indianapolis
48,1/31/2016,0.98,175610.18,8329.28,102864.26,22380.58,conventional,2016,Indianapolis
49,1/24/2016,0.93,168035.39,1803.73,93613.73,23023.47,conventional,2016,Indianapolis
40,3/27/2016,0.99,195373.94,10457.51,103261.69,23242.76,conventional,2016,Indianapolis
33,5/15/2016,0.88,212806.58,11249.01,98565.23,23505.68,conventional,2016,Indianapolis
15,9/20/2015,0.91,185962.59,3942.44,116683.58,24166.47,conventional,2015,Indianapolis
37,4/17/2016,0.97,218237.53,15361.33,113832.99,24253.28,conventional,2016,Indianapolis
43,3/6/2016,0.96,208283.71,11773.30,116609.91,24630.69,conventional,2016,Indianapolis
0,1/3/2016,0.95,184669.77,5974.10,109973.31,25839.40,conventional,2016,Indianapolis
47,2/7/2016,0.88,240237.26,13926.79,145591.86,27708.02,conventional,2016,Indianapolis
