avocado (version 1).csv
0,Date,AveragePrice,Total Volume,4046,4225,4770,type,year,region
49,1/25/2015,1.88,1140.32,853.38,22.43,1.18,organic,2015,Jacksonville
50,1/18/2015,1.82,1403.10,846.65,55.27,1.18,organic,2015,Jacksonville
12,10/9/2016,1.98,2187.60,1278.95,60.28,1.18,organic,2016,Jacksonville
10,10/23/2016,1.40,2998.64,352.97,95.30,1.18,organic,2016,Jacksonville
22,8/6/2017,2.09,1552.26,83.93,489.38,1.18,organic,2017,Jacksonville
25,7/16/2017,2.11,1646.15,73.93,553.26,1.19,organic,2017,Jacksonville
6,11/26/2017,1.87,2926.90,64.58,550.77,1.22,organic,2017,Jacksonville
46,2/19/2017,1.74,3179.09,857.14,147.79,1.27,organic,2017,Jacksonville
44,3/5/2017,1.67,2930.17,854.82,95.83,1.28,organic,2017,Jacksonville
2,12/18/2016,1.27,2966.96,257.99,57.07,2.38,organic,2016,Jacksonville
0,1/1/2017,1.24,3707.67,245.43,38.31,2.39,organic,2017,Jacksonville
20,8/20/2017,2.48,2855.78,302.40,1483.20,2.40,organic,2017,Jacksonville
9,11/5/2017,2.04,4224.30,115.85,890.62,2.41,organic,2017,Jacksonville
8,11/12/2017,1.89,2438.21,66.60,547.37,2.42,organic,2017,Jacksonville
29,6/18/2017,2.23,4177.79,551.12,2353.13,2.42,organic,2017,Jacksonville
5,12/3/2017,1.80,2407.14,85.70,576.66,2.45,organic,2017,Jacksonville
4,12/10/2017,1.59,2646.13,56.22,439.38,2.48,organic,2017,Jacksonville
30,6/5/2016,1.64,3604.28,1979.42,135.70,2.49,organic,2016,Jacksonville
35,5/7/2017,1.75,3987.53,1182.72,158.85,2.50,organic,2017,Jacksonville
3,12/17/2017,1.61,2498.65,48.70,519.43,2.50,organic,2017,Jacksonville
6,2/18/2018,1.89,5389.68,149.89,1094.56,2.62,organic,2018,Jacksonville
9,10/30/2016,1.41,4355.53,450.59,133.77,3.52,organic,2016,Jacksonville
16,9/11/2016,1.87,2614.82,1225.28,71.87,3.53,organic,2016,Jacksonville
15,9/18/2016,1.36,5115.54,690.53,77.79,3.54,organic,2016,Jacksonville
26,7/9/2017,2.06,2988.47,166.12,1342.09,3.59,organic,2017,Jacksonville
27,7/2/2017,2.25,4778.95,435.04,2975.76,3.60,organic,2017,Jacksonville
21,8/13/2017,2.00,1764.35,87.99,447.20,3.62,organic,2017,Jacksonville
7,11/19/2017,1.94,3405.61,82.69,757.57,3.65,organic,2017,Jacksonville
30,6/11/2017,2.12,2568.09,984.87,251.09,3.66,organic,2017,Jacksonville
2,12/24/2017,1.87,3639.23,80.45,643.63,3.77,organic,2017,Jacksonville
3,3/11/2018,1.53,3375.33,92.46,616.99,3.93,organic,2018,Jacksonville
2,3/18/2018,1.60,4077.51,87.69,667.47,3.93,organic,2018,Jacksonville
1,3/25/2018,1.75,5518.73,171.22,806.65,3.93,organic,2018,Jacksonville
8,11/6/2016,1.43,3789.61,312.69,69.36,4.70,organic,2016,Jacksonville
3,12/11/2016,1.34,4102.26,346.19,35.57,4.74,organic,2016,Jacksonville
45,2/22/2015,1.77,1863.24,955.93,49.18,4.80,organic,2015,Jacksonville
18,9/3/2017,2.42,3200.72,195.87,675.34,4.81,organic,2017,Jacksonville
10,10/29/2017,2.16,2726.34,102.22,748.02,4.81,organic,2017,Jacksonville
12,10/15/2017,2.55,1421.74,60.21,546.72,4.82,organic,2017,Jacksonville
34,5/8/2016,1.70,3174.26,1850.51,155.45,4.97,organic,2016,Jacksonville
1,12/31/2017,1.65,2023.95,44.23,496.69,5.06,organic,2017,Jacksonville
42,3/19/2017,1.58,3608.19,581.24,106.60,5.08,organic,2017,Jacksonville
43,3/12/2017,1.70,3349.83,635.64,115.92,5.10,organic,2017,Jacksonville
11,1/14/2018,1.57,2808.84,44.77,587.12,5.12,organic,2018,Jacksonville
13,10/4/2015,2.14,1808.46,1102.26,50.47,5.73,organic,2015,Jacksonville
51,1/11/2015,1.91,1248.89,978.49,24.55,5.85,organic,2015,Jacksonville
18,8/28/2016,1.73,2400.50,750.69,90.60,5.88,organic,2016,Jacksonville
6,11/20/2016,1.49,4653.39,400.69,88.39,5.89,organic,2016,Jacksonville
11,10/16/2016,1.36,3022.99,435.32,83.76,5.90,organic,2016,Jacksonville
48,2/1/2015,1.76,1591.75,805.42,60.41,5.92,organic,2015,Jacksonville
45,2/21/2016,1.76,2679.98,1793.68,76.87,6.10,organic,2016,Jacksonville
32,5/28/2017,2.09,5786.49,1322.11,165.26,6.12,organic,2017,Jacksonville
37,4/23/2017,1.72,4125.63,2785.00,291.37,6.31,organic,2017,Jacksonville
48,2/5/2017,1.72,3417.56,913.99,112.02,6.36,organic,2017,Jacksonville
10,1/21/2018,1.77,3510.16,67.15,597.85,6.46,organic,2018,Jacksonville
9,1/28/2018,2.01,5704.39,160.85,1076.66,6.49,organic,2018,Jacksonville
7,2/11/2018,1.83,5216.61,165.47,836.48,6.51,organic,2018,Jacksonville
16,9/13/2015,2.18,1722.33,1104.58,60.86,6.89,organic,2015,Jacksonville
0,1/4/2015,1.81,1381.31,803.33,47.67,6.98,organic,2015,Jacksonville
11,10/22/2017,2.02,2596.43,67.32,531.36,7.21,organic,2017,Jacksonville
31,6/4/2017,2.20,4409.48,1263.85,126.02,7.27,organic,2017,Jacksonville
41,3/20/2016,1.58,3783.94,2000.10,119.76,7.41,organic,2016,Jacksonville
37,4/17/2016,1.73,3452.46,2174.85,170.16,7.45,organic,2016,Jacksonville
40,4/2/2017,1.43,6642.01,780.86,168.87,7.62,organic,2017,Jacksonville
15,9/20/2015,2.11,1557.89,940.33,19.52,8.04,organic,2015,Jacksonville
17,9/6/2015,2.07,2016.06,1096.25,55.10,8.04,organic,2015,Jacksonville
13,10/2/2016,2.24,1990.61,1454.60,92.32,8.28,organic,2016,Jacksonville
25,7/10/2016,1.68,3843.30,1452.19,79.88,8.35,organic,2016,Jacksonville
26,7/3/2016,1.26,6402.23,1794.82,126.06,8.40,organic,2016,Jacksonville
13,10/8/2017,2.31,1841.09,54.21,463.78,8.43,organic,2017,Jacksonville
33,5/21/2017,2.07,5056.03,1260.80,146.98,8.72,organic,2017,Jacksonville
34,5/14/2017,2.22,4709.07,3021.33,242.81,8.76,organic,2017,Jacksonville
10,10/25/2015,1.89,2089.47,1616.67,27.10,9.03,organic,2015,Jacksonville
26,7/5/2015,1.87,1787.44,1263.07,65.22,9.15,organic,2015,Jacksonville
20,8/16/2015,1.69,3621.53,1275.73,49.21,9.16,organic,2015,Jacksonville
8,11/8/2015,1.83,1746.27,1112.72,34.38,9.17,organic,2015,Jacksonville
19,8/21/2016,2.00,3378.48,1860.99,108.09,9.40,organic,2016,Jacksonville
49,1/24/2016,1.66,2934.24,1638.49,59.38,9.70,organic,2016,Jacksonville
42,3/13/2016,1.70,3152.41,2038.98,126.90,9.86,organic,2016,Jacksonville
29,6/12/2016,1.73,3772.07,2461.73,117.05,9.96,organic,2016,Jacksonville
31,5/29/2016,1.63,4110.96,2183.27,164.40,9.96,organic,2016,Jacksonville
41,3/26/2017,1.47,4455.27,682.39,192.24,10.18,organic,2017,Jacksonville
28,6/21/2015,1.92,1989.25,1551.97,114.32,10.39,organic,2015,Jacksonville
3,12/13/2015,1.90,1478.70,1132.66,42.17,10.54,organic,2015,Jacksonville
4,12/4/2016,1.35,3690.99,286.08,33.10,10.64,organic,2016,Jacksonville
50,1/17/2016,1.80,2613.23,1828.50,113.83,10.90,organic,2016,Jacksonville
48,1/31/2016,1.74,2697.30,1724.80,84.91,10.92,organic,2016,Jacksonville
38,4/16/2017,2.07,3193.74,736.16,214.13,11.40,organic,2017,Jacksonville
5,11/29/2015,1.87,1303.04,925.68,32.44,11.59,organic,2015,Jacksonville
7,11/13/2016,1.47,4890.43,446.05,65.91,11.77,organic,2016,Jacksonville
1,12/25/2016,1.27,3439.46,259.84,79.86,11.92,organic,2016,Jacksonville
14,10/1/2017,2.99,2819.87,174.13,703.73,12.01,organic,2017,Jacksonville
47,2/7/2016,1.70,2292.78,1370.93,59.67,12.18,organic,2016,Jacksonville
39,4/3/2016,1.66,3632.75,2203.04,123.98,12.40,organic,2016,Jacksonville
9,11/1/2015,1.82,2109.04,1331.43,21.71,12.57,organic,2015,Jacksonville
39,4/9/2017,2.07,2942.87,1083.93,337.22,12.68,organic,2017,Jacksonville
30,6/7/2015,1.64,4115.46,3240.32,118.98,12.83,organic,2015,Jacksonville
37,4/19/2015,1.82,2076.77,1375.82,35.37,13.42,organic,2015,Jacksonville
46,2/14/2016,1.73,2550.87,1696.11,51.32,13.44,organic,2016,Jacksonville
35,5/1/2016,1.65,3584.65,2476.80,224.15,13.70,organic,2016,Jacksonville
32,5/22/2016,1.66,3862.88,2130.30,142.19,13.72,organic,2016,Jacksonville
32,5/24/2015,1.83,2450.71,1521.36,68.51,14.17,organic,2015,Jacksonville
47,2/8/2015,1.71,2242.67,892.03,63.04,14.27,organic,2015,Jacksonville
51,1/15/2017,1.25,4618.57,338.85,97.16,14.57,organic,2017,Jacksonville
11,10/18/2015,2.26,2167.37,1601.22,44.61,14.87,organic,2015,Jacksonville
38,4/10/2016,1.62,3379.11,1917.91,102.98,14.89,organic,2016,Jacksonville
36,4/24/2016,1.64,3650.65,1906.63,95.77,14.92,organic,2016,Jacksonville
2,12/20/2015,1.83,1742.99,1078.97,55.37,15.32,organic,2015,Jacksonville
49,1/29/2017,1.39,3608.79,238.27,58.03,16.05,organic,2017,Jacksonville
27,6/28/2015,1.95,1774.27,1515.50,85.02,16.09,organic,2015,Jacksonville
7,11/15/2015,1.88,1954.57,1446.83,48.30,16.10,organic,2015,Jacksonville
29,6/14/2015,1.88,2208.88,1621.33,60.35,16.25,organic,2015,Jacksonville
0,1/3/2016,1.51,5893.02,4852.89,163.43,16.70,organic,2016,Jacksonville
46,2/15/2015,1.82,1758.64,1079.86,45.39,16.72,organic,2015,Jacksonville
40,3/29/2015,1.76,2214.84,1346.48,65.78,17.06,organic,2015,Jacksonville
43,3/6/2016,1.83,2650.60,1984.85,111.88,17.21,organic,2016,Jacksonville
43,3/8/2015,1.81,2221.57,1300.23,53.20,18.14,organic,2015,Jacksonville
25,7/12/2015,1.91,3753.82,1209.16,47.86,18.23,organic,2015,Jacksonville
4,12/6/2015,1.76,2080.56,1762.15,43.10,18.64,organic,2015,Jacksonville
5,11/27/2016,1.43,3212.61,287.21,55.43,18.87,organic,2016,Jacksonville
28,6/19/2016,1.71,3747.81,2375.35,118.56,20.57,organic,2016,Jacksonville
18,8/30/2015,1.93,2451.63,1209.01,51.63,20.65,organic,2015,Jacksonville
14,9/27/2015,2.31,1592.71,1229.36,49.36,20.66,organic,2015,Jacksonville
38,4/12/2015,1.89,1890.99,1407.49,56.10,20.73,organic,2015,Jacksonville
50,1/22/2017,1.23,4964.50,296.30,67.34,20.81,organic,2017,Jacksonville
44,2/28/2016,1.80,2362.13,1675.73,82.21,20.86,organic,2016,Jacksonville
31,5/31/2015,1.83,2053.94,1343.65,17.59,22.28,organic,2015,Jacksonville
20,8/14/2016,2.10,3471.82,2096.45,184.98,23.72,organic,2016,Jacksonville
51,1/10/2016,1.76,2737.65,1732.15,78.13,24.04,organic,2016,Jacksonville
6,11/22/2015,1.90,1640.06,1257.57,41.57,24.25,organic,2015,Jacksonville
23,7/26/2015,1.83,2841.57,1275.61,44.38,25.03,organic,2015,Jacksonville
21,8/9/2015,2.19,2058.04,1394.81,60.54,25.13,organic,2015,Jacksonville
19,8/23/2015,1.82,3056.14,1313.07,55.00,25.21,organic,2015,Jacksonville
27,6/26/2016,1.72,3794.29,2437.58,118.08,25.30,organic,2016,Jacksonville
44,3/1/2015,1.75,2076.28,1007.45,30.16,25.34,organic,2015,Jacksonville
40,3/27/2016,1.73,2778.43,1827.82,131.27,26.01,organic,2016,Jacksonville
12,10/11/2015,2.11,2605.97,1536.09,43.53,26.35,organic,2015,Jacksonville
22,8/2/2015,2.21,1979.87,1338.04,61.55,27.35,organic,2015,Jacksonville
1,12/27/2015,1.82,1754.98,1154.87,45.01,28.43,organic,2015,Jacksonville
41,3/22/2015,1.78,2186.64,1175.85,58.31,29.15,organic,2015,Jacksonville
35,5/3/2015,1.82,2078.99,1314.35,26.50,30.11,organic,2015,Jacksonville
36,4/26/2015,1.88,2003.04,1426.40,36.35,30.29,organic,2015,Jacksonville
42,3/15/2015,1.86,1891.49,1284.83,60.60,32.73,organic,2015,Jacksonville
23,7/24/2016,2.17,4109.11,2932.78,193.15,33.18,organic,2016,Jacksonville
34,5/10/2015,1.81,2281.85,1296.22,45.46,33.50,organic,2015,Jacksonville
24,7/19/2015,1.63,3597.52,1209.37,23.85,34.07,organic,2015,Jacksonville
22,7/31/2016,1.92,3706.68,1943.32,112.23,37.80,organic,2016,Jacksonville
24,7/17/2016,2.11,3794.69,2538.40,191.36,41.60,organic,2016,Jacksonville
39,4/5/2015,1.81,1885.90,1209.53,64.62,48.77,organic,2015,Jacksonville
21,8/7/2016,2.01,4141.49,2307.13,134.95,62.74,organic,2016,Jacksonville
33,5/17/2015,1.75,2470.94,1550.76,186.61,248.41,organic,2015,Jacksonville
