avocado (version 1).csv
0,Date,AveragePrice,Total Volume,4046,4225,4770,type,year,region
20,8/20/2017,1.63,150828.78,86428.56,13226.03,12.20,conventional,2017,Jacksonville
16,9/17/2017,1.73,141725.96,82016.13,13544.55,24.82,conventional,2017,Jacksonville
17,9/10/2017,1.77,117342.62,62701.34,11080.30,27.80,conventional,2017,Jacksonville
22,8/6/2017,1.44,148237.94,82275.37,12280.16,43.10,conventional,2017,Jacksonville
26,7/9/2017,1.42,161864.64,98757.83,14132.78,46.02,conventional,2017,Jacksonville
14,10/1/2017,2.00,128592.98,68330.79,14372.21,49.83,conventional,2017,Jacksonville
19,8/27/2017,1.63,138021.20,83466.70,12673.20,54.34,conventional,2017,Jacksonville
24,7/23/2017,1.44,172994.22,101545.19,14942.73,55.78,conventional,2017,Jacksonville
15,9/24/2017,1.82,130570.77,82615.31,12009.49,64.82,conventional,2017,Jacksonville
45,2/26/2017,1.16,172502.22,90291.99,20630.64,66.62,conventional,2017,Jacksonville
21,8/13/2017,1.49,171995.95,90069.37,14574.55,68.45,conventional,2017,Jacksonville
38,4/16/2017,1.46,151862.73,83664.62,16186.11,70.75,conventional,2017,Jacksonville
23,7/30/2017,1.43,157712.19,89089.69,13102.88,73.61,conventional,2017,Jacksonville
28,6/25/2017,1.36,180199.86,99600.41,16687.42,75.35,conventional,2017,Jacksonville
13,10/8/2017,1.79,152742.37,89903.47,10996.65,76.87,conventional,2017,Jacksonville
37,4/23/2017,1.47,156137.58,85993.83,16104.95,78.16,conventional,2017,Jacksonville
44,3/5/2017,1.56,134582.21,71350.35,16171.12,82.78,conventional,2017,Jacksonville
15,9/18/2016,1.05,175928.62,72171.22,27540.24,84.22,conventional,2016,Jacksonville
31,6/4/2017,1.46,178356.70,119654.85,16223.79,84.55,conventional,2017,Jacksonville
43,3/12/2017,1.55,146196.96,78256.68,17190.82,85.68,conventional,2017,Jacksonville
46,2/19/2017,1.23,139949.65,72634.25,18683.75,89.88,conventional,2017,Jacksonville
29,6/18/2017,1.45,151012.55,94578.34,12992.82,90.39,conventional,2017,Jacksonville
13,10/2/2016,1.31,159576.97,54429.42,29513.01,93.83,conventional,2016,Jacksonville
5,11/27/2016,1.36,111672.00,32944.90,18661.82,94.55,conventional,2016,Jacksonville
18,9/3/2017,1.88,147242.45,82573.64,14144.89,99.08,conventional,2017,Jacksonville
33,5/21/2017,1.44,155818.85,86716.20,14543.35,99.54,conventional,2017,Jacksonville
34,5/14/2017,1.47,148325.98,79945.48,12921.51,99.81,conventional,2017,Jacksonville
25,7/16/2017,1.48,160177.18,88735.04,14194.77,102.81,conventional,2017,Jacksonville
2,12/18/2016,0.84,162502.30,49886.69,27329.12,104.17,conventional,2016,Jacksonville
18,8/28/2016,1.14,177300.14,90634.98,32154.69,113.13,conventional,2016,Jacksonville
32,5/28/2017,1.43,181588.22,96509.06,15848.55,115.43,conventional,2017,Jacksonville
36,4/30/2017,1.26,240227.67,150982.37,24978.55,121.15,conventional,2017,Jacksonville
30,6/11/2017,1.43,193088.40,119698.07,15932.56,121.45,conventional,2017,Jacksonville
27,7/2/2017,1.41,189413.48,113926.84,18894.24,122.11,conventional,2017,Jacksonville
41,3/26/2017,1.62,149813.32,81656.27,16051.23,125.48,conventional,2017,Jacksonville
3,12/11/2016,1.17,116052.47,33585.82,18098.36,126.93,conventional,2016,Jacksonville
4,12/4/2016,0.89,206009.55,63726.26,35344.04,132.58,conventional,2016,Jacksonville
36,4/24/2016,0.80,267225.58,104786.41,61113.12,134.35,conventional,2016,Jacksonville
12,10/15/2017,1.76,137503.61,75857.38,10193.63,137.38,conventional,2017,Jacksonville
39,4/9/2017,1.50,151364.03,81448.74,17365.30,142.56,conventional,2017,Jacksonville
12,10/9/2016,1.31,135520.48,43060.49,35355.69,143.93,conventional,2016,Jacksonville
14,9/25/2016,1.26,158194.10,58289.90,21092.67,145.41,conventional,2016,Jacksonville
16,9/11/2016,1.10,150295.99,70095.71,23109.94,148.82,conventional,2016,Jacksonville
52,1/8/2017,1.15,141693.33,47783.40,23081.48,148.91,conventional,2017,Jacksonville
39,4/3/2016,1.01,181662.16,84765.99,27201.22,149.61,conventional,2016,Jacksonville
17,9/4/2016,0.94,239246.03,128269.25,34369.64,158.30,conventional,2016,Jacksonville
42,3/19/2017,1.56,138402.06,72614.47,15206.97,167.14,conventional,2017,Jacksonville
40,4/2/2017,1.64,149669.60,84324.85,16423.70,171.97,conventional,2017,Jacksonville
37,4/17/2016,1.00,184827.45,88552.52,31279.51,185.37,conventional,2016,Jacksonville
51,1/15/2017,1.16,191122.29,80023.35,30493.69,188.02,conventional,2017,Jacksonville
19,8/21/2016,1.11,189700.13,90679.27,36441.11,188.93,conventional,2016,Jacksonville
6,11/20/2016,1.36,117495.72,35506.80,19385.22,192.20,conventional,2016,Jacksonville
6,11/26/2017,1.42,120001.00,65331.00,7096.00,195.00,conventional,2017,Jacksonville
38,4/10/2016,0.80,261081.39,106314.87,54201.27,196.31,conventional,2016,Jacksonville
3,12/13/2015,0.96,140036.16,100533.31,8913.72,199.12,conventional,2015,Jacksonville
9,10/30/2016,1.41,115122.47,38168.39,20158.77,206.84,conventional,2016,Jacksonville
1,12/25/2016,0.81,187804.02,70779.81,31213.64,208.24,conventional,2016,Jacksonville
45,2/21/2016,1.01,141335.89,63676.54,22329.28,211.65,conventional,2016,Jacksonville
10,10/23/2016,1.35,119840.12,42784.97,22755.49,212.19,conventional,2016,Jacksonville
7,11/13/2016,1.31,140702.87,51958.36,22430.56,212.95,conventional,2016,Jacksonville
44,2/28/2016,0.77,253489.72,108080.92,43494.21,217.74,conventional,2016,Jacksonville
20,8/14/2016,1.11,206617.11,98779.51,43133.24,217.88,conventional,2016,Jacksonville
35,5/7/2017,1.13,268808.12,155607.42,26574.54,224.12,conventional,2017,Jacksonville
11,10/16/2016,1.12,157329.41,48624.65,36096.39,228.23,conventional,2016,Jacksonville
9,11/5/2017,1.48,131679.37,74308.60,8741.26,234.92,conventional,2017,Jacksonville
49,1/29/2017,1.11,206654.98,87623.67,29999.87,236.88,conventional,2017,Jacksonville
8,11/12/2017,1.33,154511.00,85332.00,9938.00,237.00,conventional,2017,Jacksonville
2,12/20/2015,1.19,95935.66,63053.15,6544.15,241.09,conventional,2015,Jacksonville
35,5/1/2016,0.68,370646.01,169412.40,70592.24,248.56,conventional,2016,Jacksonville
48,1/31/2016,1.04,151247.03,76816.44,21968.91,256.10,conventional,2016,Jacksonville
4,12/10/2017,1.01,181425.66,95942.65,11557.82,257.60,conventional,2017,Jacksonville
11,10/22/2017,1.56,152418.64,89649.03,11079.10,260.69,conventional,2017,Jacksonville
10,10/29/2017,1.17,193936.80,108447.00,13949.40,264.49,conventional,2017,Jacksonville
5,11/29/2015,0.96,121236.54,85341.93,7840.61,266.31,conventional,2015,Jacksonville
41,3/20/2016,1.07,140301.04,59970.41,26015.08,269.21,conventional,2016,Jacksonville
5,12/3/2017,1.26,152697.00,87017.00,9779.00,273.00,conventional,2017,Jacksonville
51,1/10/2016,0.95,181584.67,122360.29,10625.30,273.06,conventional,2016,Jacksonville
33,5/15/2016,0.79,257370.46,98256.73,59901.50,275.59,conventional,2016,Jacksonville
1,12/31/2017,1.12,206562.78,115793.69,14230.19,277.37,conventional,2017,Jacksonville
34,5/8/2016,0.80,224519.56,113354.85,34526.39,280.48,conventional,2016,Jacksonville
3,12/17/2017,0.99,176847.28,98660.32,11261.09,288.18,conventional,2017,Jacksonville
8,11/6/2016,1.41,127895.28,43990.00,21710.64,289.79,conventional,2016,Jacksonville
6,11/22/2015,0.98,115300.79,77130.61,8054.18,301.94,conventional,2015,Jacksonville
50,1/17/2016,1.21,118230.86,73496.53,9811.14,302.25,conventional,2016,Jacksonville
0,1/1/2017,0.81,263730.05,94909.67,46910.39,302.55,conventional,2017,Jacksonville
7,11/19/2017,1.21,155729.00,84638.00,10606.00,306.00,conventional,2017,Jacksonville
2,12/24/2017,1.38,127181.54,67108.80,8048.69,314.00,conventional,2017,Jacksonville
42,3/13/2016,0.81,241653.71,103139.77,47856.70,316.39,conventional,2016,Jacksonville
21,8/7/2016,1.23,151751.97,70054.07,30914.44,331.08,conventional,2016,Jacksonville
11,1/14/2018,1.41,182389.99,105265.46,11039.81,332.17,conventional,2018,Jacksonville
47,2/12/2017,0.90,216367.38,107196.49,33548.36,348.06,conventional,2017,Jacksonville
32,5/22/2016,1.17,160652.39,83011.39,27437.92,356.55,conventional,2016,Jacksonville
48,2/5/2017,0.74,398543.91,191954.42,65200.84,357.77,conventional,2017,Jacksonville
47,2/8/2015,1.21,91840.75,62181.18,9886.68,375.65,conventional,2015,Jacksonville
50,1/22/2017,0.91,246514.81,75808.70,50763.51,376.72,conventional,2017,Jacksonville
46,2/14/2016,0.95,151724.07,74835.50,23877.54,377.48,conventional,2016,Jacksonville
0,1/7/2018,1.20,197919.40,116008.83,13934.03,395.16,conventional,2018,Jacksonville
9,1/28/2018,1.33,188556.57,103226.13,11072.20,397.94,conventional,2018,Jacksonville
40,3/27/2016,1.06,158322.64,70255.18,27911.77,402.32,conventional,2016,Jacksonville
6,2/18/2018,1.31,185003.97,103477.92,10571.97,409.49,conventional,2018,Jacksonville
8,11/8/2015,1.25,94495.69,62219.27,7707.94,411.40,conventional,2015,Jacksonville
24,7/17/2016,1.22,165453.60,77112.26,34464.53,413.30,conventional,2016,Jacksonville
5,2/25/2018,1.27,194729.14,103082.90,11763.72,428.58,conventional,2018,Jacksonville
3,3/11/2018,1.16,227714.50,126052.23,12557.63,439.09,conventional,2018,Jacksonville
22,7/31/2016,1.23,152777.16,67403.11,31854.30,440.28,conventional,2016,Jacksonville
10,1/21/2018,1.14,231285.04,137389.34,14033.79,444.84,conventional,2018,Jacksonville
15,9/20/2015,0.99,157688.29,97864.33,21665.96,447.77,conventional,2015,Jacksonville
2,3/18/2018,1.12,234236.46,125894.69,13198.70,449.65,conventional,2018,Jacksonville
16,9/13/2015,1.24,102870.89,55192.87,19471.72,461.14,conventional,2015,Jacksonville
0,1/4/2015,0.97,153506.84,105203.79,19147.78,468.70,conventional,2015,Jacksonville
49,1/24/2016,0.93,192194.31,116713.78,18557.48,473.07,conventional,2016,Jacksonville
8,2/4/2018,0.96,365637.29,206007.07,24133.66,480.95,conventional,2018,Jacksonville
0,1/3/2016,1.09,148599.47,103296.40,8714.57,487.53,conventional,2016,Jacksonville
23,7/24/2016,1.21,156316.92,69899.17,39377.77,493.57,conventional,2016,Jacksonville
43,3/6/2016,1.06,155654.59,71185.02,26487.57,503.38,conventional,2016,Jacksonville
50,1/18/2015,1.27,99496.16,57479.20,16442.71,513.69,conventional,2015,Jacksonville
1,12/27/2015,0.99,132982.84,91470.46,7688.79,514.70,conventional,2015,Jacksonville
4,3/4/2018,1.12,229905.22,129813.08,12471.80,516.79,conventional,2018,Jacksonville
7,2/11/2018,0.99,234557.28,134245.82,14759.96,521.63,conventional,2018,Jacksonville
49,1/25/2015,1.20,109940.55,66985.59,14505.13,523.89,conventional,2015,Jacksonville
33,5/17/2015,1.22,120930.26,81751.17,8351.79,524.46,conventional,2015,Jacksonville
51,1/11/2015,1.20,99757.17,57635.74,17025.48,529.41,conventional,2015,Jacksonville
13,10/4/2015,0.99,153146.21,102479.00,13922.67,537.65,conventional,2015,Jacksonville
1,3/25/2018,1.30,183489.03,97376.71,9226.39,569.02,conventional,2018,Jacksonville
44,3/1/2015,1.01,167254.64,121358.37,13685.85,570.69,conventional,2015,Jacksonville
25,7/12/2015,1.22,110964.60,62590.29,18465.56,584.22,conventional,2015,Jacksonville
47,2/7/2016,0.54,369757.62,191441.47,57532.08,594.02,conventional,2016,Jacksonville
36,4/26/2015,1.21,127939.11,87231.57,9218.89,595.04,conventional,2015,Jacksonville
46,2/15/2015,1.24,105176.25,70695.14,9457.72,595.88,conventional,2015,Jacksonville
41,3/22/2015,0.96,185570.06,136390.88,13642.52,613.36,conventional,2015,Jacksonville
31,5/31/2015,1.24,128105.43,86553.01,7980.50,615.86,conventional,2015,Jacksonville
23,7/26/2015,1.25,112997.27,69032.32,19637.03,619.03,conventional,2015,Jacksonville
34,5/10/2015,1.24,125605.25,85005.28,8543.63,625.50,conventional,2015,Jacksonville
38,4/12/2015,0.99,180970.46,132039.44,13392.51,645.10,conventional,2015,Jacksonville
24,7/19/2015,1.00,173741.30,111744.79,24068.98,647.13,conventional,2015,Jacksonville
37,4/19/2015,1.17,124795.93,81015.05,8893.31,650.56,conventional,2015,Jacksonville
18,8/30/2015,1.26,116109.00,64015.75,19572.08,657.28,conventional,2015,Jacksonville
21,8/9/2015,0.99,188720.77,121358.64,22750.53,668.99,conventional,2015,Jacksonville
25,7/10/2016,1.19,164680.49,78117.56,34028.17,680.44,conventional,2016,Jacksonville
20,8/16/2015,1.25,107523.14,60507.19,16156.31,697.22,conventional,2015,Jacksonville
4,12/6/2015,1.19,93337.13,65041.02,7716.82,703.20,conventional,2015,Jacksonville
30,6/7/2015,0.98,190396.80,132109.76,13656.80,710.02,conventional,2015,Jacksonville
19,8/23/2015,1.25,111825.39,60641.90,19269.77,731.09,conventional,2015,Jacksonville
43,3/8/2015,1.24,112487.20,77300.18,8997.99,745.39,conventional,2015,Jacksonville
27,6/26/2016,1.19,159128.77,75055.08,31811.71,748.85,conventional,2016,Jacksonville
22,8/2/2015,1.24,112332.05,63302.99,19717.01,759.06,conventional,2015,Jacksonville
30,6/5/2016,0.95,221144.08,124676.22,32124.30,784.20,conventional,2016,Jacksonville
10,10/25/2015,1.22,98097.37,61125.82,8956.16,796.53,conventional,2015,Jacksonville
11,10/18/2015,1.25,92599.79,57713.02,9666.15,834.92,conventional,2015,Jacksonville
39,4/5/2015,1.10,146744.37,105691.56,11012.21,848.18,conventional,2015,Jacksonville
40,3/29/2015,1.20,109050.11,74529.93,8432.63,861.41,conventional,2015,Jacksonville
27,6/28/2015,1.16,135739.94,78066.95,19522.69,866.73,conventional,2015,Jacksonville
31,5/29/2016,0.92,242168.85,141300.92,36410.66,981.98,conventional,2016,Jacksonville
29,6/12/2016,1.20,151428.59,75763.72,28484.78,982.71,conventional,2016,Jacksonville
9,11/1/2015,0.97,162559.72,110439.42,11892.01,995.43,conventional,2015,Jacksonville
7,11/15/2015,1.25,90999.05,57764.90,7319.36,998.99,conventional,2015,Jacksonville
42,3/15/2015,1.27,110128.66,76237.55,8987.99,999.80,conventional,2015,Jacksonville
14,9/27/2015,1.27,92325.73,52301.92,14641.98,1047.02,conventional,2015,Jacksonville
32,5/24/2015,1.00,195410.86,139484.96,13258.26,1049.26,conventional,2015,Jacksonville
26,7/3/2016,0.93,272150.68,137102.40,48698.98,1134.71,conventional,2016,Jacksonville
28,6/21/2015,0.95,192111.32,118742.11,23814.65,1147.34,conventional,2015,Jacksonville
26,7/5/2015,0.95,211960.25,132207.91,27446.00,1193.27,conventional,2015,Jacksonville
12,10/11/2015,0.99,141875.20,93556.40,12101.67,1201.18,conventional,2015,Jacksonville
48,2/1/2015,0.92,237910.63,171139.21,22525.96,1299.60,conventional,2015,Jacksonville
35,5/3/2015,0.96,254514.32,185046.86,16450.96,1347.25,conventional,2015,Jacksonville
45,2/22/2015,1.10,121048.70,79840.95,10684.39,1447.09,conventional,2015,Jacksonville
28,6/19/2016,0.94,226775.36,115507.75,41557.30,1508.69,conventional,2016,Jacksonville
17,9/6/2015,0.98,179837.71,109912.85,23440.35,1561.01,conventional,2015,Jacksonville
29,6/14/2015,1.20,129526.61,72175.96,13979.81,2356.55,conventional,2015,Jacksonville
