avocado (version 1).csv
0,Date,AveragePrice,Total Volume,4046,4225,4770,type,year,region
12,10/15/2017,1.45,202735.87,57479.41,76990.78,60.64,conventional,2017,Las Vegas
14,10/1/2017,1.61,189529.26,58261.77,67847.94,62.85,conventional,2017,Las Vegas
15,9/24/2017,1.61,192284.92,59560.00,62383.75,66.23,conventional,2017,Las Vegas
13,10/8/2017,1.64,195455.06,62574.22,60756.44,75.85,conventional,2017,Las Vegas
16,9/17/2017,1.58,201028.75,64271.49,63852.15,109.31,conventional,2017,Las Vegas
11,10/22/2017,1.37,204094.51,61741.10,74165.15,682.14,conventional,2017,Las Vegas
33,5/15/2016,0.86,317621.52,131370.13,107124.85,1468.26,conventional,2016,Las Vegas
10,10/29/2017,1.29,243340.40,56224.61,94603.45,3515.00,conventional,2017,Las Vegas
33,5/17/2015,0.95,279843.22,144311.49,84178.93,3609.37,conventional,2015,Las Vegas
29,6/14/2015,0.88,389599.87,145932.79,161219.75,3768.89,conventional,2015,Las Vegas
46,2/15/2015,1.12,255465.26,101363.74,111729.04,3869.22,conventional,2015,Las Vegas
49,1/25/2015,1.06,249509.99,114584.67,98937.17,3874.78,conventional,2015,Las Vegas
6,11/22/2015,0.98,215985.17,87241.86,91574.86,3926.84,conventional,2015,Las Vegas
3,12/17/2017,1.03,267987.97,62937.38,102137.37,3955.11,conventional,2017,Las Vegas
14,9/27/2015,0.97,272925.76,63209.79,170341.44,4057.49,conventional,2015,Las Vegas
28,6/21/2015,0.90,338638.80,128876.23,126683.91,4219.33,conventional,2015,Las Vegas
38,4/12/2015,0.76,369817.99,245368.93,69484.66,4229.89,conventional,2015,Las Vegas
48,2/1/2015,0.94,370223.11,144461.66,185057.29,4255.15,conventional,2015,Las Vegas
34,5/10/2015,0.98,325085.14,148053.33,117101.65,4266.19,conventional,2015,Las Vegas
6,11/26/2017,1.16,205033.00,52245.00,75503.00,4316.00,conventional,2017,Las Vegas
27,6/28/2015,1.01,293408.89,138921.52,86492.67,4334.64,conventional,2015,Las Vegas
5,12/3/2017,1.01,315521.00,66925.00,127968.00,4488.00,conventional,2017,Las Vegas
19,8/23/2015,1.06,261084.13,131414.80,84541.60,4561.64,conventional,2015,Las Vegas
32,5/24/2015,0.98,293059.10,152869.01,83857.08,4566.03,conventional,2015,Las Vegas
0,1/4/2015,0.80,317861.35,134003.07,120628.37,4591.23,conventional,2015,Las Vegas
47,2/8/2015,1.01,318770.67,108258.88,162192.25,4610.86,conventional,2015,Las Vegas
7,11/15/2015,0.95,247795.44,100856.23,106817.36,4614.58,conventional,2015,Las Vegas
11,10/18/2015,0.91,279364.03,108979.09,126743.26,4681.66,conventional,2015,Las Vegas
45,2/22/2015,1.16,242732.32,98669.04,103066.30,4731.85,conventional,2015,Las Vegas
2,12/20/2015,0.96,232294.71,96355.05,77086.11,4749.61,conventional,2015,Las Vegas
4,12/10/2017,1.03,288441.17,65071.68,94140.95,4760.32,conventional,2017,Las Vegas
5,11/27/2016,0.86,255656.46,104641.27,41992.71,4857.37,conventional,2016,Las Vegas
50,1/18/2015,1.06,233186.09,100191.96,94930.69,4887.89,conventional,2015,Las Vegas
3,12/13/2015,0.95,216119.35,101042.61,68490.51,4942.71,conventional,2015,Las Vegas
1,12/27/2015,0.83,292707.14,135799.94,93317.46,4977.64,conventional,2015,Las Vegas
24,7/19/2015,1.03,269642.38,131325.70,78566.88,5011.33,conventional,2015,Las Vegas
7,2/11/2018,0.90,433809.84,89138.42,145487.36,5018.60,conventional,2018,Las Vegas
25,7/12/2015,1.02,277827.44,136319.06,83225.67,5024.08,conventional,2015,Las Vegas
36,4/26/2015,0.88,334718.74,133307.70,132942.52,5032.11,conventional,2015,Las Vegas
9,11/5/2017,1.12,321534.28,57828.06,121041.61,5037.21,conventional,2017,Las Vegas
8,11/12/2017,1.06,291325.00,57132.00,110255.00,5043.00,conventional,2017,Las Vegas
12,10/9/2016,1.16,276030.70,121482.16,40083.06,5060.68,conventional,2016,Las Vegas
15,9/20/2015,0.97,284247.20,70945.65,163822.19,5225.21,conventional,2015,Las Vegas
5,11/29/2015,0.95,205476.61,88653.67,81160.21,5227.59,conventional,2015,Las Vegas
30,6/7/2015,1.02,335693.08,146782.32,112611.12,5234.25,conventional,2015,Las Vegas
15,9/18/2016,1.12,278479.43,117939.47,57221.40,5318.75,conventional,2016,Las Vegas
9,1/28/2018,1.04,348153.29,70883.01,109999.79,5322.27,conventional,2018,Las Vegas
4,12/4/2016,0.91,315048.80,93963.93,56502.76,5327.06,conventional,2016,Las Vegas
43,3/8/2015,1.01,291046.81,114868.10,132275.90,5339.34,conventional,2015,Las Vegas
11,10/16/2016,1.08,315743.92,88625.10,51473.72,5356.91,conventional,2016,Las Vegas
7,11/19/2017,1.13,234265.00,60519.00,77336.00,5388.00,conventional,2017,Las Vegas
8,11/8/2015,0.92,237248.22,119810.22,74648.59,5456.06,conventional,2015,Las Vegas
13,10/4/2015,0.97,269072.20,69916.72,154943.93,5551.93,conventional,2015,Las Vegas
16,9/11/2016,0.89,378865.38,200297.27,70912.09,5572.58,conventional,2016,Las Vegas
6,11/20/2016,1.12,237141.08,94282.84,29776.10,5608.22,conventional,2016,Las Vegas
41,3/22/2015,0.90,311228.44,151597.02,115109.24,5684.01,conventional,2015,Las Vegas
19,8/21/2016,1.00,302708.43,141809.13,50486.50,5836.08,conventional,2016,Las Vegas
17,9/4/2016,1.03,335179.78,158224.33,69349.24,5841.12,conventional,2016,Las Vegas
13,10/2/2016,1.22,246512.99,93430.04,45096.89,5876.68,conventional,2016,Las Vegas
42,3/15/2015,1.07,261650.41,112120.65,108345.08,5897.76,conventional,2015,Las Vegas
14,9/25/2016,1.20,242299.74,98373.06,44921.80,5906.75,conventional,2016,Las Vegas
17,9/10/2017,1.49,215393.25,116267.62,26602.41,5997.25,conventional,2017,Las Vegas
8,2/4/2018,0.88,512982.73,80027.98,212174.53,6000.36,conventional,2018,Las Vegas
1,12/31/2017,1.04,291922.57,57663.71,111439.26,6018.29,conventional,2017,Las Vegas
35,5/3/2015,0.94,406840.38,146068.11,188533.85,6101.01,conventional,2015,Las Vegas
51,1/10/2016,0.83,309217.44,118958.86,110549.87,6133.63,conventional,2016,Las Vegas
49,1/24/2016,1.08,158978.46,9727.38,81835.15,6141.39,conventional,2016,Las Vegas
18,8/28/2016,1.03,288423.36,123739.64,56927.33,6192.15,conventional,2016,Las Vegas
39,4/5/2015,0.81,360356.29,226614.58,76597.83,6194.31,conventional,2015,Las Vegas
18,9/3/2017,1.53,204091.69,95445.95,29557.08,6208.57,conventional,2017,Las Vegas
6,2/18/2018,1.13,325042.62,60956.79,107433.65,6230.52,conventional,2018,Las Vegas
2,12/24/2017,1.24,234520.01,63831.10,66599.45,6232.61,conventional,2017,Las Vegas
22,8/2/2015,1.09,272441.01,137413.89,79606.69,6250.99,conventional,2015,Las Vegas
10,1/21/2018,1.05,364155.28,78984.26,100813.61,6256.28,conventional,2018,Las Vegas
26,7/5/2015,1.05,332735.24,147937.64,100709.15,6281.59,conventional,2015,Las Vegas
38,4/10/2016,0.87,354098.37,151862.79,91833.73,6305.12,conventional,2016,Las Vegas
25,7/16/2017,1.22,299858.79,131681.44,54114.55,6343.20,conventional,2017,Las Vegas
45,2/21/2016,0.83,337403.05,121214.86,124295.71,6447.94,conventional,2016,Las Vegas
1,3/25/2018,1.01,382746.42,76054.73,122475.03,6496.13,conventional,2018,Las Vegas
4,3/4/2018,1.05,371269.22,83041.34,107504.82,6520.79,conventional,2018,Las Vegas
37,4/17/2016,0.81,379464.47,143900.70,110596.26,6531.44,conventional,2016,Las Vegas
19,8/27/2017,1.48,203947.90,107288.21,26219.44,6548.22,conventional,2017,Las Vegas
30,6/11/2017,0.99,374211.54,158132.02,51454.31,6562.63,conventional,2017,Las Vegas
5,2/25/2018,1.05,352533.59,76253.45,109855.16,6642.99,conventional,2018,Las Vegas
28,6/25/2017,1.03,362489.51,130867.46,49034.77,6653.42,conventional,2017,Las Vegas
24,7/23/2017,1.28,296887.44,114294.17,62879.45,6655.76,conventional,2017,Las Vegas
7,11/13/2016,1.10,259546.55,114475.73,32698.74,6683.00,conventional,2016,Las Vegas
36,4/30/2017,0.95,359011.13,113104.90,65026.20,6704.04,conventional,2017,Las Vegas
29,6/18/2017,1.01,357696.04,133507.85,55577.57,6723.34,conventional,2017,Las Vegas
43,3/6/2016,0.91,311402.83,139919.03,86200.19,6809.69,conventional,2016,Las Vegas
42,3/13/2016,0.79,344613.01,130879.58,109512.41,6824.10,conventional,2016,Las Vegas
21,8/13/2017,1.18,323793.98,100523.04,68158.20,6825.44,conventional,2017,Las Vegas
3,12/11/2016,0.83,339328.92,83682.89,55352.63,6832.20,conventional,2016,Las Vegas
46,2/19/2017,0.93,318600.59,135001.70,40837.72,6859.46,conventional,2017,Las Vegas
39,4/3/2016,0.84,298710.72,158984.19,62625.80,6877.48,conventional,2016,Las Vegas
50,1/22/2017,0.79,382850.78,133276.27,64435.68,6954.72,conventional,2017,Las Vegas
18,8/30/2015,1.09,284309.17,114660.27,124423.82,6958.54,conventional,2015,Las Vegas
20,8/14/2016,1.08,295535.64,129727.70,53954.55,6997.80,conventional,2016,Las Vegas
2,3/18/2018,1.17,311526.49,76056.35,92588.91,7007.47,conventional,2018,Las Vegas
21,8/7/2016,1.11,311533.30,144862.85,57549.16,7063.01,conventional,2016,Las Vegas
2,12/18/2016,0.81,297506.24,88443.43,49295.62,7072.79,conventional,2016,Las Vegas
40,3/27/2016,0.85,314268.27,155872.97,72324.40,7121.62,conventional,2016,Las Vegas
22,8/6/2017,1.30,283779.47,114985.35,53059.42,7126.40,conventional,2017,Las Vegas
17,9/6/2015,1.02,311124.27,123361.73,128141.12,7149.50,conventional,2015,Las Vegas
9,10/30/2016,1.16,223089.05,79018.69,31778.97,7157.69,conventional,2016,Las Vegas
22,7/31/2016,1.17,284566.03,125462.80,54745.00,7320.39,conventional,2016,Las Vegas
46,2/14/2016,0.79,371467.52,144507.48,110749.56,7330.96,conventional,2016,Las Vegas
20,8/20/2017,1.26,261684.23,109201.66,44715.50,7342.47,conventional,2017,Las Vegas
23,7/30/2017,1.29,288905.90,113471.56,46394.92,7351.15,conventional,2017,Las Vegas
45,2/26/2017,0.89,325905.13,97278.06,57129.17,7364.63,conventional,2017,Las Vegas
34,5/14/2017,0.98,399525.37,125448.07,75420.31,7459.78,conventional,2017,Las Vegas
40,3/29/2015,0.84,354048.59,194240.37,104621.47,7463.43,conventional,2015,Las Vegas
24,7/17/2016,1.08,283074.00,118910.27,52023.77,7495.98,conventional,2016,Las Vegas
0,1/7/2018,1.05,345809.34,78921.42,113033.07,7515.77,conventional,2018,Las Vegas
23,7/24/2016,1.15,283863.44,110868.68,58714.33,7525.31,conventional,2016,Las Vegas
26,7/9/2017,0.99,399827.40,138190.07,54694.89,7591.71,conventional,2017,Las Vegas
1,12/25/2016,0.82,292038.68,107317.80,43301.69,7606.75,conventional,2016,Las Vegas
37,4/19/2015,0.82,336520.60,206745.02,66506.38,7618.69,conventional,2015,Las Vegas
51,1/15/2017,0.78,419687.35,118904.72,80217.63,7692.26,conventional,2017,Las Vegas
49,1/29/2017,0.93,309146.07,120542.24,45790.67,7716.20,conventional,2017,Las Vegas
25,7/10/2016,1.00,357786.69,153905.64,69545.22,7716.52,conventional,2016,Las Vegas
0,1/1/2017,0.77,363865.19,95268.03,75111.35,7736.95,conventional,2017,Las Vegas
20,8/16/2015,0.96,314774.36,110442.18,136169.01,7799.26,conventional,2015,Las Vegas
11,1/14/2018,1.16,322932.06,79986.22,96281.04,7841.07,conventional,2018,Las Vegas
35,5/7/2017,0.94,468975.91,160728.38,76426.47,7876.55,conventional,2017,Las Vegas
52,1/8/2017,0.81,411218.71,112947.03,77763.79,7983.56,conventional,2017,Las Vegas
3,3/11/2018,1.18,298805.55,61233.57,91407.22,8059.72,conventional,2018,Las Vegas
44,3/5/2017,0.96,345889.75,119711.85,49738.25,8076.53,conventional,2017,Las Vegas
36,4/24/2016,0.83,359872.46,125412.66,120811.35,8101.14,conventional,2016,Las Vegas
33,5/21/2017,1.02,356922.23,117366.67,63083.52,8122.78,conventional,2017,Las Vegas
47,2/12/2017,0.72,406866.03,128160.12,59930.14,8137.14,conventional,2017,Las Vegas
48,2/5/2017,0.54,680234.93,286395.34,121440.60,8149.22,conventional,2017,Las Vegas
8,11/6/2016,1.20,225301.45,84137.66,29997.69,8196.41,conventional,2016,Las Vegas
31,6/4/2017,1.05,376990.33,137454.97,53764.53,8227.13,conventional,2017,Las Vegas
31,5/31/2015,1.03,285741.48,134269.07,84841.82,8253.99,conventional,2015,Las Vegas
35,5/1/2016,0.85,363104.70,122124.69,115747.20,8420.15,conventional,2016,Las Vegas
27,7/2/2017,1.06,376795.81,129619.03,48964.77,8471.78,conventional,2017,Las Vegas
10,10/23/2016,1.13,254999.40,67268.17,48015.11,8491.64,conventional,2016,Las Vegas
23,7/26/2015,1.06,272267.50,137702.81,75823.92,8654.82,conventional,2015,Las Vegas
34,5/8/2016,0.83,427575.05,170359.46,144990.10,8687.46,conventional,2016,Las Vegas
39,4/9/2017,1.04,304603.84,115811.58,40245.44,8785.16,conventional,2017,Las Vegas
43,3/12/2017,0.99,315445.03,114790.55,38280.91,8807.29,conventional,2017,Las Vegas
21,8/9/2015,0.96,353118.24,117882.58,163299.76,8925.51,conventional,2015,Las Vegas
37,4/23/2017,0.84,439665.28,118344.17,81560.68,9126.91,conventional,2017,Las Vegas
42,3/19/2017,1.02,318004.24,111396.46,43301.14,9357.16,conventional,2017,Las Vegas
41,3/26/2017,1.02,325734.59,117623.43,43374.75,9405.35,conventional,2017,Las Vegas
26,7/3/2016,1.00,362136.80,135214.32,82726.73,9480.92,conventional,2016,Las Vegas
51,1/11/2015,0.93,274481.48,126092.05,101653.19,9591.88,conventional,2015,Las Vegas
38,4/16/2017,0.93,410849.51,119501.49,58233.45,9911.63,conventional,2017,Las Vegas
32,5/28/2017,1.06,364486.68,130568.12,50153.97,10114.51,conventional,2017,Las Vegas
47,2/7/2016,0.74,437746.54,191144.38,142489.45,10624.82,conventional,2016,Las Vegas
4,12/6/2015,0.89,244024.83,94777.64,107758.80,10794.34,conventional,2015,Las Vegas
28,6/19/2016,0.91,364254.89,164910.19,76172.67,11019.03,conventional,2016,Las Vegas
16,9/13/2015,0.88,346994.49,82171.46,179103.00,11064.14,conventional,2015,Las Vegas
40,4/2/2017,1.04,329722.62,118797.68,41149.92,11317.61,conventional,2017,Las Vegas
31,5/29/2016,0.89,391993.97,131708.14,115790.28,11869.51,conventional,2016,Las Vegas
27,6/26/2016,0.94,352406.76,130217.49,74316.76,12079.13,conventional,2016,Las Vegas
44,3/1/2015,1.05,293036.34,92829.75,151163.75,12440.57,conventional,2015,Las Vegas
50,1/17/2016,0.88,289298.37,108072.15,98543.78,12497.20,conventional,2016,Las Vegas
9,11/1/2015,0.99,230414.44,87202.70,94900.43,12912.69,conventional,2015,Las Vegas
30,6/5/2016,0.89,410770.75,156235.27,109763.53,13189.34,conventional,2016,Las Vegas
12,10/11/2015,0.94,268709.29,62866.32,155590.50,13357.96,conventional,2015,Las Vegas
41,3/20/2016,0.82,332283.27,127949.65,116701.74,13632.17,conventional,2016,Las Vegas
10,10/25/2015,0.98,245167.14,79873.47,115618.11,14217.03,conventional,2015,Las Vegas
44,2/28/2016,0.86,316563.55,122523.18,98920.90,14452.27,conventional,2016,Las Vegas
48,1/31/2016,0.92,285052.11,117236.18,87109.87,14509.71,conventional,2016,Las Vegas
32,5/22/2016,0.93,318913.34,122331.83,89286.71,15173.34,conventional,2016,Las Vegas
0,1/3/2016,0.80,332971.80,103710.64,138142.95,15505.49,conventional,2016,Las Vegas
29,6/12/2016,0.94,348022.24,146589.28,75379.07,18141.91,conventional,2016,Las Vegas
